Component: ARM Compiler 5.06 update 4 (build 422) Tool: armlink [4d35d2]

==============================================================================

Section Cross References

    main.o(i.advertising_init) refers to memseta.o(.text) for __aeabi_memclr4
    main.o(i.advertising_init) refers to ble_advertising.o(i.ble_advertising_init) for ble_advertising_init
    main.o(i.advertising_init) refers to app_error.o(i.app_error_handler) for app_error_handler
    main.o(i.advertising_init) refers to main.o(i.on_adv_evt) for on_adv_evt
    main.o(i.assert_nrf_callback) refers to app_error.o(i.app_error_handler) for app_error_handler
    main.o(i.ble_evt_dispatch) refers to device_manager_peripheral.o(i.dm_ble_evt_handler) for dm_ble_evt_handler
    main.o(i.ble_evt_dispatch) refers to ble_conn_params.o(i.ble_conn_params_on_ble_evt) for ble_conn_params_on_ble_evt
    main.o(i.ble_evt_dispatch) refers to bsp_btn_ble.o(i.bsp_btn_ble_on_ble_evt) for bsp_btn_ble_on_ble_evt
    main.o(i.ble_evt_dispatch) refers to main.o(i.on_ble_evt) for on_ble_evt
    main.o(i.ble_evt_dispatch) refers to ble_advertising.o(i.ble_advertising_on_ble_evt) for ble_advertising_on_ble_evt
    main.o(i.ble_stack_init) refers to softdevice_handler.o(i.softdevice_handler_init) for softdevice_handler_init
    main.o(i.ble_stack_init) refers to app_error.o(i.app_error_handler) for app_error_handler
    main.o(i.ble_stack_init) refers to softdevice_handler.o(i.softdevice_enable_get_default_config) for softdevice_enable_get_default_config
    main.o(i.ble_stack_init) refers to softdevice_handler.o(i.sd_check_ram_start) for sd_check_ram_start
    main.o(i.ble_stack_init) refers to softdevice_handler.o(i.softdevice_enable) for softdevice_enable
    main.o(i.ble_stack_init) refers to softdevice_handler.o(i.softdevice_ble_evt_handler_set) for softdevice_ble_evt_handler_set
    main.o(i.ble_stack_init) refers to softdevice_handler.o(i.softdevice_sys_evt_handler_set) for softdevice_sys_evt_handler_set
    main.o(i.ble_stack_init) refers to main.o(.constdata) for .constdata
    main.o(i.ble_stack_init) refers to main.o(.bss) for BLE_EVT_BUFFER
    main.o(i.ble_stack_init) refers to main.o(i.ble_evt_dispatch) for ble_evt_dispatch
    main.o(i.ble_stack_init) refers to main.o(i.sys_evt_dispatch) for sys_evt_dispatch
    main.o(i.bsp_event_handler) refers to main.o(i.sleep_mode_enter) for sleep_mode_enter
    main.o(i.bsp_event_handler) refers to app_error.o(i.app_error_handler) for app_error_handler
    main.o(i.bsp_event_handler) refers to ble_advertising.o(i.ble_advertising_restart_without_whitelist) for ble_advertising_restart_without_whitelist
    main.o(i.bsp_event_handler) refers to main.o(.data) for m_conn_handle
    main.o(i.buttons_leds_init) refers to bsp.o(i.bsp_init) for bsp_init
    main.o(i.buttons_leds_init) refers to app_error.o(i.app_error_handler) for app_error_handler
    main.o(i.buttons_leds_init) refers to bsp_btn_ble.o(i.bsp_btn_ble_init) for bsp_btn_ble_init
    main.o(i.buttons_leds_init) refers to main.o(i.bsp_event_handler) for bsp_event_handler
    main.o(i.conn_params_error_handler) refers to app_error.o(i.app_error_handler) for app_error_handler
    main.o(i.conn_params_init) refers to memseta.o(.text) for __aeabi_memclr4
    main.o(i.conn_params_init) refers to ble_conn_params.o(i.ble_conn_params_init) for ble_conn_params_init
    main.o(i.conn_params_init) refers to app_error.o(i.app_error_handler) for app_error_handler
    main.o(i.conn_params_init) refers to main.o(i.on_conn_params_evt) for on_conn_params_evt
    main.o(i.conn_params_init) refers to main.o(i.conn_params_error_handler) for conn_params_error_handler
    main.o(i.device_manager_evt_handler) refers to app_error.o(i.app_error_handler) for app_error_handler
    main.o(i.device_manager_init) refers to pstorage.o(i.pstorage_init) for pstorage_init
    main.o(i.device_manager_init) refers to app_error.o(i.app_error_handler) for app_error_handler
    main.o(i.device_manager_init) refers to device_manager_peripheral.o(i.dm_init) for dm_init
    main.o(i.device_manager_init) refers to memseta.o(.text) for __aeabi_memclr
    main.o(i.device_manager_init) refers to device_manager_peripheral.o(i.dm_register) for dm_register
    main.o(i.device_manager_init) refers to main.o(i.device_manager_evt_handler) for device_manager_evt_handler
    main.o(i.device_manager_init) refers to main.o(.data) for m_app_handle
    main.o(i.gap_params_init) refers to app_error.o(i.app_error_handler) for app_error_handler
    main.o(i.main) refers to main.o(i.timers_init) for timers_init
    main.o(i.main) refers to main.o(i.buttons_leds_init) for buttons_leds_init
    main.o(i.main) refers to main.o(i.ble_stack_init) for ble_stack_init
    main.o(i.main) refers to main.o(i.device_manager_init) for device_manager_init
    main.o(i.main) refers to main.o(i.gap_params_init) for gap_params_init
[...]
    gatts_context_store                      0x0001eb09   Thumb Code   204  device_manager_peripheral.o(i.gatts_context_store)
    i.gattsc_context_apply                   0x0001ebe4   Section        0  device_manager_peripheral.o(i.gattsc_context_apply)
    gattsc_context_apply                     0x0001ebe5   Thumb Code    26  device_manager_peripheral.o(i.gattsc_context_apply)
    i.gattsc_context_load                    0x0001ebfe   Section        0  device_manager_peripheral.o(i.gattsc_context_load)
    gattsc_context_load                      0x0001ebff   Thumb Code    30  device_manager_peripheral.o(i.gattsc_context_load)
    i.gattsc_context_store                   0x0001ec1c   Section        0  device_manager_peripheral.o(i.gattsc_context_store)
    gattsc_context_store                     0x0001ec1d   Thumb Code    30  device_manager_peripheral.o(i.gattsc_context_store)
    i.gpiote_event_handler                   0x0001ec3c   Section        0  app_button.o(i.gpiote_event_handler)
    gpiote_event_handler                     0x0001ec3d   Thumb Code   112  app_button.o(i.gpiote_event_handler)
    i.head_restore_state_run                 0x0001ecbc   Section        0  pstorage.o(i.head_restore_state_run)
    head_restore_state_run                   0x0001ecbd   Thumb Code    98  pstorage.o(i.head_restore_state_run)
    i.intern_softdevice_events_execute       0x0001ed2c   Section        0  softdevice_handler.o(i.intern_softdevice_events_execute)
    i.is_conn_params_ok                      0x0001edec   Section        0  ble_conn_params.o(i.is_conn_params_ok)
    is_conn_params_ok                        0x0001eded   Thumb Code    30  ble_conn_params.o(i.is_conn_params_ok)
    i.is_disabled_in_debug_needed            0x0001ee10   Section        0  system_nrf51.o(i.is_disabled_in_debug_needed)
    is_disabled_in_debug_needed              0x0001ee11   Thumb Code    52  system_nrf51.o(i.is_disabled_in_debug_needed)
    i.is_manual_peripheral_setup_needed      0x0001ee48   Section        0  system_nrf51.o(i.is_manual_peripheral_setup_needed)
    is_manual_peripheral_setup_needed        0x0001ee49   Thumb Code   104  system_nrf51.o(i.is_manual_peripheral_setup_needed)
    i.is_page_erase_required                 0x0001eeb4   Section        0  pstorage.o(i.is_page_erase_required)
    is_page_erase_required                   0x0001eeb5   Thumb Code    76  pstorage.o(i.is_page_erase_required)
    i.is_peripheral_domain_setup_needed      0x0001ef0c   Section        0  system_nrf51.o(i.is_peripheral_domain_setup_needed)
    is_peripheral_domain_setup_needed        0x0001ef0d   Thumb Code    78  system_nrf51.o(i.is_peripheral_domain_setup_needed)
    i.is_tail_data_page_swap_required        0x0001ef60   Section        0  pstorage.o(i.is_tail_data_page_swap_required)
    is_tail_data_page_swap_required          0x0001ef61   Thumb Code    68  pstorage.o(i.is_tail_data_page_swap_required)
    i.is_word_aligned                        0x0001efb0   Section        0  pstorage.o(i.is_word_aligned)
    is_word_aligned                          0x0001efb1   Thumb Code    18  pstorage.o(i.is_word_aligned)
    i.le_role_encode                         0x0001efc2   Section        0  ble_advdata.o(i.le_role_encode)
    le_role_encode                           0x0001efc3   Thumb Code   106  ble_advdata.o(i.le_role_encode)
    i.leds_timer_handler                     0x0001f02c   Section        0  bsp.o(i.leds_timer_handler)
    leds_timer_handler                       0x0001f02d   Thumb Code    26  bsp.o(i.leds_timer_handler)
    i.list_deletions_handler                 0x0001f050   Section        0  app_timer.o(i.list_deletions_handler)
    list_deletions_handler                   0x0001f051   Thumb Code   136  app_timer.o(i.list_deletions_handler)
    i.list_insertions_handler                0x0001f0e4   Section        0  app_timer.o(i.list_insertions_handler)
    list_insertions_handler                  0x0001f0e5   Thumb Code   248  app_timer.o(i.list_insertions_handler)
    i.main                                   0x0001f1f4   Section        0  main.o(i.main)
    i.main_state_err_busy_process            0x0001f258   Section        0  pstorage.o(i.main_state_err_busy_process)
    main_state_err_busy_process              0x0001f259   Thumb Code    24  pstorage.o(i.main_state_err_busy_process)
    i.manuf_specific_data_encode             0x0001f278   Section        0  ble_advdata.o(i.manuf_specific_data_encode)
    manuf_specific_data_encode               0x0001f279   Thumb Code   120  ble_advdata.o(i.manuf_specific_data_encode)
    i.name_encode                            0x0001f2f0   Section        0  ble_advdata.o(i.name_encode)
    name_encode                              0x0001f2f1   Thumb Code   198  ble_advdata.o(i.name_encode)
    i.no_service_context_apply               0x0001f3b6   Section        0  device_manager_peripheral.o(i.no_service_context_apply)
    no_service_context_apply                 0x0001f3b7   Thumb Code     6  device_manager_peripheral.o(i.no_service_context_apply)
    i.no_service_context_load                0x0001f3bc   Section        0  device_manager_peripheral.o(i.no_service_context_load)
    no_service_context_load                  0x0001f3bd   Thumb Code     6  device_manager_peripheral.o(i.no_service_context_load)
    i.no_service_context_store               0x0001f3c2   Section        0  device_manager_peripheral.o(i.no_service_context_store)
    no_service_context_store                 0x0001f3c3   Thumb Code     6  device_manager_peripheral.o(i.no_service_context_store)
    i.nrf_drv_common_irq_enable              0x0001f3c8   Section        0  nrf_drv_common.o(i.nrf_drv_common_irq_enable)
    i.nrf_drv_gpiote_in_event_enable         0x0001f400   Section        0  nrf_drv_gpiote.o(i.nrf_drv_gpiote_in_event_enable)
    i.nrf_drv_gpiote_in_init                 0x0001f4c8   Section        0  nrf_drv_gpiote.o(i.nrf_drv_gpiote_in_init)
    i.nrf_drv_gpiote_in_is_set               0x0001f5bc   Section        0  nrf_drv_gpiote.o(i.nrf_drv_gpiote_in_is_set)
    i.nrf_drv_gpiote_init                    0x0001f5dc   Section        0  nrf_drv_gpiote.o(i.nrf_drv_gpiote_init)
    i.nrf_drv_gpiote_is_init                 0x0001f62c   Section        0  nrf_drv_gpiote.o(i.nrf_drv_gpiote_is_init)
    i.nrf_gpio_cfg                           0x0001f640   Section        0  nrf_drv_gpiote.o(i.nrf_gpio_cfg)
    nrf_gpio_cfg                             0x0001f641   Thumb Code    38  nrf_drv_gpiote.o(i.nrf_gpio_cfg)
    i.nrf_gpio_cfg_sense_set                 0x0001f666   Section        0  nrf_drv_gpiote.o(i.nrf_gpio_cfg_sense_set)
    nrf_gpio_cfg_sense_set                   0x0001f667   Thumb Code    70  nrf_drv_gpiote.o(i.nrf_gpio_cfg_sense_set)
    i.nrf_gpiote_event_addr_get              0x0001f6ac   Section        0  nrf_drv_gpiote.o(i.nrf_gpiote_event_addr_get)
    nrf_gpiote_event_addr_get                0x0001f6ad   Thumb Code     8  nrf_drv_gpiote.o(i.nrf_gpiote_event_addr_get)
    i.nrf_gpiote_event_clear                 0x0001f6b8   Section        0  nrf_drv_gpiote.o(i.nrf_gpiote_event_clear)
    nrf_gpiote_event_clear                   0x0001f6b9   Thumb Code    16  nrf_drv_gpiote.o(i.nrf_gpiote_event_clear)
    i.nrf_gpiote_event_is_set                0x0001f6c8   Section        0  nrf_drv_gpiote.o(i.nrf_gpiote_event_is_set)
    nrf_gpiote_event_is_set                  0x0001f6c9   Thumb Code    22  nrf_drv_gpiote.o(i.nrf_gpiote_event_is_set)
    i.nrf_gpiote_int_enable                  0x0001f6e0   Section        0  nrf_drv_gpiote.o(i.nrf_gpiote_int_enable)
    nrf_gpiote_int_enable                    0x0001f6e1   Thumb Code     6  nrf_drv_gpiote.o(i.nrf_gpiote_int_enable)
    i.nrf_uart_errorsrc_get_and_clear        0x0001f6ec   Section        0  nrf_drv_uart.o(i.nrf_uart_errorsrc_get_and_clear)
    nrf_uart_errorsrc_get_and_clear          0x0001f6ed   Thumb Code    20  nrf_drv_uart.o(i.nrf_uart_errorsrc_get_and_clear)
    i.nrf_uart_event_check                   0x0001f700   Section        0  nrf_drv_uart.o(i.nrf_uart_event_check)
    nrf_uart_event_check                     0x0001f701   Thumb Code    16  nrf_drv_uart.o(i.nrf_uart_event_check)
    i.nrf_uart_event_clear                   0x0001f710   Section        0  nrf_drv_uart.o(i.nrf_uart_event_clear)
    nrf_uart_event_clear                     0x0001f711   Thumb Code     6  nrf_drv_uart.o(i.nrf_uart_event_clear)
    i.nrf_uart_int_disable                   0x0001f716   Section        0  nrf_drv_uart.o(i.nrf_uart_int_disable)
    nrf_uart_int_disable                     0x0001f717   Thumb Code    10  nrf_drv_uart.o(i.nrf_uart_int_disable)
    i.nrf_uart_int_enable_check              0x0001f720   Section        0  nrf_drv_uart.o(i.nrf_uart_int_enable_check)
    nrf_uart_int_enable_check                0x0001f721   Thumb Code    24  nrf_drv_uart.o(i.nrf_uart_int_enable_check)
    i.nrf_uart_task_trigger                  0x0001f738   Section        0  nrf_drv_uart.o(i.nrf_uart_task_trigger)
    nrf_uart_task_trigger                    0x0001f739   Thumb Code     6  nrf_drv_uart.o(i.nrf_uart_task_trigger)
    i.on_adv_evt                             0x0001f740   Section        0  main.o(i.on_adv_evt)
    on_adv_evt                               0x0001f741   Thumb Code    60  main.o(i.on_adv_evt)
    i.on_ble_evt                             0x0001f78c   Section        0  main.o(i.on_ble_evt)
    on_ble_evt                               0x0001f78d   Thumb Code    74  main.o(i.on_ble_evt)
    i.on_conn_params_evt                     0x0001f7ec   Section        0  main.o(i.on_conn_params_evt)
    on_conn_params_evt                       0x0001f7ed   Thumb Code    46  main.o(i.on_conn_params_evt)
    i.on_conn_params_update                  0x0001f830   Section        0  ble_conn_params.o(i.on_conn_params_update)
    on_conn_params_update                    0x0001f831   Thumb Code    20  ble_conn_params.o(i.on_conn_params_update)
    i.on_connect                             0x0001f848   Section        0  ble_conn_params.o(i.on_connect)
    on_connect                               0x0001f849   Thumb Code    42  ble_conn_params.o(i.on_connect)
    i.on_disconnect                          0x0001f884   Section        0  ble_conn_params.o(i.on_disconnect)
    on_disconnect                            0x0001f885   Thumb Code    50  ble_conn_params.o(i.on_disconnect)
    i.on_write                               0x0001f8c8   Section        0  ble_conn_params.o(i.on_write)
    on_write                                 0x0001f8c9   Thumb Code    84  ble_conn_params.o(i.on_write)
    i.our_char_add                           0x0001f924   Section        0  peggy_service.o(i.our_char_add)
    our_char_add                             0x0001f925   Thumb Code   328  peggy_service.o(i.our_char_add)
    i.our_service_init                       0x0001fa90   Section        0  peggy_service.o(i.our_service_init)
    i.peer_address_exists                    0x0001fb14   Section        0  ble_advertising.o(i.peer_address_exists)
    peer_address_exists                      0x0001fb15   Thumb Code    26  ble_advertising.o(i.peer_address_exists)
    i.peer_instance_init                     0x0001fb30   Section        0  device_manager_peripheral.o(i.peer_instance_init)
    peer_instance_init                       0x0001fb31   Thumb Code    84  device_manager_peripheral.o(i.peer_instance_init)
    i.pin_in_use_by_gpiote                   0x0001fb8c   Section        0  nrf_drv_gpiote.o(i.pin_in_use_by_gpiote)
    pin_in_use_by_gpiote                     0x0001fb8d   Thumb Code    22  nrf_drv_gpiote.o(i.pin_in_use_by_gpiote)
    i.pin_in_use_by_port                     0x0001fba8   Section        0  nrf_drv_gpiote.o(i.pin_in_use_by_port)
    pin_in_use_by_port                       0x0001fba9   Thumb Code    18  nrf_drv_gpiote.o(i.pin_in_use_by_port)
    i.pin_in_use_by_te                       0x0001fbc0   Section        0  nrf_drv_gpiote.o(i.pin_in_use_by_te)
    pin_in_use_by_te                         0x0001fbc1   Thumb Code    26  nrf_drv_gpiote.o(i.pin_in_use_by_te)
    i.pin_in_use_clear                       0x0001fbe0   Section        0  nrf_drv_gpiote.o(i.pin_in_use_clear)
    pin_in_use_clear                         0x0001fbe1   Thumb Code    10  nrf_drv_gpiote.o(i.pin_in_use_clear)
    i.power_manage                           0x0001fbf0   Section        0  main.o(i.power_manage)
    power_manage                             0x0001fbf1   Thumb Code    34  main.o(i.power_manage)
    i.pstorage_access_status_get             0x0001fc24   Section        0  pstorage.o(i.pstorage_access_status_get)
    i.pstorage_block_identifier_get          0x0001fc54   Section        0  pstorage.o(i.pstorage_block_identifier_get)
    i.pstorage_clear                         0x0001fcf8   Section        0  pstorage.o(i.pstorage_clear)
    i.pstorage_flash_page_end                0x0001fe10   Section        0  pstorage.o(i.pstorage_flash_page_end)
    pstorage_flash_page_end                  0x0001fe11   Thumb Code    36  pstorage.o(i.pstorage_flash_page_end)
    i.pstorage_flash_page_size               0x0001fe38   Section        0  pstorage.o(i.pstorage_flash_page_size)
    pstorage_flash_page_size                 0x0001fe39   Thumb Code    10  pstorage.o(i.pstorage_flash_page_size)
    i.pstorage_init                          0x0001fe44   Section        0  pstorage.o(i.pstorage_init)
    i.pstorage_load                          0x0001fecc   Section        0  pstorage.o(i.pstorage_load)
    i.pstorage_register                      0x0001ffc8   Section        0  pstorage.o(i.pstorage_register)
    i.pstorage_store                         0x000200e8   Section        0  pstorage.o(i.pstorage_store)
    i.pstorage_sys_event_handler             0x000201c8   Section        0  pstorage.o(i.pstorage_sys_event_handler)
    i.pstorage_update                        0x00020214   Section        0  pstorage.o(i.pstorage_update)
    i.rtc1_compare0_set                      0x000202f4   Section        0  app_timer.o(i.rtc1_compare0_set)
    rtc1_compare0_set                        0x000202f5   Thumb Code     6  app_timer.o(i.rtc1_compare0_set)
    i.rtc1_counter_get                       0x00020300   Section        0  app_timer.o(i.rtc1_counter_get)
    rtc1_counter_get                         0x00020301   Thumb Code     6  app_timer.o(i.rtc1_counter_get)
    i.rtc1_init                              0x0002030c   Section        0  app_timer.o(i.rtc1_init)
    rtc1_init                                0x0002030d   Thumb Code    18  app_timer.o(i.rtc1_init)
    i.rtc1_start                             0x00020324   Section        0  app_timer.o(i.rtc1_start)
    rtc1_start                               0x00020325   Thumb Code    48  app_timer.o(i.rtc1_start)
    i.rtc1_stop                              0x00020360   Section        0  app_timer.o(i.rtc1_stop)
    rtc1_stop                                0x00020361   Thumb Code    66  app_timer.o(i.rtc1_stop)
    i.rx_byte                                0x000203b8   Section        0  nrf_drv_uart.o(i.rx_byte)
    rx_byte                                  0x000203b9   Thumb Code    82  nrf_drv_uart.o(i.rx_byte)
    i.rx_done_event                          0x00020414   Section        0  nrf_drv_uart.o(i.rx_done_event)
    rx_done_event                            0x00020415   Thumb Code    30  nrf_drv_uart.o(i.rx_done_event)
    i.sd_check_ram_start                     0x00020438   Section        0  softdevice_handler.o(i.sd_check_ram_start)
    i.sd_nvic_EnableIRQ                      0x00020454   Section        0  softdevice_handler.o(i.sd_nvic_EnableIRQ)
    sd_nvic_EnableIRQ                        0x00020455   Thumb Code   188  softdevice_handler.o(i.sd_nvic_EnableIRQ)
    i.sec_mgr_oob_flags_encode               0x00020524   Section        0  ble_advdata.o(i.sec_mgr_oob_flags_encode)
    sec_mgr_oob_flags_encode                 0x00020525   Thumb Code    54  ble_advdata.o(i.sec_mgr_oob_flags_encode)
    i.service_data_encode                    0x0002055a   Section        0  ble_advdata.o(i.service_data_encode)
    service_data_encode                      0x0002055b   Thumb Code   150  ble_advdata.o(i.service_data_encode)
    i.services_init                          0x000205f0   Section        0  main.o(i.services_init)
    services_init                            0x000205f1   Thumb Code    10  main.o(i.services_init)
    i.sleep_mode_enter                       0x00020600   Section        0  main.o(i.sleep_mode_enter)
    sleep_mode_enter                         0x00020601   Thumb Code    94  main.o(i.sleep_mode_enter)
    i.sm_state_change                        0x00020670   Section        0  pstorage.o(i.sm_state_change)
    sm_state_change                          0x00020671   Thumb Code    14  pstorage.o(i.sm_state_change)
    i.softdevice_ble_evt_handler_set         0x00020684   Section        0  softdevice_handler.o(i.softdevice_ble_evt_handler_set)
    i.softdevice_enable                      0x000206a0   Section        0  softdevice_handler.o(i.softdevice_enable)
    i.softdevice_enable_get_default_config   0x000206bc   Section        0  softdevice_handler.o(i.softdevice_enable_get_default_config)
    i.softdevice_fault_handler               0x000206ea   Section        0  softdevice_handler.o(i.softdevice_fault_handler)
    i.softdevice_handler_init                0x00020700   Section        0  softdevice_handler.o(i.softdevice_handler_init)
    i.softdevice_sys_evt_handler_set         0x0002076c   Section        0  softdevice_handler.o(i.softdevice_sys_evt_handler_set)
    i.srdata_check                           0x00020788   Section        0  ble_advdata.o(i.srdata_check)
    srdata_check                             0x00020789   Thumb Code    16  ble_advdata.o(i.srdata_check)
    i.startup_event_extract                  0x00020798   Section        0  bsp_btn_ble.o(i.startup_event_extract)
    startup_event_extract                    0x00020799   Thumb Code    84  bsp_btn_ble.o(i.startup_event_extract)
    i.state_data_erase_entry_run             0x000207ec   Section        0  pstorage.o(i.state_data_erase_entry_run)
    state_data_erase_entry_run               0x000207ed   Thumb Code    12  pstorage.o(i.state_data_erase_entry_run)
    i.state_data_erase_swap_entry_run        0x000207fc   Section        0  pstorage.o(i.state_data_erase_swap_entry_run)
    state_data_erase_swap_entry_run          0x000207fd   Thumb Code   136  pstorage.o(i.state_data_erase_swap_entry_run)
    i.state_entry_action_run                 0x00020894   Section        0  pstorage.o(i.state_entry_action_run)
    state_entry_action_run                   0x00020895   Thumb Code    54  pstorage.o(i.state_entry_action_run)
    i.state_erase_data_page_entry_run        0x000208d0   Section        0  pstorage.o(i.state_erase_data_page_entry_run)
    state_erase_data_page_entry_run          0x000208d1   Thumb Code    12  pstorage.o(i.state_erase_data_page_entry_run)
    i.state_idle_entry_run                   0x000208e0   Section        0  pstorage.o(i.state_idle_entry_run)
    state_idle_entry_run                     0x000208e1   Thumb Code    18  pstorage.o(i.state_idle_entry_run)
    i.state_restore_head_entry_run           0x000208fc   Section        0  pstorage.o(i.state_restore_head_entry_run)
    state_restore_head_entry_run             0x000208fd   Thumb Code    44  pstorage.o(i.state_restore_head_entry_run)
    i.state_restore_tail_entry_run           0x00020930   Section        0  pstorage.o(i.state_restore_tail_entry_run)
    state_restore_tail_entry_run             0x00020931   Thumb Code    76  pstorage.o(i.state_restore_tail_entry_run)
    i.state_store_entry_run                  0x00020984   Section        0  pstorage.o(i.state_store_entry_run)
    state_store_entry_run                    0x00020985   Thumb Code     8  pstorage.o(i.state_store_entry_run)
    i.state_swap_erase_entry_run             0x0002098c   Section        0  pstorage.o(i.state_swap_erase_entry_run)
    state_swap_erase_entry_run               0x0002098d   Thumb Code    38  pstorage.o(i.state_swap_erase_entry_run)
    i.state_write_data_swap_entry_run        0x000209b4   Section        0  pstorage.o(i.state_write_data_swap_entry_run)
    state_write_data_swap_entry_run          0x000209b5   Thumb Code    46  pstorage.o(i.state_write_data_swap_entry_run)
    i.storage_operation_dummy_handler        0x000209e8   Section        0  device_manager_peripheral.o(i.storage_operation_dummy_handler)
    storage_operation_dummy_handler          0x000209e9   Thumb Code     8  device_manager_peripheral.o(i.storage_operation_dummy_handler)
    i.store_cmd_flash_write_execute          0x000209f0   Section        0  pstorage.o(i.store_cmd_flash_write_execute)
    store_cmd_flash_write_execute            0x000209f1   Thumb Code    92  pstorage.o(i.store_cmd_flash_write_execute)
    i.store_operation_execute                0x00020a54   Section        0  pstorage.o(i.store_operation_execute)
    store_operation_execute                  0x00020a55   Thumb Code    10  pstorage.o(i.store_operation_execute)
    i.store_sub_state_sm_run                 0x00020a60   Section        0  pstorage.o(i.store_sub_state_sm_run)
    store_sub_state_sm_run                   0x00020a61   Thumb Code    62  pstorage.o(i.store_sub_state_sm_run)
    i.swap_erase_state_run                   0x00020aac   Section        0  pstorage.o(i.swap_erase_state_run)
    swap_erase_state_run                     0x00020aad   Thumb Code    28  pstorage.o(i.swap_erase_state_run)
    i.swap_sub_sm_exit_action_run            0x00020acc   Section        0  pstorage.o(i.swap_sub_sm_exit_action_run)
    swap_sub_sm_exit_action_run              0x00020acd   Thumb Code     8  pstorage.o(i.swap_sub_sm_exit_action_run)
    i.swap_sub_state_entry_action_run        0x00020ad4   Section        0  pstorage.o(i.swap_sub_state_entry_action_run)
    swap_sub_state_entry_action_run          0x00020ad5   Thumb Code    16  pstorage.o(i.swap_sub_state_entry_action_run)
    i.swap_sub_state_err_busy_process        0x00020aec   Section        0  pstorage.o(i.swap_sub_state_err_busy_process)
    swap_sub_state_err_busy_process          0x00020aed   Thumb Code    24  pstorage.o(i.swap_sub_state_err_busy_process)
    i.swap_sub_state_sm_run                  0x00020b0c   Section        0  pstorage.o(i.swap_sub_state_sm_run)
    swap_sub_state_sm_run                    0x00020b0d   Thumb Code    16  pstorage.o(i.swap_sub_state_sm_run)
    i.swap_sub_state_state_change            0x00020b24   Section        0  pstorage.o(i.swap_sub_state_state_change)
    swap_sub_state_state_change              0x00020b25   Thumb Code    14  pstorage.o(i.swap_sub_state_state_change)
    i.sys_evt_dispatch                       0x00020b38   Section        0  main.o(i.sys_evt_dispatch)
    sys_evt_dispatch                         0x00020b39   Thumb Code    18  main.o(i.sys_evt_dispatch)
    i.tail_restore_state_run                 0x00020b4c   Section        0  pstorage.o(i.tail_restore_state_run)
    tail_restore_state_run                   0x00020b4d   Thumb Code    26  pstorage.o(i.tail_restore_state_run)
    i.tail_word_size_calculate               0x00020b6c   Section        0  pstorage.o(i.tail_word_size_calculate)
    tail_word_size_calculate                 0x00020b6d   Thumb Code    84  pstorage.o(i.tail_word_size_calculate)
    i.ticks_diff_get                         0x00020bc4   Section        0  app_timer.o(i.ticks_diff_get)
    ticks_diff_get                           0x00020bc5   Thumb Code    10  app_timer.o(i.ticks_diff_get)
    i.timeout_handler_exec                   0x00020bd0   Section        0  app_timer.o(i.timeout_handler_exec)
    timeout_handler_exec                     0x00020bd1   Thumb Code    60  app_timer.o(i.timeout_handler_exec)
    i.timer_list_handler                     0x00020c4c   Section        0  app_timer.o(i.timer_list_handler)
    timer_list_handler                       0x00020c4d   Thumb Code    74  app_timer.o(i.timer_list_handler)
    i.timer_list_handler_sched               0x00020ca4   Section        0  app_timer.o(i.timer_list_handler_sched)
    timer_list_handler_sched                 0x00020ca5   Thumb Code    10  app_timer.o(i.timer_list_handler_sched)
    i.timer_list_insert                      0x00020cb0   Section        0  app_timer.o(i.timer_list_insert)
    timer_list_insert                        0x00020cb1   Thumb Code   104  app_timer.o(i.timer_list_insert)
    i.timer_list_remove                      0x00020d1c   Section        0  app_timer.o(i.timer_list_remove)
    timer_list_remove                        0x00020d1d   Thumb Code    96  app_timer.o(i.timer_list_remove)
    i.timer_start_op_schedule                0x00020d8c   Section        0  app_timer.o(i.timer_start_op_schedule)
    timer_start_op_schedule                  0x00020d8d   Thumb Code    82  app_timer.o(i.timer_start_op_schedule)
    i.timer_stop_op_schedule                 0x00020de4   Section        0  app_timer.o(i.timer_stop_op_schedule)
    timer_stop_op_schedule                   0x00020de5   Thumb Code    60  app_timer.o(i.timer_stop_op_schedule)
    i.timer_timeouts_check                   0x00020e24   Section        0  app_timer.o(i.timer_timeouts_check)
    timer_timeouts_check                     0x00020e25   Thumb Code   128  app_timer.o(i.timer_timeouts_check)
    i.timer_timeouts_check_sched             0x00020eb8   Section        0  app_timer.o(i.timer_timeouts_check_sched)
    timer_timeouts_check_sched               0x00020eb9   Thumb Code    10  app_timer.o(i.timer_timeouts_check_sched)
    i.timers_init                            0x00020ec4   Section        0  main.o(i.timers_init)
    timers_init                              0x00020ec5   Thumb Code    46  main.o(i.timers_init)
    i.tk_value_encode                        0x00020f08   Section        0  ble_advdata.o(i.tk_value_encode)
    tk_value_encode                          0x00020f09   Thumb Code    70  ble_advdata.o(i.tk_value_encode)
    i.tx_byte                                0x00020f50   Section        0  nrf_drv_uart.o(i.tx_byte)
    tx_byte                                  0x00020f51   Thumb Code    48  nrf_drv_uart.o(i.tx_byte)
    i.tx_done_event                          0x00020f88   Section        0  nrf_drv_uart.o(i.tx_done_event)
    tx_done_event                            0x00020f89   Thumb Code    38  nrf_drv_uart.o(i.tx_done_event)
    i.tx_power_level_encode                  0x00020fb4   Section        0  ble_advdata.o(i.tx_power_level_encode)
    tx_power_level_encode                    0x00020fb5   Thumb Code    54  ble_advdata.o(i.tx_power_level_encode)
    i.uart_irq_handler                       0x00020fec   Section        0  nrf_drv_uart.o(i.uart_irq_handler)
    uart_irq_handler                         0x00020fed   Thumb Code   364  nrf_drv_uart.o(i.uart_irq_handler)
    i.uint16_encode                          0x00021160   Section        0  ble_advdata.o(i.uint16_encode)
    uint16_encode                            0x00021161   Thumb Code    18  ble_advdata.o(i.uint16_encode)
    i.update_operation_execute               0x00021172   Section        0  pstorage.o(i.update_operation_execute)
    update_operation_execute                 0x00021173   Thumb Code     8  pstorage.o(i.update_operation_execute)
    i.update_status_bit_reset                0x0002117c   Section        0  device_manager_peripheral.o(i.update_status_bit_reset)
    update_status_bit_reset                  0x0002117d   Thumb Code    16  device_manager_peripheral.o(i.update_status_bit_reset)
    i.update_timeout_handler                 0x00021190   Section        0  ble_conn_params.o(i.update_timeout_handler)
    update_timeout_handler                   0x00021191   Thumb Code   136  ble_conn_params.o(i.update_timeout_handler)
    i.user_id_get                            0x0002122c   Section        0  app_timer.o(i.user_id_get)
    user_id_get                              0x0002122d   Thumb Code    34  app_timer.o(i.user_id_get)
    i.user_op_alloc                          0x0002124e   Section        0  app_timer.o(i.user_op_alloc)
    user_op_alloc                            0x0002124f   Thumb Code    46  app_timer.o(i.user_op_alloc)
    i.user_op_enque                          0x0002127c   Section        0  app_timer.o(i.user_op_enque)
    user_op_enque                            0x0002127d   Thumb Code     4  app_timer.o(i.user_op_enque)
    i.uuid_list_encode                       0x00021280   Section        0  ble_advdata.o(i.uuid_list_encode)
    uuid_list_encode                         0x00021281   Thumb Code    76  ble_advdata.o(i.uuid_list_encode)
    i.uuid_list_sized_encode                 0x000212cc   Section        0  ble_advdata.o(i.uuid_list_sized_encode)
    uuid_list_sized_encode                   0x000212cd   Thumb Code   224  ble_advdata.o(i.uuid_list_sized_encode)
    i.whitelist_has_entries                  0x000213ac   Section        0  ble_advertising.o(i.whitelist_has_entries)
    whitelist_has_entries                    0x000213ad   Thumb Code    22  ble_advertising.o(i.whitelist_has_entries)
    .constdata                               0x000213c4   Section        4  main.o(.constdata)
    .constdata                               0x000213c8   Section       32  peggy_service.o(.constdata)
    .constdata                               0x000213e8   Section       60  bsp.o(.constdata)
    m_leds_timer_id                          0x000213e8   Data           4  bsp.o(.constdata)
    m_alert_timer_id                         0x000213ec   Data           4  bsp.o(.constdata)
    m_button_timer_id                        0x000213f0   Data           4  bsp.o(.constdata)
    m_buttons_list                           0x000213f4   Data          16  bsp.o(.constdata)
    app_buttons                              0x00021404   Data          32  bsp.o(.constdata)
    .constdata                               0x00021424   Section        4  ble_conn_params.o(.constdata)
    m_conn_params_timer_id                   0x00021424   Data           4  ble_conn_params.o(.constdata)
    .constdata                               0x00021428   Section       52  device_manager_peripheral.o(.constdata)
    .constdata                               0x0002145c   Section       40  pstorage.o(.constdata)
    swap_sub_state_sm_lut                    0x0002145c   Data          20  pstorage.o(.constdata)
    swap_sub_state_sm_lut                    0x00021470   Data          20  pstorage.o(.constdata)
    .constdata                               0x00021484   Section        8  app_button.o(.constdata)
    m_detection_delay_timer_id               0x00021484   Data           4  app_button.o(.constdata)
    .conststring                             0x0002148c   Section       76  device_manager_peripheral.o(.conststring)
    .conststring                             0x000214d8   Section       87  softdevice_handler.o(.conststring)
    .data                                    0x20002080   Section        4  main.o(.data)
    m_app_handle                             0x20002080   Data           1  main.o(.data)
    m_conn_handle                            0x20002082   Data           2  main.o(.data)
    .data                                    0x20002084   Section       25  bsp.o(.data)
    m_stable_state                           0x20002084   Data           1  bsp.o(.data)
    m_app_ticks_per_100ms                    0x20002088   Data           4  bsp.o(.data)
    m_indication_type                        0x2000208c   Data           4  bsp.o(.data)
    m_alert_mask                             0x20002090   Data           4  bsp.o(.data)
    m_registered_callback                    0x20002094   Data           4  bsp.o(.data)
    current_long_push_pin_no                 0x20002098   Data           1  bsp.o(.data)
    release_event_at_push                    0x20002099   Data           4  bsp.o(.data)
    .data                                    0x200020a0   Section        8  bsp_btn_ble.o(.data)
    m_error_handler                          0x200020a0   Data           4  bsp_btn_ble.o(.data)
    m_num_connections                        0x200020a4   Data           4  bsp_btn_ble.o(.data)
    .data                                    0x200020a8   Section       32  ble_advertising.o(.data)
    m_advertising_start_pending              0x200020a8   Data           1  ble_advertising.o(.data)
    m_peer_address                           0x200020a9   Data           7  ble_advertising.o(.data)
    m_adv_evt                                0x200020b0   Data           1  ble_advertising.o(.data)
    m_evt_handler                            0x200020b4   Data           4  ble_advertising.o(.data)
    m_error_handler                          0x200020b8   Data           4  ble_advertising.o(.data)
    m_adv_mode_current                       0x200020bc   Data           1  ble_advertising.o(.data)
    m_whitelist_temporarily_disabled         0x200020bd   Data           1  ble_advertising.o(.data)
    m_whitelist_reply_expected               0x200020be   Data           1  ble_advertising.o(.data)
    m_peer_addr_reply_expected               0x200020bf   Data           1  ble_advertising.o(.data)
    m_slave_conn_int                         0x200020c0   Data           4  ble_advertising.o(.data)
    m_tx_power_level                         0x200020c4   Data           1  ble_advertising.o(.data)
    current_slave_link_conn_handle           0x200020c6   Data           2  ble_advertising.o(.data)
    .data                                    0x200020c8   Section       21  ble_conn_params.o(.data)
    m_preferred_conn_params                  0x200020c8   Data           8  ble_conn_params.o(.data)
    m_update_count                           0x200020d0   Data           1  ble_conn_params.o(.data)
    m_conn_handle                            0x200020d2   Data           2  ble_conn_params.o(.data)
    m_current_conn_params                    0x200020d4   Data           8  ble_conn_params.o(.data)
    m_change_param                           0x200020dc   Data           1  ble_conn_params.o(.data)
    .data                                    0x200020e0   Section       20  device_manager_peripheral.o(.data)
    m_storage_handle                         0x200020e0   Data           8  device_manager_peripheral.o(.data)
    m_peer_addr_update                       0x200020e8   Data           4  device_manager_peripheral.o(.data)
    m_module_initialized                     0x200020ec   Data           1  device_manager_peripheral.o(.data)
    m_irk_index_table                        0x200020ed   Data           7  device_manager_peripheral.o(.data)
    .data                                    0x200020f4   Section       40  pstorage.o(.data)
    m_next_app_instance                      0x200020f4   Data           2  pstorage.o(.data)
    m_next_page_addr                         0x200020f8   Data           4  pstorage.o(.data)
    m_state                                  0x200020fc   Data           1  pstorage.o(.data)
    m_swap_sub_state                         0x200020fd   Data           1  pstorage.o(.data)
    m_head_word_size                         0x20002100   Data           4  pstorage.o(.data)
    m_tail_word_size                         0x20002104   Data           4  pstorage.o(.data)
    m_current_page_id                        0x20002108   Data           4  pstorage.o(.data)
    m_num_of_command_retries                 0x2000210c   Data           4  pstorage.o(.data)
    m_num_of_bytes_written                   0x20002110   Data           4  pstorage.o(.data)
    m_app_data_size                          0x20002114   Data           4  pstorage.o(.data)
    m_flags                                  0x20002118   Data           4  pstorage.o(.data)
    .data                                    0x2000211c   Section       20  app_button.o(.data)
    mp_buttons                               0x2000211c   Data           4  app_button.o(.data)
    m_button_count                           0x20002120   Data           1  app_button.o(.data)
    m_detection_delay                        0x20002124   Data           4  app_button.o(.data)
    m_pin_state                              0x20002128   Data           4  app_button.o(.data)
    m_pin_transition                         0x2000212c   Data           4  app_button.o(.data)
    .data                                    0x20002130   Section       34  app_timer.o(.data)
    m_user_array_size                        0x20002130   Data           1  app_timer.o(.data)
    mp_users                                 0x20002134   Data           4  app_timer.o(.data)
    mp_timer_id_head                         0x20002138   Data           4  app_timer.o(.data)
    m_ticks_latest                           0x2000213c   Data           4  app_timer.o(.data)
    m_ticks_elapsed                          0x20002140   Data           8  app_timer.o(.data)
    m_ticks_elapsed_q_read_ind               0x20002148   Data           1  app_timer.o(.data)
    m_ticks_elapsed_q_write_ind              0x20002149   Data           1  app_timer.o(.data)
    m_evt_schedule_func                      0x2000214c   Data           4  app_timer.o(.data)
    m_rtc1_running                           0x20002150   Data           1  app_timer.o(.data)
    m_rtc1_reset                             0x20002151   Data           1  app_timer.o(.data)
    .data                                    0x20002154   Section       32  softdevice_handler.o(.data)
    m_evt_schedule_func                      0x2000215c   Data           4  softdevice_handler.o(.data)
    m_softdevice_enabled                     0x20002160   Data           1  softdevice_handler.o(.data)
    mp_ble_evt_buffer                        0x20002164   Data           4  softdevice_handler.o(.data)
    m_ble_evt_buffer_size                    0x20002168   Data           2  softdevice_handler.o(.data)
    m_ble_evt_handler                        0x2000216c   Data           4  softdevice_handler.o(.data)
    m_sys_evt_handler                        0x20002170   Data           4  softdevice_handler.o(.data)
    .data                                    0x20002174   Section        4  system_nrf51.o(.data)
    __tagsym$$used                           0x20002174   Number         0  system_nrf51.o(.data)
    .bss                                     0x20002178   Section      540  main.o(.bss)
    m_peggy_service                          0x20002178   Data          12  main.o(.bss)
    APP_TIMER_BUF                            0x20002184   Data         456  main.o(.bss)
    BLE_EVT_BUFFER                           0x2000234c   Data          72  main.o(.bss)
    .bss                                     0x20002394   Section      108  bsp.o(.bss)
    m_leds_timer_id_data                     0x20002394   Data          32  bsp.o(.bss)
    m_alert_timer_id_data                    0x200023b4   Data          32  bsp.o(.bss)
    m_events_list                            0x200023d4   Data          12  bsp.o(.bss)
    m_button_timer_id_data                   0x200023e0   Data          32  bsp.o(.bss)
    .bss                                     0x20002400   Section      259  ble_advertising.o(.bss)
    m_advdata                                0x20002400   Data          56  ble_advertising.o(.bss)
    m_adv_modes_config                       0x20002438   Data          36  ble_advertising.o(.bss)
    m_whitelist                              0x2000245c   Data          16  ble_advertising.o(.bss)
    mp_whitelist_addr                        0x2000246c   Data          32  ble_advertising.o(.bss)
    mp_whitelist_irk                         0x2000248c   Data          32  ble_advertising.o(.bss)
    m_manuf_specific_data                    0x200024ac   Data          12  ble_advertising.o(.bss)
    m_manuf_data_array                       0x200024b8   Data          31  ble_advertising.o(.bss)
    m_service_data                           0x200024d8   Data          12  ble_advertising.o(.bss)
    m_service_data_array                     0x200024e4   Data          31  ble_advertising.o(.bss)
    .bss                                     0x20002504   Section       60  ble_conn_params.o(.bss)
    m_conn_params_config                     0x20002504   Data          28  ble_conn_params.o(.bss)
    m_conn_params_timer_id_data              0x20002520   Data          32  ble_conn_params.o(.bss)
    .bss                                     0x20002540   Section      335  device_manager_peripheral.o(.bss)
    m_app_context_table                      0x20002540   Data          28  device_manager_peripheral.o(.bss)
    m_peer_table                             0x2000255c   Data         196  device_manager_peripheral.o(.bss)
    m_bond_table                             0x20002620   Data          28  device_manager_peripheral.o(.bss)
    m_gatts_table                            0x2000263c   Data          36  device_manager_peripheral.o(.bss)
    m_connection_table                       0x20002660   Data          12  device_manager_peripheral.o(.bss)
    m_application_table                      0x2000266c   Data          12  device_manager_peripheral.o(.bss)
    m_local_id_info                          0x20002678   Data          23  device_manager_peripheral.o(.bss)
    .bss                                     0x20002690   Section       72  nrf_drv_gpiote.o(.bss)
    m_cb                                     0x20002690   Data          72  nrf_drv_gpiote.o(.bss)
    .bss                                     0x200026d8   Section       28  nrf_drv_uart.o(.bss)
    m_cb                                     0x200026d8   Data          28  nrf_drv_uart.o(.bss)
    .bss                                     0x200026f4   Section      228  pstorage.o(.bss)
    m_cmd_queue                              0x200026f4   Data         204  pstorage.o(.bss)
    m_app_table                              0x200027c0   Data          24  pstorage.o(.bss)
    .bss                                     0x200027d8   Section       32  app_button.o(.bss)
    m_detection_delay_timer_id_data          0x200027d8   Data          32  app_button.o(.bss)
    .bss                                     0x200027f8   Section       32  app_error.o(.bss)
    m_error_data                             0x200027f8   Data          32  app_error.o(.bss)
    .bss                                     0x20002818   Section       88  fstorage.o(.bss)
    m_queue                                  0x20002818   Data          88  fstorage.o(.bss)
    STACK                                    0x20002870   Section     2048  arm_startup_nrf51.o(STACK)

    Global Symbols

    Symbol Name                              Value     Ov Type        Size  Object(Section)

    BuildAttributes$$THM_ISAv3M$S$PE$A:L22$X:L11$S22$IEEE1$IW$USESV6$~STKCKD$USESV7$~SHL$OSPACE$ROPI$EBA8$MICROLIB$REQ8$PRES8$EABIv2 0x00000000   Number         0  anon$$obj.o ABSOLUTE
    __ARM_use_no_argv                        0x00000000   Number         0  main.o ABSOLUTE
    __cpp_initialize__aeabi_                  - Undefined Weak Reference
    __cxa_finalize                            - Undefined Weak Reference
    __decompress                              - Undefined Weak Reference
    _clock_init                               - Undefined Weak Reference
    _microlib_exit                            - Undefined Weak Reference
    fs_data$$Base                             - Undefined Reference
    fs_data$$Limit                            - Undefined Reference
    __Vectors_Size                           0x000000c0   Number         0  arm_startup_nrf51.o ABSOLUTE
    __Vectors                                0x0001b000   Data           4  arm_startup_nrf51.o(RESET)
    __Vectors_End                            0x0001b0c0   Data           0  arm_startup_nrf51.o(RESET)
    __main                                   0x0001b0c1   Thumb Code     0  entry.o(.ARM.Collect$$$$00000000)
    _main_stk                                0x0001b0c1   Thumb Code     0  entry2.o(.ARM.Collect$$$$00000001)
    _main_scatterload                        0x0001b0c5   Thumb Code     0  entry5.o(.ARM.Collect$$$$00000004)
    __main_after_scatterload                 0x0001b0c9   Thumb Code     0  entry5.o(.ARM.Collect$$$$00000004)
    _main_clock                              0x0001b0c9   Thumb Code     0  entry7b.o(.ARM.Collect$$$$00000008)
    _main_cpp_init                           0x0001b0c9   Thumb Code     0  entry8b.o(.ARM.Collect$$$$0000000A)
    _main_init                               0x0001b0c9   Thumb Code     0  entry9a.o(.ARM.Collect$$$$0000000B)
    __rt_final_cpp                           0x0001b0d1   Thumb Code     0  entry10a.o(.ARM.Collect$$$$0000000D)
    __rt_final_exit                          0x0001b0d1   Thumb Code     0  entry11a.o(.ARM.Collect$$$$0000000F)
    __asm___11_app_timer_c_cd27f9c3__nrf_delay_us 0x0001b0d5   Thumb Code    30  app_timer.o(.emb_text)
    Reset_Handler                            0x0001b0f5   Thumb Code    26  arm_startup_nrf51.o(.text)
    NMI_Handler                              0x0001b10f   Thumb Code     2  arm_startup_nrf51.o(.text)
    HardFault_Handler                        0x0001b111   Thumb Code     2  arm_startup_nrf51.o(.text)
    SVC_Handler                              0x0001b113   Thumb Code     2  arm_startup_nrf51.o(.text)
    PendSV_Handler                           0x0001b115   Thumb Code     2  arm_startup_nrf51.o(.text)
    SysTick_Handler                          0x0001b117   Thumb Code     2  arm_startup_nrf51.o(.text)
    ADC_IRQHandler                           0x0001b119   Thumb Code     0  arm_startup_nrf51.o(.text)
    CCM_AAR_IRQHandler                       0x0001b119   Thumb Code     0  arm_startup_nrf51.o(.text)
    ECB_IRQHandler                           0x0001b119   Thumb Code     0  arm_startup_nrf51.o(.text)
    LPCOMP_IRQHandler                        0x0001b119   Thumb Code     0  arm_startup_nrf51.o(.text)
    POWER_CLOCK_IRQHandler                   0x0001b119   Thumb Code     0  arm_startup_nrf51.o(.text)
    QDEC_IRQHandler                          0x0001b119   Thumb Code     0  arm_startup_nrf51.o(.text)
    RADIO_IRQHandler                         0x0001b119   Thumb Code     0  arm_startup_nrf51.o(.text)
    RNG_IRQHandler                           0x0001b119   Thumb Code     0  arm_startup_nrf51.o(.text)
    RTC0_IRQHandler                          0x0001b119   Thumb Code     0  arm_startup_nrf51.o(.text)
    SPI0_TWI0_IRQHandler                     0x0001b119   Thumb Code     0  arm_startup_nrf51.o(.text)
    SPI1_TWI1_IRQHandler                     0x0001b119   Thumb Code     0  arm_startup_nrf51.o(.text)
    SWI1_IRQHandler                          0x0001b119   Thumb Code     0  arm_startup_nrf51.o(.text)
    SWI3_IRQHandler                          0x0001b119   Thumb Code     0  arm_startup_nrf51.o(.text)
    SWI4_IRQHandler                          0x0001b119   Thumb Code     0  arm_startup_nrf51.o(.text)
    SWI5_IRQHandler                          0x0001b119   Thumb Code     0  arm_startup_nrf51.o(.text)
    TEMP_IRQHandler                          0x0001b119   Thumb Code     0  arm_startup_nrf51.o(.text)
    TIMER0_IRQHandler                        0x0001b119   Thumb Code     0  arm_startup_nrf51.o(.text)
    TIMER1_IRQHandler                        0x0001b119   Thumb Code     0  arm_startup_nrf51.o(.text)
    TIMER2_IRQHandler                        0x0001b119   Thumb Code     0  arm_startup_nrf51.o(.text)
    WDT_IRQHandler                           0x0001b119   Thumb Code     0  arm_startup_nrf51.o(.text)
    __aeabi_uidiv                            0x0001b12d   Thumb Code     0  uidiv.o(.text)
    __aeabi_uidivmod                         0x0001b12d   Thumb Code    44  uidiv.o(.text)
    __aeabi_idiv                             0x0001b159   Thumb Code     0  idiv.o(.text)
    __aeabi_idivmod                          0x0001b159   Thumb Code    40  idiv.o(.text)
    __aeabi_memcpy                           0x0001b181   Thumb Code    36  memcpya.o(.text)
    __aeabi_memcpy4                          0x0001b181   Thumb Code     0  memcpya.o(.text)
    __aeabi_memcpy8                          0x0001b181   Thumb Code     0  memcpya.o(.text)
    __aeabi_memset                           0x0001b1a5   Thumb Code    14  memseta.o(.text)
    __aeabi_memset4                          0x0001b1a5   Thumb Code     0  memseta.o(.text)
    __aeabi_memset8                          0x0001b1a5   Thumb Code     0  memseta.o(.text)
    __aeabi_memclr                           0x0001b1b3   Thumb Code     4  memseta.o(.text)
    __aeabi_memclr4                          0x0001b1b3   Thumb Code     0  memseta.o(.text)
    __aeabi_memclr8                          0x0001b1b3   Thumb Code     0  memseta.o(.text)
    _memset$wrapper                          0x0001b1b7   Thumb Code    18  memseta.o(.text)
    memcmp                                   0x0001b1c9   Thumb Code    26  memcmp.o(.text)
    __scatterload                            0x0001b1e5   Thumb Code    28  init.o(.text)
    __scatterload_rt2                        0x0001b1e5   Thumb Code     0  init.o(.text)
    GPIOTE_IRQHandler                        0x0001b209   Thumb Code   484  nrf_drv_gpiote.o(i.GPIOTE_IRQHandler)
    RTC1_IRQHandler                          0x0001b529   Thumb Code    34  app_timer.o(i.RTC1_IRQHandler)
    SWI0_IRQHandler                          0x0001b551   Thumb Code     8  app_timer.o(i.SWI0_IRQHandler)
    SWI2_IRQHandler                          0x0001b559   Thumb Code    52  softdevice_handler.o(i.SWI2_IRQHandler)
    SystemInit                               0x0001b595   Thumb Code    76  system_nrf51.o(i.SystemInit)
    UART0_IRQHandler                         0x0001b5f9   Thumb Code     8  nrf_drv_uart.o(i.UART0_IRQHandler)
    __ARM_common_switch8                     0x0001b601   Thumb Code    28  bsp.o(i.__ARM_common_switch8)
    __scatterload_copy                       0x0001b61d   Thumb Code    14  handlers.o(i.__scatterload_copy)
    __scatterload_null                       0x0001b62b   Thumb Code     2  handlers.o(i.__scatterload_null)
    __scatterload_zeroinit                   0x0001b62d   Thumb Code    14  handlers.o(i.__scatterload_zeroinit)
    adv_data_encode                          0x0001b63b   Thumb Code   500  ble_advdata.o(i.adv_data_encode)
    app_button_enable                        0x0001b939   Thumb Code    34  app_button.o(i.app_button_enable)
    app_button_init                          0x0001b965   Thumb Code   136  app_button.o(i.app_button_init)
    app_error_fault_handler                  0x0001ba11   Thumb Code    26  app_error_weak.o(i.app_error_fault_handler)
    app_error_handler                        0x0001ba2d   Thumb Code    28  app_error.o(i.app_error_handler)
    app_error_save_and_stop                  0x0001ba4d   Thumb Code   132  app_error.o(i.app_error_save_and_stop)
    app_timer_create                         0x0001bb49   Thumb Code    64  app_timer.o(i.app_timer_create)
    app_timer_init                           0x0001bb8d   Thumb Code   156  app_timer.o(i.app_timer_init)
    app_timer_start                          0x0001bc45   Thumb Code    86  app_timer.o(i.app_timer_start)
    app_timer_stop                           0x0001bca1   Thumb Code    54  app_timer.o(i.app_timer_stop)
    ble_advdata_set                          0x0001bd31   Thumb Code   152  ble_advdata.o(i.ble_advdata_set)
    ble_advertising_init                     0x0001bdc9   Thumb Code   328  ble_advertising.o(i.ble_advertising_init)
    ble_advertising_on_ble_evt               0x0001bf49   Thumb Code   242  ble_advertising.o(i.ble_advertising_on_ble_evt)
    ble_advertising_on_sys_evt               0x0001c055   Thumb Code    70  ble_advertising.o(i.ble_advertising_on_sys_evt)
    ble_advertising_restart_without_whitelist 0x0001c0b9   Thumb Code   110  ble_advertising.o(i.ble_advertising_restart_without_whitelist)
    ble_advertising_start                    0x0001c13d   Thumb Code   654  ble_advertising.o(i.ble_advertising_start)
    ble_conn_params_init                     0x0001c3f9   Thumb Code    90  ble_conn_params.o(i.ble_conn_params_init)
    ble_conn_params_on_ble_evt               0x0001c471   Thumb Code    62  ble_conn_params.o(i.ble_conn_params_on_ble_evt)
    bond_data_load                           0x0001c659   Thumb Code    62  device_manager_peripheral.o(i.bond_data_load)
    bsp_btn_ble_init                         0x0001c6a9   Thumb Code    54  bsp_btn_ble.o(i.bsp_btn_ble_init)
    bsp_btn_ble_on_ble_evt                   0x0001c6e9   Thumb Code   122  bsp_btn_ble.o(i.bsp_btn_ble_on_ble_evt)
    bsp_btn_ble_sleep_mode_prepare           0x0001c76d   Thumb Code    30  bsp_btn_ble.o(i.bsp_btn_ble_sleep_mode_prepare)
    bsp_button_is_pressed                    0x0001c865   Thumb Code    48  bsp.o(i.bsp_button_is_pressed)
    bsp_event_handler                        0x0001c89d   Thumb Code   108  main.o(i.bsp_event_handler)
    bsp_event_to_button_action_assign        0x0001c91d   Thumb Code    88  bsp.o(i.bsp_event_to_button_action_assign)
    bsp_indication_set                       0x0001c979   Thumb Code    30  bsp.o(i.bsp_indication_set)
    bsp_init                                 0x0001c99d   Thumb Code   166  bsp.o(i.bsp_init)
    bsp_wakeup_buttons_set                   0x0001cfd9   Thumb Code    84  bsp.o(i.bsp_wakeup_buttons_set)
    dm_ble_evt_handler                       0x0001dc31   Thumb Code  1588  device_manager_peripheral.o(i.dm_ble_evt_handler)
    dm_handle_initialize                     0x0001e281   Thumb Code    24  device_manager_peripheral.o(i.dm_handle_initialize)
    dm_init                                  0x0001e29d   Thumb Code   230  device_manager_peripheral.o(i.dm_init)
    dm_register                              0x0001e5f5   Thumb Code   176  device_manager_peripheral.o(i.dm_register)
    fs_queued_op_count_get                   0x0001e8f1   Thumb Code    20  fstorage.o(i.fs_queued_op_count_get)
    intern_softdevice_events_execute         0x0001ed2d   Thumb Code   168  softdevice_handler.o(i.intern_softdevice_events_execute)
    main                                     0x0001f1f5   Thumb Code    82  main.o(i.main)
    nrf_drv_common_irq_enable                0x0001f3c9   Thumb Code    48  nrf_drv_common.o(i.nrf_drv_common_irq_enable)
    nrf_drv_gpiote_in_event_enable           0x0001f401   Thumb Code   186  nrf_drv_gpiote.o(i.nrf_drv_gpiote_in_event_enable)
    nrf_drv_gpiote_in_init                   0x0001f4c9   Thumb Code   228  nrf_drv_gpiote.o(i.nrf_drv_gpiote_in_init)
    nrf_drv_gpiote_in_is_set                 0x0001f5bd   Thumb Code    26  nrf_drv_gpiote.o(i.nrf_drv_gpiote_in_is_set)
    nrf_drv_gpiote_init                      0x0001f5dd   Thumb Code    76  nrf_drv_gpiote.o(i.nrf_drv_gpiote_init)
    nrf_drv_gpiote_is_init                   0x0001f62d   Thumb Code    16  nrf_drv_gpiote.o(i.nrf_drv_gpiote_is_init)
    our_service_init                         0x0001fa91   Thumb Code    96  peggy_service.o(i.our_service_init)
    pstorage_access_status_get               0x0001fc25   Thumb Code    40  pstorage.o(i.pstorage_access_status_get)
    pstorage_block_identifier_get            0x0001fc55   Thumb Code   154  pstorage.o(i.pstorage_block_identifier_get)
    pstorage_clear                           0x0001fcf9   Thumb Code   270  pstorage.o(i.pstorage_clear)
    pstorage_init                            0x0001fe45   Thumb Code   104  pstorage.o(i.pstorage_init)
    pstorage_load                            0x0001fecd   Thumb Code   242  pstorage.o(i.pstorage_load)
    pstorage_register                        0x0001ffc9   Thumb Code   270  pstorage.o(i.pstorage_register)
    pstorage_store                           0x000200e9   Thumb Code   216  pstorage.o(i.pstorage_store)
    pstorage_sys_event_handler               0x000201c9   Thumb Code    66  pstorage.o(i.pstorage_sys_event_handler)
    pstorage_update                          0x00020215   Thumb Code   216  pstorage.o(i.pstorage_update)
    sd_check_ram_start                       0x00020439   Thumb Code    22  softdevice_handler.o(i.sd_check_ram_start)
    softdevice_ble_evt_handler_set           0x00020685   Thumb Code    22  softdevice_handler.o(i.softdevice_ble_evt_handler_set)
    softdevice_enable                        0x000206a1   Thumb Code    24  softdevice_handler.o(i.softdevice_enable)
    softdevice_enable_get_default_config     0x000206bd   Thumb Code    46  softdevice_handler.o(i.softdevice_enable_get_default_config)
    softdevice_fault_handler                 0x000206eb   Thumb Code    20  softdevice_handler.o(i.softdevice_fault_handler)
    softdevice_handler_init                  0x00020701   Thumb Code    86  softdevice_handler.o(i.softdevice_handler_init)
    softdevice_sys_evt_handler_set           0x0002076d   Thumb Code    22  softdevice_handler.o(i.softdevice_sys_evt_handler_set)
    m_service_context_store                  0x00021428   Data          16  device_manager_peripheral.o(.constdata)
    m_service_context_load                   0x00021438   Data          16  device_manager_peripheral.o(.constdata)
    m_service_context_apply                  0x00021448   Data          16  device_manager_peripheral.o(.constdata)
    m_context_init_len                       0x00021458   Data           4  device_manager_peripheral.o(.constdata)
    Region$$Table$$Base                      0x00021530   Number         0  anon$$obj.o(Region$$Table)
    Region$$Table$$Limit                     0x00021550   Number         0  anon$$obj.o(Region$$Table)
    Image$$RW_IRAM1$$Base                    0x20002080   Number         0  anon$$obj.o ABSOLUTE
    nrf_nvic_state                           0x20002154   Data           8  softdevice_handler.o(.data)
    SystemCoreClock                          0x20002174   Data           4  system_nrf51.o(.data)
    __initial_sp                             0x20003070   Data           0  arm_startup_nrf51.o(STACK)



==============================================================================

Memory Map of the image

  Image Entry point : 0x0001b0c1

  Load Region LR_IROM1 (Base: 0x0001b000, Size: 0x00006648, Max: 0x00025000, ABSOLUTE)

    Execution Region ER_IROM1 (Base: 0x0001b000, Size: 0x00006550, Max: 0x00025000, ABSOLUTE)

    Base Addr    Size         Type   Attr      Idx    E Section Name        Object

    0x0001b000   0x000000c0   Data   RO         2907    RESET               arm_startup_nrf51.o
    0x0001b0c0   0x00000000   Code   RO         2959  * .ARM.Collect$$$$00000000  mc_p.l(entry.o)
    0x0001b0c0   0x00000004   Code   RO         3004    .ARM.Collect$$$$00000001  mc_p.l(entry2.o)
    0x0001b0c4   0x00000004   Code   RO         3007    .ARM.Collect$$$$00000004  mc_p.l(entry5.o)
    0x0001b0c8   0x00000000   Code   RO         3009    .ARM.Collect$$$$00000008  mc_p.l(entry7b.o)
    0x0001b0c8   0x00000000   Code   RO         3011    .ARM.Collect$$$$0000000A  mc_p.l(entry8b.o)
    0x0001b0c8   0x00000008   Code   RO         3012    .ARM.Collect$$$$0000000B  mc_p.l(entry9a.o)
    0x0001b0d0   0x00000000   Code   RO         3014    .ARM.Collect$$$$0000000D  mc_p.l(entry10a.o)
    0x0001b0d0   0x00000000   Code   RO         3016    .ARM.Collect$$$$0000000F  mc_p.l(entry11a.o)
    0x0001b0d0   0x00000004   Code   RO         3005    .ARM.Collect$$$$00002712  mc_p.l(entry2.o)
    0x0001b0d4   0x0000001e   Code   RO         2230    .emb_text           app_timer.o
    0x0001b0f2   0x00000002   PAD
    0x0001b0f4   0x00000038   Code   RO         2908    .text               arm_startup_nrf51.o
    0x0001b12c   0x0000002c   Code   RO         2962    .text               mc_p.l(uidiv.o)
    0x0001b158   0x00000028   Code   RO         2964    .text               mc_p.l(idiv.o)
    0x0001b180   0x00000024   Code   RO         2966    .text               mc_p.l(memcpya.o)
    0x0001b1a4   0x00000024   Code   RO         2968    .text               mc_p.l(memseta.o)
    0x0001b1c8   0x0000001a   Code   RO         2972    .text               mc_p.l(memcmp.o)
    0x0001b1e2   0x00000002   PAD
    0x0001b1e4   0x00000024   Code   RO         3031    .text               mc_p.l(init.o)
    0x0001b208   0x000001f4   Code   RO         1333    i.GPIOTE_IRQHandler  nrf_drv_gpiote.o
    0x0001b3fc   0x00000014   Code   RO         2231    i.NVIC_ClearPendingIRQ  app_timer.o
    0x0001b410   0x00000014   Code   RO         2232    i.NVIC_EnableIRQ    app_timer.o
    0x0001b424   0x00000014   Code   RO         2233    i.NVIC_SetPendingIRQ  app_timer.o
    0x0001b438   0x00000078   Code   RO         1295    i.NVIC_SetPriority  nrf_drv_common.o
    0x0001b4b0   0x00000078   Code   RO         2234    i.NVIC_SetPriority  app_timer.o
    0x0001b528   0x00000028   Code   RO         2235    i.RTC1_IRQHandler   app_timer.o
    0x0001b550   0x00000008   Code   RO         2236    i.SWI0_IRQHandler   app_timer.o
    0x0001b558   0x0000003c   Code   RO         2802    i.SWI2_IRQHandler   softdevice_handler.o
    0x0001b594   0x00000064   Code   RO         2915    i.SystemInit        system_nrf51.o
    0x0001b5f8   0x00000008   Code   RO         1568    i.UART0_IRQHandler  nrf_drv_uart.o
    0x0001b600   0x0000001c   Code   RO          477    i.__ARM_common_switch8  bsp.o
    0x0001b61c   0x0000000e   Code   RO         3045    i.__scatterload_copy  mc_p.l(handlers.o)
    0x0001b62a   0x00000002   Code   RO         3046    i.__scatterload_null  mc_p.l(handlers.o)
    0x0001b62c   0x0000000e   Code   RO         3047    i.__scatterload_zeroinit  mc_p.l(handlers.o)
    0x0001b63a   0x000001f4   Code   RO          555    i.adv_data_encode   ble_advdata.o
    0x0001b82e   0x00000014   Code   RO          556    i.advdata_check     ble_advdata.o
    0x0001b842   0x0000005a   Code   RO          503    i.advertising_buttons_configure  bsp_btn_ble.o
    0x0001b89c   0x00000078   Code   RO            3    i.advertising_init  main.o
    0x0001b914   0x00000024   Code   RO          385    i.alert_timer_handler  bsp.o
    0x0001b938   0x0000002c   Code   RO         2117    i.app_button_enable  app_button.o
    0x0001b964   0x000000ac   Code   RO         2118    i.app_button_init   app_button.o
    0x0001ba10   0x0000001a   Code   RO         2210    i.app_error_fault_handler  app_error_weak.o
    0x0001ba2a   0x00000002   PAD
    0x0001ba2c   0x00000020   Code   RO         2174    i.app_error_handler  app_error.o
    0x0001ba4c   0x0000008c   Code   RO         2176    i.app_error_save_and_stop  app_error.o
    0x0001bad8   0x0000001c   Code   RO          913    i.app_evt_notify    device_manager_peripheral.o
    0x0001baf4   0x00000030   Code   RO         1786    i.app_notify        pstorage.o
    0x0001bb24   0x00000024   Code   RO         1787    i.app_notify_error_state_transit  pstorage.o
    0x0001bb48   0x00000044   Code   RO         2239    i.app_timer_create  app_timer.o
    0x0001bb8c   0x000000b8   Code   RO         2240    i.app_timer_init    app_timer.o
    0x0001bc44   0x0000005c   Code   RO         2241    i.app_timer_start   app_timer.o
    0x0001bca0   0x0000003c   Code   RO         2242    i.app_timer_stop    app_timer.o
    0x0001bcdc   0x00000054   Code   RO          557    i.appearance_encode  ble_advdata.o
    0x0001bd30   0x00000098   Code   RO          558    i.ble_advdata_set   ble_advdata.o
    0x0001bdc8   0x00000180   Code   RO          676    i.ble_advertising_init  ble_advertising.o
    0x0001bf48   0x0000010c   Code   RO          677    i.ble_advertising_on_ble_evt  ble_advertising.o
    0x0001c054   0x00000054   Code   RO          678    i.ble_advertising_on_sys_evt  ble_advertising.o
    0x0001c0a8   0x00000010   Code   RO          680    i.ble_advertising_peer_address_clear  ble_advertising.o
    0x0001c0b8   0x00000084   Code   RO          681    i.ble_advertising_restart_without_whitelist  ble_advertising.o
    0x0001c13c   0x000002bc   Code   RO          682    i.ble_advertising_start  ble_advertising.o
    0x0001c3f8   0x00000078   Code   RO          777    i.ble_conn_params_init  ble_conn_params.o
    0x0001c470   0x0000003e   Code   RO          778    i.ble_conn_params_on_ble_evt  ble_conn_params.o
    0x0001c4ae   0x00000070   Code   RO          559    i.ble_device_addr_encode  ble_advdata.o
    0x0001c51e   0x00000024   Code   RO            5    i.ble_evt_dispatch  main.o
    0x0001c542   0x00000002   PAD
    0x0001c544   0x00000114   Code   RO            6    i.ble_stack_init    main.o
    0x0001c658   0x00000050   Code   RO          914    i.bond_data_load    device_manager_peripheral.o
    0x0001c6a8   0x00000040   Code   RO          504    i.bsp_btn_ble_init  bsp_btn_ble.o
    0x0001c6e8   0x00000084   Code   RO          505    i.bsp_btn_ble_on_ble_evt  bsp_btn_ble.o
    0x0001c76c   0x0000001e   Code   RO          506    i.bsp_btn_ble_sleep_mode_prepare  bsp_btn_ble.o
    0x0001c78a   0x00000002   PAD
    0x0001c78c   0x000000d8   Code   RO          386    i.bsp_button_event_handler  bsp.o
    0x0001c864   0x00000038   Code   RO          387    i.bsp_button_is_pressed  bsp.o
    0x0001c89c   0x00000080   Code   RO            7    i.bsp_event_handler  main.o
    0x0001c91c   0x0000005c   Code   RO          391    i.bsp_event_to_button_action_assign  bsp.o
    0x0001c978   0x00000024   Code   RO          392    i.bsp_indication_set  bsp.o
    0x0001c99c   0x000000d4   Code   RO          394    i.bsp_init          bsp.o
    0x0001ca70   0x00000568   Code   RO          395    i.bsp_led_indication  bsp.o
    0x0001cfd8   0x0000005c   Code   RO          396    i.bsp_wakeup_buttons_set  bsp.o
    0x0001d034   0x0000000e   Code   RO          397    i.button_timer_handler  bsp.o
    0x0001d042   0x00000002   PAD
    0x0001d044   0x00000078   Code   RO            8    i.buttons_leds_init  main.o
    0x0001d0bc   0x00000020   Code   RO         1334    i.channel_free      nrf_drv_gpiote.o
    0x0001d0dc   0x00000010   Code   RO         1335    i.channel_handler_get  nrf_drv_gpiote.o
    0x0001d0ec   0x00000078   Code   RO         1336    i.channel_port_alloc  nrf_drv_gpiote.o
    0x0001d164   0x0000000c   Code   RO         1337    i.channel_port_get  nrf_drv_gpiote.o
    0x0001d170   0x00000114   Code   RO         1788    i.clear_operation_execute  pstorage.o
    0x0001d284   0x00000028   Code   RO         1789    i.clear_post_processing_run  pstorage.o
    0x0001d2ac   0x00000048   Code   RO         1790    i.cmd_process       pstorage.o
    0x0001d2f4   0x00000014   Code   RO         1791    i.cmd_queue_dequeue  pstorage.o
    0x0001d308   0x0000003c   Code   RO         1792    i.cmd_queue_element_init  pstorage.o
    0x0001d344   0x00000084   Code   RO         1793    i.cmd_queue_enqueue  pstorage.o
    0x0001d3c8   0x00000020   Code   RO         1794    i.cmd_queue_init    pstorage.o
    0x0001d3e8   0x00000028   Code   RO         1795    i.command_end_procedure_run  pstorage.o
    0x0001d410   0x0000002c   Code   RO         1796    i.command_queue_element_consume  pstorage.o
    0x0001d43c   0x0000008c   Code   RO         2244    i.compare_reg_update  app_timer.o
    0x0001d4c8   0x0000005c   Code   RO          560    i.conn_int_check    ble_advdata.o
    0x0001d524   0x0000006a   Code   RO          561    i.conn_int_encode   ble_advdata.o
    0x0001d58e   0x00000002   PAD
    0x0001d590   0x00000024   Code   RO            9    i.conn_params_error_handler  main.o
    0x0001d5b4   0x0000006c   Code   RO           10    i.conn_params_init  main.o
    0x0001d620   0x00000094   Code   RO          780    i.conn_params_negotiation  ble_conn_params.o
    0x0001d6b4   0x0000005a   Code   RO          507    i.connection_buttons_configure  bsp_btn_ble.o
    0x0001d70e   0x00000002   PAD
    0x0001d710   0x00000048   Code   RO          915    i.connection_instance_find  device_manager_peripheral.o
    0x0001d758   0x00000038   Code   RO          916    i.connection_instance_init  device_manager_peripheral.o
    0x0001d790   0x0000005c   Code   RO         2245    i.current_int_priority_get  app_timer.o
    0x0001d7ec   0x00000084   Code   RO         1797    i.data_page_erase_state_run  pstorage.o
    0x0001d870   0x00000038   Code   RO         1798    i.data_to_swap_write_state_run  pstorage.o
    0x0001d8a8   0x0000008c   Code   RO         2120    i.detection_delay_timeout_handler  app_button.o
    0x0001d934   0x000000d0   Code   RO          917    i.device_context_store  device_manager_peripheral.o
    0x0001da04   0x0000007c   Code   RO          918    i.device_instance_allocate  device_manager_peripheral.o
    0x0001da80   0x00000058   Code   RO          919    i.device_instance_find  device_manager_peripheral.o
    0x0001dad8   0x00000030   Code   RO          920    i.device_instance_free  device_manager_peripheral.o
    0x0001db08   0x00000038   Code   RO           11    i.device_manager_evt_handler  main.o
    0x0001db40   0x000000f0   Code   RO           12    i.device_manager_init  main.o
    0x0001dc30   0x00000650   Code   RO          925    i.dm_ble_evt_handler  device_manager_peripheral.o
    0x0001e280   0x0000001c   Code   RO          931    i.dm_handle_initialize  device_manager_peripheral.o
    0x0001e29c   0x00000108   Code   RO          932    i.dm_init           device_manager_peripheral.o
    0x0001e3a4   0x00000250   Code   RO          935    i.dm_pstorage_cb_handler  device_manager_peripheral.o
    0x0001e5f4   0x000000bc   Code   RO          936    i.dm_register       device_manager_peripheral.o
    0x0001e6b0   0x00000064   Code   RO         2246    i.elapsed_ticks_acquire  app_timer.o
    0x0001e714   0x00000044   Code   RO         1799    i.erase_sub_state_sm_run  pstorage.o
    0x0001e758   0x0000005c   Code   RO         2247    i.expired_timers_handler  app_timer.o
    0x0001e7b4   0x00000036   Code   RO          562    i.flags_encode      ble_advdata.o
    0x0001e7ea   0x0000003c   Code   RO          684    i.flash_access_in_progress  ble_advertising.o
    0x0001e826   0x00000002   PAD
    0x0001e828   0x00000030   Code   RO         1800    i.flash_api_err_code_process  pstorage.o
    0x0001e858   0x00000040   Code   RO         1801    i.flash_operation_failure_run  pstorage.o
    0x0001e898   0x00000030   Code   RO         1802    i.flash_operation_success_run  pstorage.o
    0x0001e8c8   0x00000010   Code   RO         1803    i.flash_page_erase  pstorage.o
    0x0001e8d8   0x00000018   Code   RO         1804    i.flash_write       pstorage.o
    0x0001e8f0   0x00000018   Code   RO         2527    i.fs_queued_op_count_get  fstorage.o
    0x0001e908   0x000000b0   Code   RO           13    i.gap_params_init   main.o
    0x0001e9b8   0x00000006   Code   RO          943    i.gattc_context_apply  device_manager_peripheral.o
    0x0001e9be   0x00000006   Code   RO          944    i.gattc_context_load  device_manager_peripheral.o
    0x0001e9c4   0x00000006   Code   RO          945    i.gattc_context_store  device_manager_peripheral.o
    0x0001e9ca   0x00000002   PAD
    0x0001e9cc   0x000000f4   Code   RO          946    i.gatts_context_apply  device_manager_peripheral.o
    0x0001eac0   0x00000048   Code   RO          947    i.gatts_context_load  device_manager_peripheral.o
    0x0001eb08   0x000000dc   Code   RO          948    i.gatts_context_store  device_manager_peripheral.o
    0x0001ebe4   0x0000001a   Code   RO          949    i.gattsc_context_apply  device_manager_peripheral.o
    0x0001ebfe   0x0000001e   Code   RO          950    i.gattsc_context_load  device_manager_peripheral.o
    0x0001ec1c   0x0000001e   Code   RO          951    i.gattsc_context_store  device_manager_peripheral.o
    0x0001ec3a   0x00000002   PAD
    0x0001ec3c   0x00000080   Code   RO         2121    i.gpiote_event_handler  app_button.o
    0x0001ecbc   0x00000070   Code   RO         1805    i.head_restore_state_run  pstorage.o
    0x0001ed2c   0x000000c0   Code   RO         2803    i.intern_softdevice_events_execute  softdevice_handler.o
    0x0001edec   0x00000024   Code   RO          781    i.is_conn_params_ok  ble_conn_params.o
    0x0001ee10   0x00000038   Code   RO         2916    i.is_disabled_in_debug_needed  system_nrf51.o
    0x0001ee48   0x0000006c   Code   RO         2917    i.is_manual_peripheral_setup_needed  system_nrf51.o
    0x0001eeb4   0x00000058   Code   RO         1806    i.is_page_erase_required  pstorage.o
    0x0001ef0c   0x00000054   Code   RO         2918    i.is_peripheral_domain_setup_needed  system_nrf51.o
    0x0001ef60   0x00000050   Code   RO         1807    i.is_tail_data_page_swap_required  pstorage.o
    0x0001efb0   0x00000012   Code   RO         1808    i.is_word_aligned   pstorage.o
    0x0001efc2   0x0000006a   Code   RO          563    i.le_role_encode    ble_advdata.o
    0x0001f02c   0x00000024   Code   RO          398    i.leds_timer_handler  bsp.o
    0x0001f050   0x00000094   Code   RO         2248    i.list_deletions_handler  app_timer.o
    0x0001f0e4   0x00000110   Code   RO         2249    i.list_insertions_handler  app_timer.o
    0x0001f1f4   0x00000064   Code   RO           14    i.main              main.o
    0x0001f258   0x00000020   Code   RO         1809    i.main_state_err_busy_process  pstorage.o
    0x0001f278   0x00000078   Code   RO          564    i.manuf_specific_data_encode  ble_advdata.o
    0x0001f2f0   0x000000c6   Code   RO          565    i.name_encode       ble_advdata.o
    0x0001f3b6   0x00000006   Code   RO          952    i.no_service_context_apply  device_manager_peripheral.o
    0x0001f3bc   0x00000006   Code   RO          953    i.no_service_context_load  device_manager_peripheral.o
    0x0001f3c2   0x00000006   Code   RO          954    i.no_service_context_store  device_manager_peripheral.o
    0x0001f3c8   0x00000038   Code   RO         1296    i.nrf_drv_common_irq_enable  nrf_drv_common.o
    0x0001f400   0x000000c8   Code   RO         1340    i.nrf_drv_gpiote_in_event_enable  nrf_drv_gpiote.o
    0x0001f4c8   0x000000f4   Code   RO         1341    i.nrf_drv_gpiote_in_init  nrf_drv_gpiote.o
    0x0001f5bc   0x00000020   Code   RO         1342    i.nrf_drv_gpiote_in_is_set  nrf_drv_gpiote.o
    0x0001f5dc   0x00000050   Code   RO         1344    i.nrf_drv_gpiote_init  nrf_drv_gpiote.o
    0x0001f62c   0x00000014   Code   RO         1345    i.nrf_drv_gpiote_is_init  nrf_drv_gpiote.o
    0x0001f640   0x00000026   Code   RO         1357    i.nrf_gpio_cfg      nrf_drv_gpiote.o
    0x0001f666   0x00000046   Code   RO         1359    i.nrf_gpio_cfg_sense_set  nrf_drv_gpiote.o
    0x0001f6ac   0x0000000c   Code   RO         1362    i.nrf_gpiote_event_addr_get  nrf_drv_gpiote.o
    0x0001f6b8   0x00000010   Code   RO         1363    i.nrf_gpiote_event_clear  nrf_drv_gpiote.o
    0x0001f6c8   0x00000016   Code   RO         1364    i.nrf_gpiote_event_is_set  nrf_drv_gpiote.o
    0x0001f6de   0x00000002   PAD
    0x0001f6e0   0x0000000c   Code   RO         1365    i.nrf_gpiote_int_enable  nrf_drv_gpiote.o
    0x0001f6ec   0x00000014   Code   RO         1587    i.nrf_uart_errorsrc_get_and_clear  nrf_drv_uart.o
    0x0001f700   0x00000010   Code   RO         1588    i.nrf_uart_event_check  nrf_drv_uart.o
    0x0001f710   0x00000006   Code   RO         1589    i.nrf_uart_event_clear  nrf_drv_uart.o
    0x0001f716   0x0000000a   Code   RO         1591    i.nrf_uart_int_disable  nrf_drv_uart.o
    0x0001f720   0x00000018   Code   RO         1593    i.nrf_uart_int_enable_check  nrf_drv_uart.o
    0x0001f738   0x00000006   Code   RO         1594    i.nrf_uart_task_trigger  nrf_drv_uart.o
    0x0001f73e   0x00000002   PAD
    0x0001f740   0x0000004c   Code   RO           15    i.on_adv_evt        main.o
    0x0001f78c   0x00000060   Code   RO           16    i.on_ble_evt        main.o
    0x0001f7ec   0x00000044   Code   RO           17    i.on_conn_params_evt  main.o
    0x0001f830   0x00000018   Code   RO          782    i.on_conn_params_update  ble_conn_params.o
    0x0001f848   0x0000003c   Code   RO          783    i.on_connect        ble_conn_params.o
    0x0001f884   0x00000044   Code   RO          784    i.on_disconnect     ble_conn_params.o
    0x0001f8c8   0x0000005c   Code   RO          785    i.on_write          ble_conn_params.o
    0x0001f924   0x0000016c   Code   RO          317    i.our_char_add      peggy_service.o
    0x0001fa90   0x00000084   Code   RO          318    i.our_service_init  peggy_service.o
    0x0001fb14   0x0000001a   Code   RO          685    i.peer_address_exists  ble_advertising.o
    0x0001fb2e   0x00000002   PAD
    0x0001fb30   0x0000005c   Code   RO          955    i.peer_instance_init  device_manager_peripheral.o
    0x0001fb8c   0x0000001c   Code   RO         1367    i.pin_in_use_by_gpiote  nrf_drv_gpiote.o
    0x0001fba8   0x00000018   Code   RO         1368    i.pin_in_use_by_port  nrf_drv_gpiote.o
    0x0001fbc0   0x00000020   Code   RO         1369    i.pin_in_use_by_te  nrf_drv_gpiote.o
    0x0001fbe0   0x00000010   Code   RO         1370    i.pin_in_use_clear  nrf_drv_gpiote.o
    0x0001fbf0   0x00000034   Code   RO           18    i.power_manage      main.o
    0x0001fc24   0x00000030   Code   RO         1810    i.pstorage_access_status_get  pstorage.o
    0x0001fc54   0x000000a4   Code   RO         1811    i.pstorage_block_identifier_get  pstorage.o
    0x0001fcf8   0x00000118   Code   RO         1812    i.pstorage_clear    pstorage.o
    0x0001fe10   0x00000028   Code   RO         1813    i.pstorage_flash_page_end  pstorage.o
    0x0001fe38   0x0000000a   Code   RO         1814    i.pstorage_flash_page_size  pstorage.o
    0x0001fe42   0x00000002   PAD
    0x0001fe44   0x00000088   Code   RO         1815    i.pstorage_init     pstorage.o
    0x0001fecc   0x000000fc   Code   RO         1816    i.pstorage_load     pstorage.o
    0x0001ffc8   0x00000120   Code   RO         1817    i.pstorage_register  pstorage.o
    0x000200e8   0x000000e0   Code   RO         1818    i.pstorage_store    pstorage.o
    0x000201c8   0x0000004c   Code   RO         1819    i.pstorage_sys_event_handler  pstorage.o
    0x00020214   0x000000e0   Code   RO         1820    i.pstorage_update   pstorage.o
    0x000202f4   0x0000000c   Code   RO         2250    i.rtc1_compare0_set  app_timer.o
    0x00020300   0x0000000c   Code   RO         2251    i.rtc1_counter_get  app_timer.o
    0x0002030c   0x00000018   Code   RO         2252    i.rtc1_init         app_timer.o
    0x00020324   0x0000003c   Code   RO         2253    i.rtc1_start        app_timer.o
    0x00020360   0x00000058   Code   RO         2254    i.rtc1_stop         app_timer.o
    0x000203b8   0x0000005c   Code   RO         1597    i.rx_byte           nrf_drv_uart.o
    0x00020414   0x00000024   Code   RO         1598    i.rx_done_event     nrf_drv_uart.o
    0x00020438   0x0000001c   Code   RO         2804    i.sd_check_ram_start  softdevice_handler.o
    0x00020454   0x000000d0   Code   RO         2805    i.sd_nvic_EnableIRQ  softdevice_handler.o
    0x00020524   0x00000036   Code   RO          566    i.sec_mgr_oob_flags_encode  ble_advdata.o
    0x0002055a   0x00000096   Code   RO          567    i.service_data_encode  ble_advdata.o
    0x000205f0   0x00000010   Code   RO           19    i.services_init     main.o
    0x00020600   0x00000070   Code   RO           20    i.sleep_mode_enter  main.o
    0x00020670   0x00000014   Code   RO         1821    i.sm_state_change   pstorage.o
    0x00020684   0x0000001c   Code   RO         2806    i.softdevice_ble_evt_handler_set  softdevice_handler.o
    0x000206a0   0x0000001c   Code   RO         2807    i.softdevice_enable  softdevice_handler.o
    0x000206bc   0x0000002e   Code   RO         2808    i.softdevice_enable_get_default_config  softdevice_handler.o
    0x000206ea   0x00000014   Code   RO         2809    i.softdevice_fault_handler  softdevice_handler.o
    0x000206fe   0x00000002   PAD
    0x00020700   0x0000006c   Code   RO         2810    i.softdevice_handler_init  softdevice_handler.o
    0x0002076c   0x0000001c   Code   RO         2813    i.softdevice_sys_evt_handler_set  softdevice_handler.o
    0x00020788   0x00000010   Code   RO          568    i.srdata_check      ble_advdata.o
    0x00020798   0x00000054   Code   RO          508    i.startup_event_extract  bsp_btn_ble.o
    0x000207ec   0x00000010   Code   RO         1822    i.state_data_erase_entry_run  pstorage.o
    0x000207fc   0x00000098   Code   RO         1823    i.state_data_erase_swap_entry_run  pstorage.o
    0x00020894   0x0000003c   Code   RO         1824    i.state_entry_action_run  pstorage.o
    0x000208d0   0x00000010   Code   RO         1825    i.state_erase_data_page_entry_run  pstorage.o
    0x000208e0   0x0000001c   Code   RO         1826    i.state_idle_entry_run  pstorage.o
    0x000208fc   0x00000034   Code   RO         1827    i.state_restore_head_entry_run  pstorage.o
    0x00020930   0x00000054   Code   RO         1828    i.state_restore_tail_entry_run  pstorage.o
    0x00020984   0x00000008   Code   RO         1829    i.state_store_entry_run  pstorage.o
    0x0002098c   0x00000026   Code   RO         1830    i.state_swap_erase_entry_run  pstorage.o
    0x000209b2   0x00000002   PAD
    0x000209b4   0x00000034   Code   RO         1831    i.state_write_data_swap_entry_run  pstorage.o
    0x000209e8   0x00000008   Code   RO          956    i.storage_operation_dummy_handler  device_manager_peripheral.o
    0x000209f0   0x00000064   Code   RO         1832    i.store_cmd_flash_write_execute  pstorage.o
    0x00020a54   0x0000000a   Code   RO         1833    i.store_operation_execute  pstorage.o
    0x00020a5e   0x00000002   PAD
    0x00020a60   0x0000004c   Code   RO         1834    i.store_sub_state_sm_run  pstorage.o
    0x00020aac   0x00000020   Code   RO         1835    i.swap_erase_state_run  pstorage.o
    0x00020acc   0x00000008   Code   RO         1836    i.swap_sub_sm_exit_action_run  pstorage.o
    0x00020ad4   0x00000018   Code   RO         1837    i.swap_sub_state_entry_action_run  pstorage.o
    0x00020aec   0x00000020   Code   RO         1838    i.swap_sub_state_err_busy_process  pstorage.o
    0x00020b0c   0x00000018   Code   RO         1839    i.swap_sub_state_sm_run  pstorage.o
    0x00020b24   0x00000014   Code   RO         1840    i.swap_sub_state_state_change  pstorage.o
    0x00020b38   0x00000012   Code   RO           21    i.sys_evt_dispatch  main.o
    0x00020b4a   0x00000002   PAD
    0x00020b4c   0x00000020   Code   RO         1841    i.tail_restore_state_run  pstorage.o
    0x00020b6c   0x00000058   Code   RO         1842    i.tail_word_size_calculate  pstorage.o
    0x00020bc4   0x0000000a   Code   RO         2255    i.ticks_diff_get    app_timer.o
    0x00020bce   0x00000002   PAD
    0x00020bd0   0x0000007c   Code   RO         2256    i.timeout_handler_exec  app_timer.o
    0x00020c4c   0x00000058   Code   RO         2257    i.timer_list_handler  app_timer.o
    0x00020ca4   0x0000000a   Code   RO         2258    i.timer_list_handler_sched  app_timer.o
    0x00020cae   0x00000002   PAD
    0x00020cb0   0x0000006c   Code   RO         2259    i.timer_list_insert  app_timer.o
    0x00020d1c   0x00000070   Code   RO         2260    i.timer_list_remove  app_timer.o
    0x00020d8c   0x00000058   Code   RO         2261    i.timer_start_op_schedule  app_timer.o
    0x00020de4   0x00000040   Code   RO         2263    i.timer_stop_op_schedule  app_timer.o
    0x00020e24   0x00000094   Code   RO         2264    i.timer_timeouts_check  app_timer.o
    0x00020eb8   0x0000000a   Code   RO         2265    i.timer_timeouts_check_sched  app_timer.o
    0x00020ec2   0x00000002   PAD
    0x00020ec4   0x00000044   Code   RO           22    i.timers_init       main.o
    0x00020f08   0x00000046   Code   RO          569    i.tk_value_encode   ble_advdata.o
    0x00020f4e   0x00000002   PAD
    0x00020f50   0x00000038   Code   RO         1600    i.tx_byte           nrf_drv_uart.o
    0x00020f88   0x0000002c   Code   RO         1601    i.tx_done_event     nrf_drv_uart.o
    0x00020fb4   0x00000036   Code   RO          570    i.tx_power_level_encode  ble_advdata.o
    0x00020fea   0x00000002   PAD
    0x00020fec   0x00000174   Code   RO         1602    i.uart_irq_handler  nrf_drv_uart.o
    0x00021160   0x00000012   Code   RO          571    i.uint16_encode     ble_advdata.o
    0x00021172   0x00000008   Code   RO         1843    i.update_operation_execute  pstorage.o
    0x0002117a   0x00000002   PAD
    0x0002117c   0x00000014   Code   RO          957    i.update_status_bit_reset  device_manager_peripheral.o
    0x00021190   0x0000009c   Code   RO          786    i.update_timeout_handler  ble_conn_params.o
    0x0002122c   0x00000022   Code   RO         2266    i.user_id_get       app_timer.o
    0x0002124e   0x0000002e   Code   RO         2267    i.user_op_alloc     app_timer.o
    0x0002127c   0x00000004   Code   RO         2268    i.user_op_enque     app_timer.o
    0x00021280   0x0000004c   Code   RO          572    i.uuid_list_encode  ble_advdata.o
    0x000212cc   0x000000e0   Code   RO          573    i.uuid_list_sized_encode  ble_advdata.o
    0x000213ac   0x00000016   Code   RO          686    i.whitelist_has_entries  ble_advertising.o
    0x000213c2   0x00000002   PAD
    0x000213c4   0x00000004   Data   RO           24    .constdata          main.o
    0x000213c8   0x00000020   Data   RO          319    .constdata          peggy_service.o
    0x000213e8   0x0000003c   Data   RO          400    .constdata          bsp.o
    0x00021424   0x00000004   Data   RO          788    .constdata          ble_conn_params.o
    0x00021428   0x00000034   Data   RO          959    .constdata          device_manager_peripheral.o
    0x0002145c   0x00000028   Data   RO         1845    .constdata          pstorage.o
    0x00021484   0x00000008   Data   RO         2123    .constdata          app_button.o
    0x0002148c   0x0000004c   Data   RO          960    .conststring        device_manager_peripheral.o
    0x000214d8   0x00000057   Data   RO         2814    .conststring        softdevice_handler.o
    0x0002152f   0x00000001   PAD
    0x00021530   0x00000020   Data   RO         3043    Region$$Table       anon$$obj.o


    Execution Region RW_IRAM1 (Base: 0x20002080, Size: 0x00000ff0, Max: 0x00005f80, ABSOLUTE)

    Base Addr    Size         Type   Attr      Idx    E Section Name        Object

    0x20002080   0x00000004   Data   RW           25    .data               main.o
    0x20002084   0x00000019   Data   RW          401    .data               bsp.o
    0x2000209d   0x00000003   PAD
    0x200020a0   0x00000008   Data   RW          509    .data               bsp_btn_ble.o
    0x200020a8   0x00000020   Data   RW          688    .data               ble_advertising.o
    0x200020c8   0x00000015   Data   RW          789    .data               ble_conn_params.o
    0x200020dd   0x00000003   PAD
    0x200020e0   0x00000014   Data   RW          961    .data               device_manager_peripheral.o
    0x200020f4   0x00000028   Data   RW         1846    .data               pstorage.o
    0x2000211c   0x00000014   Data   RW         2124    .data               app_button.o
    0x20002130   0x00000022   Data   RW         2269    .data               app_timer.o
    0x20002152   0x00000002   PAD
    0x20002154   0x00000020   Data   RW         2815    .data               softdevice_handler.o
    0x20002174   0x00000004   Data   RW         2919    .data               system_nrf51.o
    0x20002178   0x0000021c   Zero   RW           23    .bss                main.o
    0x20002394   0x0000006c   Zero   RW          399    .bss                bsp.o
    0x20002400   0x00000103   Zero   RW          687    .bss                ble_advertising.o
    0x20002503   0x00000001   PAD
    0x20002504   0x0000003c   Zero   RW          787    .bss                ble_conn_params.o
    0x20002540   0x0000014f   Zero   RW          958    .bss                device_manager_peripheral.o
    0x2000268f   0x00000001   PAD
    0x20002690   0x00000048   Zero   RW         1371    .bss                nrf_drv_gpiote.o
    0x200026d8   0x0000001c   Zero   RW         1603    .bss                nrf_drv_uart.o
    0x200026f4   0x000000e4   Zero   RW         1844    .bss                pstorage.o
    0x200027d8   0x00000020   Zero   RW         2122    .bss                app_button.o
    0x200027f8   0x00000020   Zero   RW         2177    .bss                app_error.o
    0x20002818   0x00000058   Zero   RW         2538    .bss                fstorage.o
    0x20002870   0x00000800   Zero   RW         2905    STACK               arm_startup_nrf51.o


==============================================================================

Image component sizes


      Code (inc. data)   RO Data    RW Data    ZI Data      Debug   Object Name

       484         78          8         20         32       9298   app_button.o
       172         12          0          0         32       4190   app_error.o
        26          0          0          0          0        778   app_error_weak.o
      2548        340          0         34          0      39127   app_timer.o
        56         18        192          0       2048        748   arm_startup_nrf51.o
      2206          4          0          0          0      25188   ble_advdata.o
      1692        168          0         32        259      18757   ble_advertising.o
       766        126          4         21         60      19552   ble_conn_params.o
      2202        184         60         25        108      19769   bsp.o
       490         20          0          8          0       6689   bsp_btn_ble.o
      4170        308        128         20        335      34097   device_manager_peripheral.o
        24          4          0          0         88       3540   fstorage.o
      1902        356          4          4        540      96619   main.o
       176         18          0          0          0       9332   nrf_drv_common.o
      1526        114          0          0         72      26308   nrf_drv_gpiote.o
       690         38          0          0         28      16451   nrf_drv_uart.o
       496         72         32          0          0      40939   peggy_service.o
      4308        438         40         40        228      49398   pstorage.o
       746         96         87         32          0      24521   softdevice_handler.o
       348         38          0          4          0       2859   system_nrf51.o

    ----------------------------------------------------------------------
     25078       2432        588        248       3832     448160   Object Totals
         0          0         32          0          0          0   (incl. Generated)
        50          0          1          8          2          0   (incl. Padding)

    ----------------------------------------------------------------------

      Code (inc. data)   RO Data    RW Data    ZI Data      Debug   Library Member Name

         0          0          0          0          0          0   entry.o
         0          0          0          0          0          0   entry10a.o
         0          0          0          0          0          0   entry11a.o
         8          4          0          0          0          0   entry2.o
         4          0          0          0          0          0   entry5.o
         0          0          0          0          0          0   entry7b.o
         0          0          0          0          0          0   entry8b.o
         8          4          0          0          0          0   entry9a.o
        30          0          0          0          0          0   handlers.o
        40          0          0          0          0         72   idiv.o
        36          8          0          0          0         68   init.o
        26          0          0          0          0         72   memcmp.o
        36          0          0          0          0         60   memcpya.o
        36          0          0          0          0        100   memseta.o
        44          0          0          0          0         72   uidiv.o

    ----------------------------------------------------------------------
       270         16          0          0          0        444   Library Totals
         2          0          0          0          0          0   (incl. Padding)

    ----------------------------------------------------------------------

      Code (inc. data)   RO Data    RW Data    ZI Data      Debug   Library Name

       268         16          0          0          0        444   mc_p.l

    ----------------------------------------------------------------------
       270         16          0          0          0        444   Library Totals

    ----------------------------------------------------------------------

==============================================================================


      Code (inc. data)   RO Data    RW Data    ZI Data      Debug   

     25348       2448        588        248       3832     437704   Grand Totals
     25348       2448        588        248       3832     437704   ELF Image Totals
     25348       2448        588        248          0          0   ROM Totals

==============================================================================

    Total RO  Size (Code + RO Data)                25936 (  25.33kB)
    Total RW  Size (RW Data + ZI Data)              4080 (   3.98kB)
    Total ROM Size (Code + RO Data + RW Data)      26184 (  25.57kB)

==============================================================================

