Component: ARM Compiler 5.06 update 4 (build 422) Tool: armlink [4d35d2]

==============================================================================

Section Cross References

    main.o(i.assert_nrf_callback) refers to app_error.o(i.app_error_handler) for app_error_handler
    main.o(i.ble_evt_dispatch) refers to device_manager_peripheral.o(i.dm_ble_evt_handler) for dm_ble_evt_handler
    main.o(i.ble_evt_dispatch) refers to ble_conn_params.o(i.ble_conn_params_on_ble_evt) for ble_conn_params_on_ble_evt
    main.o(i.ble_evt_dispatch) refers to bsp_btn_ble.o(i.bsp_btn_ble_on_ble_evt) for bsp_btn_ble_on_ble_evt
    main.o(i.ble_evt_dispatch) refers to ble_advertising.o(i.ble_advertising_on_ble_evt) for ble_advertising_on_ble_evt
    main.o(i.ble_evt_dispatch) refers to bsp.o(i.bsp_indication_set) for bsp_indication_set
    main.o(i.ble_evt_dispatch) refers to app_error.o(i.app_error_handler_bare) for app_error_handler_bare
    main.o(i.ble_evt_dispatch) refers to service_if.o(i.bluetooth_on_ble_evt) for bluetooth_on_ble_evt
    main.o(i.ble_evt_dispatch) refers to main.o(.data) for .data
    main.o(i.ble_stack_init) refers to softdevice_handler.o(i.softdevice_handler_init) for softdevice_handler_init
    main.o(i.ble_stack_init) refers to app_error.o(i.app_error_handler_bare) for app_error_handler_bare
    main.o(i.ble_stack_init) refers to softdevice_handler.o(i.softdevice_enable_get_default_config) for softdevice_enable_get_default_config
    main.o(i.ble_stack_init) refers to softdevice_handler.o(i.sd_check_ram_start) for sd_check_ram_start
    main.o(i.ble_stack_init) refers to softdevice_handler.o(i.softdevice_enable) for softdevice_enable
    main.o(i.ble_stack_init) refers to softdevice_handler.o(i.softdevice_ble_evt_handler_set) for softdevice_ble_evt_handler_set
    main.o(i.ble_stack_init) refers to softdevice_handler.o(i.softdevice_sys_evt_handler_set) for softdevice_sys_evt_handler_set
    main.o(i.ble_stack_init) refers to main.o(.constdata) for .constdata
    main.o(i.ble_stack_init) refers to main.o(.bss) for .bss
    main.o(i.ble_stack_init) refers to main.o(i.ble_evt_dispatch) for ble_evt_dispatch
    main.o(i.ble_stack_init) refers to main.o(i.sys_evt_dispatch) for sys_evt_dispatch
    main.o(i.bsp_event_handler) refers to main.o(i.__ARM_common_switch8) for __ARM_common_switch8
    main.o(i.bsp_event_handler) refers to main.o(i.sleep_mode_enter) for sleep_mode_enter
    main.o(i.bsp_event_handler) refers to app_error.o(i.app_error_handler_bare) for app_error_handler_bare
    main.o(i.bsp_event_handler) refers to ble_advertising.o(i.ble_advertising_restart_without_whitelist) for ble_advertising_restart_without_whitelist
    main.o(i.bsp_event_handler) refers to service_if.o(i.test_function) for test_function
    main.o(i.bsp_event_handler) refers to main.o(.data) for .data
    main.o(i.conn_params_error_handler) refers to app_error.o(i.app_error_handler_bare) for app_error_handler_bare
    main.o(i.device_manager_evt_handler) refers to app_error.o(i.app_error_handler_bare) for app_error_handler_bare
    main.o(i.device_manager_init) refers to pstorage.o(i.pstorage_init) for pstorage_init
    main.o(i.device_manager_init) refers to app_error.o(i.app_error_handler_bare) for app_error_handler_bare
    main.o(i.device_manager_init) refers to device_manager_peripheral.o(i.dm_init) for dm_init
    main.o(i.device_manager_init) refers to memseta.o(.text) for __aeabi_memclr
    main.o(i.device_manager_init) refers to service_if.o(i.pass_dm_info) for pass_dm_info
    main.o(i.device_manager_init) refers to device_manager_peripheral.o(i.dm_register) for dm_register
    main.o(i.device_manager_init) refers to main.o(i.device_manager_evt_handler) for device_manager_evt_handler
    main.o(i.device_manager_init) refers to main.o(.data) for .data
    main.o(i.main) refers to app_timer.o(i.app_timer_init) for app_timer_init
    main.o(i.main) refers to app_error.o(i.app_error_handler_bare) for app_error_handler_bare
    main.o(i.main) refers to bsp.o(i.bsp_init) for bsp_init
    main.o(i.main) refers to bsp_btn_ble.o(i.bsp_btn_ble_init) for bsp_btn_ble_init
    main.o(i.main) refers to main.o(i.ble_stack_init) for ble_stack_init
    main.o(i.main) refers to main.o(i.device_manager_init) for device_manager_init
    main.o(i.main) refers to memseta.o(.text) for __aeabi_memclr4
    main.o(i.main) refers to ble_advertising.o(i.ble_advertising_init) for ble_advertising_init
    main.o(i.main) refers to service_if.o(i.bluetooth_init) for bluetooth_init
    main.o(i.main) refers to ble_conn_params.o(i.ble_conn_params_init) for ble_conn_params_init
    main.o(i.main) refers to segger_rtt.o(i.SEGGER_RTT_WriteString) for SEGGER_RTT_WriteString
    main.o(i.main) refers to ble_advertising.o(i.ble_advertising_start) for ble_advertising_start
    main.o(i.main) refers to main.o(.bss) for .bss
[...]
    i.ble_stack_init                         0x0001c47c   Section        0  main.o(i.ble_stack_init)
    ble_stack_init                           0x0001c47d   Thumb Code   108  main.o(i.ble_stack_init)
    i.bluetooth_init                         0x0001c4fc   Section        0  service_if.o(i.bluetooth_init)
    i.bluetooth_on_ble_evt                   0x0001c540   Section        0  service_if.o(i.bluetooth_on_ble_evt)
    i.bond_data_load                         0x0001c550   Section        0  device_manager_peripheral.o(i.bond_data_load)
    i.bsp_btn_ble_init                       0x0001c598   Section        0  bsp_btn_ble.o(i.bsp_btn_ble_init)
    i.bsp_btn_ble_on_ble_evt                 0x0001c5ec   Section        0  bsp_btn_ble.o(i.bsp_btn_ble_on_ble_evt)
    i.bsp_btn_ble_sleep_mode_prepare         0x0001c664   Section        0  bsp_btn_ble.o(i.bsp_btn_ble_sleep_mode_prepare)
    i.bsp_button_event_handler               0x0001c678   Section        0  bsp.o(i.bsp_button_event_handler)
    bsp_button_event_handler                 0x0001c679   Thumb Code   148  bsp.o(i.bsp_button_event_handler)
    i.bsp_button_is_pressed                  0x0001c718   Section        0  bsp.o(i.bsp_button_is_pressed)
    i.bsp_event_handler                      0x0001c744   Section        0  main.o(i.bsp_event_handler)
    i.bsp_event_to_button_action_assign      0x0001c79c   Section        0  bsp.o(i.bsp_event_to_button_action_assign)
    i.bsp_indication_set                     0x0001c7e4   Section        0  bsp.o(i.bsp_indication_set)
    i.bsp_init                               0x0001c800   Section        0  bsp.o(i.bsp_init)
    i.bsp_led_indication                     0x0001c8a0   Section        0  bsp.o(i.bsp_led_indication)
    bsp_led_indication                       0x0001c8a1   Thumb Code   492  bsp.o(i.bsp_led_indication)
    i.bsp_wakeup_buttons_set                 0x0001ca98   Section        0  bsp.o(i.bsp_wakeup_buttons_set)
    i.button_timer_handler                   0x0001cad4   Section        0  bsp.o(i.button_timer_handler)
    button_timer_handler                     0x0001cad5   Thumb Code    12  bsp.o(i.button_timer_handler)
    i.channel_free                           0x0001cae0   Section        0  nrf_drv_gpiote.o(i.channel_free)
    channel_free                             0x0001cae1   Thumb Code    22  nrf_drv_gpiote.o(i.channel_free)
    i.channel_port_alloc                     0x0001cafc   Section        0  nrf_drv_gpiote.o(i.channel_port_alloc)
    channel_port_alloc                       0x0001cafd   Thumb Code    66  nrf_drv_gpiote.o(i.channel_port_alloc)
    i.channel_port_get                       0x0001cb44   Section        0  nrf_drv_gpiote.o(i.channel_port_get)
    channel_port_get                         0x0001cb45   Thumb Code    10  nrf_drv_gpiote.o(i.channel_port_get)
    i.characteristic_add                     0x0001cb54   Section        0  ble_srv_common.o(i.characteristic_add)
    i.clear_operation_execute                0x0001cce4   Section        0  pstorage.o(i.clear_operation_execute)
    clear_operation_execute                  0x0001cce5   Thumb Code   252  pstorage.o(i.clear_operation_execute)
    i.clear_post_processing_run              0x0001cde8   Section        0  pstorage.o(i.clear_post_processing_run)
    clear_post_processing_run                0x0001cde9   Thumb Code    32  pstorage.o(i.clear_post_processing_run)
    i.cmd_process                            0x0001ce0c   Section        0  pstorage.o(i.cmd_process)
    cmd_process                              0x0001ce0d   Thumb Code    46  pstorage.o(i.cmd_process)
    i.cmd_queue_element_init                 0x0001ce44   Section        0  pstorage.o(i.cmd_queue_element_init)
    cmd_queue_element_init                   0x0001ce45   Thumb Code    26  pstorage.o(i.cmd_queue_element_init)
    i.cmd_queue_enqueue                      0x0001ce64   Section        0  pstorage.o(i.cmd_queue_enqueue)
    cmd_queue_enqueue                        0x0001ce65   Thumb Code    68  pstorage.o(i.cmd_queue_enqueue)
    i.coin_event_notification_encode         0x0001ceb0   Section        0  ble_peggy_peripheral.o(i.coin_event_notification_encode)
    coin_event_notification_encode           0x0001ceb1   Thumb Code     8  ble_peggy_peripheral.o(i.coin_event_notification_encode)
    i.command_end_procedure_run              0x0001ceb8   Section        0  pstorage.o(i.command_end_procedure_run)
    command_end_procedure_run                0x0001ceb9   Thumb Code    56  pstorage.o(i.command_end_procedure_run)
    i.compare_reg_update                     0x0001cef4   Section        0  app_timer.o(i.compare_reg_update)
    compare_reg_update                       0x0001cef5   Thumb Code   142  app_timer.o(i.compare_reg_update)
    i.conn_int_encode                        0x0001cf9c   Section        0  ble_advdata.o(i.conn_int_encode)
    conn_int_encode                          0x0001cf9d   Thumb Code   130  ble_advdata.o(i.conn_int_encode)
    i.conn_params_error_handler              0x0001d024   Section        0  main.o(i.conn_params_error_handler)
    conn_params_error_handler                0x0001d025   Thumb Code     8  main.o(i.conn_params_error_handler)
    i.conn_params_negotiation                0x0001d02c   Section        0  ble_conn_params.o(i.conn_params_negotiation)
    conn_params_negotiation                  0x0001d02d   Thumb Code    92  ble_conn_params.o(i.conn_params_negotiation)
    i.connection_instance_find               0x0001d094   Section        0  device_manager_peripheral.o(i.connection_instance_find)
    connection_instance_find                 0x0001d095   Thumb Code    38  device_manager_peripheral.o(i.connection_instance_find)
    i.connection_instance_init               0x0001d0c4   Section        0  device_manager_peripheral.o(i.connection_instance_init)
    connection_instance_init                 0x0001d0c5   Thumb Code    30  device_manager_peripheral.o(i.connection_instance_init)
    i.data_page_erase_state_run              0x0001d0e8   Section        0  pstorage.o(i.data_page_erase_state_run)
    data_page_erase_state_run                0x0001d0e9   Thumb Code    80  pstorage.o(i.data_page_erase_state_run)
    i.data_to_swap_write_state_run           0x0001d13c   Section        0  pstorage.o(i.data_to_swap_write_state_run)
    data_to_swap_write_state_run             0x0001d13d   Thumb Code    34  pstorage.o(i.data_to_swap_write_state_run)
    i.detection_delay_timeout_handler        0x0001d164   Section        0  app_button.o(i.detection_delay_timeout_handler)
    detection_delay_timeout_handler          0x0001d165   Thumb Code    90  app_button.o(i.detection_delay_timeout_handler)
    i.device_context_store                   0x0001d1c4   Section        0  device_manager_peripheral.o(i.device_context_store)
    device_context_store                     0x0001d1c5   Thumb Code   150  device_manager_peripheral.o(i.device_context_store)
    i.device_instance_allocate               0x0001d278   Section        0  device_manager_peripheral.o(i.device_instance_allocate)
    device_instance_allocate                 0x0001d279   Thumb Code    74  device_manager_peripheral.o(i.device_instance_allocate)
    i.device_instance_find                   0x0001d2cc   Section        0  device_manager_peripheral.o(i.device_instance_find)
    device_instance_find                     0x0001d2cd   Thumb Code    68  device_manager_peripheral.o(i.device_instance_find)
    i.device_instance_free                   0x0001d314   Section        0  device_manager_peripheral.o(i.device_instance_free)
    device_instance_free                     0x0001d315   Thumb Code    40  device_manager_peripheral.o(i.device_instance_free)
    i.device_manager_evt_handler             0x0001d340   Section        0  main.o(i.device_manager_evt_handler)
    device_manager_evt_handler               0x0001d341   Thumb Code    14  main.o(i.device_manager_evt_handler)
    i.device_manager_init                    0x0001d350   Section        0  main.o(i.device_manager_init)
    device_manager_init                      0x0001d351   Thumb Code   104  main.o(i.device_manager_init)
    i.dm_ble_evt_handler                     0x0001d3c0   Section        0  device_manager_peripheral.o(i.dm_ble_evt_handler)
    i.dm_device_delete_all                   0x0001d7ac   Section        0  device_manager_peripheral.o(i.dm_device_delete_all)
    i.dm_handle_initialize                   0x0001d808   Section        0  device_manager_peripheral.o(i.dm_handle_initialize)
    i.dm_init                                0x0001d824   Section        0  device_manager_peripheral.o(i.dm_init)
    i.dm_pstorage_cb_handler                 0x0001d8e8   Section        0  device_manager_peripheral.o(i.dm_pstorage_cb_handler)
    dm_pstorage_cb_handler                   0x0001d8e9   Thumb Code   370  device_manager_peripheral.o(i.dm_pstorage_cb_handler)
    i.dm_register                            0x0001da70   Section        0  device_manager_peripheral.o(i.dm_register)
    i.elapsed_ticks_acquire                  0x0001dae4   Section        0  app_timer.o(i.elapsed_ticks_acquire)
    elapsed_ticks_acquire                    0x0001dae5   Thumb Code    58  app_timer.o(i.elapsed_ticks_acquire)
    i.flash_api_err_code_process             0x0001db24   Section        0  pstorage.o(i.flash_api_err_code_process)
    flash_api_err_code_process               0x0001db25   Thumb Code    28  pstorage.o(i.flash_api_err_code_process)
    i.flash_operation_success_run            0x0001db44   Section        0  pstorage.o(i.flash_operation_success_run)
    flash_operation_success_run              0x0001db45   Thumb Code   114  pstorage.o(i.flash_operation_success_run)
    i.flash_page_erase                       0x0001dbc4   Section        0  pstorage.o(i.flash_page_erase)
    flash_page_erase                         0x0001dbc5   Thumb Code    10  pstorage.o(i.flash_page_erase)
    i.flash_write                            0x0001dbce   Section        0  pstorage.o(i.flash_write)
    flash_write                              0x0001dbcf   Thumb Code    10  pstorage.o(i.flash_write)
    i.fs_queued_op_count_get                 0x0001dbd8   Section        0  fstorage.o(i.fs_queued_op_count_get)
    i.gattc_context_apply                    0x0001dbf0   Section        0  device_manager_peripheral.o(i.gattc_context_apply)
    gattc_context_apply                      0x0001dbf1   Thumb Code     4  device_manager_peripheral.o(i.gattc_context_apply)
    i.gattc_context_load                     0x0001dbf4   Section        0  device_manager_peripheral.o(i.gattc_context_load)
    gattc_context_load                       0x0001dbf5   Thumb Code     4  device_manager_peripheral.o(i.gattc_context_load)
    i.gattc_context_store                    0x0001dbf8   Section        0  device_manager_peripheral.o(i.gattc_context_store)
    gattc_context_store                      0x0001dbf9   Thumb Code     4  device_manager_peripheral.o(i.gattc_context_store)
    i.gatts_context_apply                    0x0001dbfc   Section        0  device_manager_peripheral.o(i.gatts_context_apply)
    gatts_context_apply                      0x0001dbfd   Thumb Code   160  device_manager_peripheral.o(i.gatts_context_apply)
    i.gatts_context_load                     0x0001dcac   Section        0  device_manager_peripheral.o(i.gatts_context_load)
    gatts_context_load                       0x0001dcad   Thumb Code    44  device_manager_peripheral.o(i.gatts_context_load)
    i.gatts_context_store                    0x0001dcdc   Section        0  device_manager_peripheral.o(i.gatts_context_store)
    gatts_context_store                      0x0001dcdd   Thumb Code   158  device_manager_peripheral.o(i.gatts_context_store)
    i.gattsc_context_apply                   0x0001dd88   Section        0  device_manager_peripheral.o(i.gattsc_context_apply)
    gattsc_context_apply                     0x0001dd89   Thumb Code     8  device_manager_peripheral.o(i.gattsc_context_apply)
    i.gattsc_context_load                    0x0001dd90   Section        0  device_manager_peripheral.o(i.gattsc_context_load)
    gattsc_context_load                      0x0001dd91   Thumb Code     8  device_manager_peripheral.o(i.gattsc_context_load)
    i.gattsc_context_store                   0x0001dd98   Section        0  device_manager_peripheral.o(i.gattsc_context_store)
    gattsc_context_store                     0x0001dd99   Thumb Code     8  device_manager_peripheral.o(i.gattsc_context_store)
    i.gpiote_event_handler                   0x0001dda0   Section        0  app_button.o(i.gpiote_event_handler)
    gpiote_event_handler                     0x0001dda1   Thumb Code    72  app_button.o(i.gpiote_event_handler)
    i.head_restore_state_run                 0x0001ddf0   Section        0  pstorage.o(i.head_restore_state_run)
    head_restore_state_run                   0x0001ddf1   Thumb Code   110  pstorage.o(i.head_restore_state_run)
    i.intern_softdevice_events_execute       0x0001de68   Section        0  softdevice_handler.o(i.intern_softdevice_events_execute)
    i.is_conn_params_ok                      0x0001dee0   Section        0  ble_conn_params.o(i.is_conn_params_ok)
    is_conn_params_ok                        0x0001dee1   Thumb Code    24  ble_conn_params.o(i.is_conn_params_ok)
    i.is_manual_peripheral_setup_needed      0x0001defc   Section        0  system_nrf51.o(i.is_manual_peripheral_setup_needed)
    is_manual_peripheral_setup_needed        0x0001defd   Thumb Code    66  system_nrf51.o(i.is_manual_peripheral_setup_needed)
    i.is_page_erase_required                 0x0001df44   Section        0  pstorage.o(i.is_page_erase_required)
    is_page_erase_required                   0x0001df45   Thumb Code    60  pstorage.o(i.is_page_erase_required)
    i.is_word_aligned                        0x0001df88   Section        0  pstorage.o(i.is_word_aligned)
    is_word_aligned                          0x0001df89   Thumb Code    12  pstorage.o(i.is_word_aligned)
    i.le_role_encode                         0x0001df94   Section        0  ble_advdata.o(i.le_role_encode)
    le_role_encode                           0x0001df95   Thumb Code    84  ble_advdata.o(i.le_role_encode)
    i.leds_timer_handler                     0x0001dfe8   Section        0  bsp.o(i.leds_timer_handler)
    leds_timer_handler                       0x0001dfe9   Thumb Code    18  bsp.o(i.leds_timer_handler)
    i.list_deletions_handler                 0x0001e000   Section        0  app_timer.o(i.list_deletions_handler)
    list_deletions_handler                   0x0001e001   Thumb Code   180  app_timer.o(i.list_deletions_handler)
    i.list_insertions_handler                0x0001e0bc   Section        0  app_timer.o(i.list_insertions_handler)
    list_insertions_handler                  0x0001e0bd   Thumb Code   202  app_timer.o(i.list_insertions_handler)
    i.main                                   0x0001e190   Section        0  main.o(i.main)
    i.main_state_err_busy_process            0x0001e300   Section        0  pstorage.o(i.main_state_err_busy_process)
    main_state_err_busy_process              0x0001e301   Thumb Code    20  pstorage.o(i.main_state_err_busy_process)
    i.manuf_specific_data_encode             0x0001e318   Section        0  ble_advdata.o(i.manuf_specific_data_encode)
    manuf_specific_data_encode               0x0001e319   Thumb Code   104  ble_advdata.o(i.manuf_specific_data_encode)
    i.name_encode                            0x0001e380   Section        0  ble_advdata.o(i.name_encode)
    name_encode                              0x0001e381   Thumb Code   158  ble_advdata.o(i.name_encode)
    i.no_service_context_apply               0x0001e41e   Section        0  device_manager_peripheral.o(i.no_service_context_apply)
    no_service_context_apply                 0x0001e41f   Thumb Code     4  device_manager_peripheral.o(i.no_service_context_apply)
    i.no_service_context_load                0x0001e422   Section        0  device_manager_peripheral.o(i.no_service_context_load)
    no_service_context_load                  0x0001e423   Thumb Code     4  device_manager_peripheral.o(i.no_service_context_load)
    i.no_service_context_store               0x0001e426   Section        0  device_manager_peripheral.o(i.no_service_context_store)
    no_service_context_store                 0x0001e427   Thumb Code     4  device_manager_peripheral.o(i.no_service_context_store)
    i.nrf_drv_common_irq_enable              0x0001e42c   Section        0  nrf_drv_common.o(i.nrf_drv_common_irq_enable)
    i.nrf_drv_gpiote_in_event_enable         0x0001e48c   Section        0  nrf_drv_gpiote.o(i.nrf_drv_gpiote_in_event_enable)
    i.nrf_drv_gpiote_in_init                 0x0001e52c   Section        0  nrf_drv_gpiote.o(i.nrf_drv_gpiote_in_init)
    i.nrf_drv_gpiote_in_is_set               0x0001e5d0   Section        0  nrf_drv_gpiote.o(i.nrf_drv_gpiote_in_is_set)
    i.nrf_drv_gpiote_init                    0x0001e5e4   Section        0  nrf_drv_gpiote.o(i.nrf_drv_gpiote_init)
    i.nrf_drv_gpiote_is_init                 0x0001e638   Section        0  nrf_drv_gpiote.o(i.nrf_drv_gpiote_is_init)
    i.nrf_gpio_cfg                           0x0001e648   Section        0  nrf_drv_gpiote.o(i.nrf_gpio_cfg)
    nrf_gpio_cfg                             0x0001e649   Thumb Code    32  nrf_drv_gpiote.o(i.nrf_gpio_cfg)
    i.nrf_gpio_cfg_sense_set                 0x0001e66c   Section        0  nrf_drv_gpiote.o(i.nrf_gpio_cfg_sense_set)
    nrf_gpio_cfg_sense_set                   0x0001e66d   Thumb Code    26  nrf_drv_gpiote.o(i.nrf_gpio_cfg_sense_set)
    i.nrf_gpiote_event_is_set                0x0001e68c   Section        0  nrf_drv_gpiote.o(i.nrf_gpiote_event_is_set)
    nrf_gpiote_event_is_set                  0x0001e68d   Thumb Code    14  nrf_drv_gpiote.o(i.nrf_gpiote_event_is_set)
    i.nrf_uart_event_check                   0x0001e6a0   Section        0  nrf_drv_uart.o(i.nrf_uart_event_check)
    nrf_uart_event_check                     0x0001e6a1   Thumb Code    10  nrf_drv_uart.o(i.nrf_uart_event_check)
    i.nrf_uart_int_enable_check              0x0001e6aa   Section        0  nrf_drv_uart.o(i.nrf_uart_int_enable_check)
    nrf_uart_int_enable_check                0x0001e6ab   Thumb Code    16  nrf_drv_uart.o(i.nrf_uart_int_enable_check)
    i.on_adv_evt                             0x0001e6ba   Section        0  main.o(i.on_adv_evt)
    on_adv_evt                               0x0001e6bb   Thumb Code    32  main.o(i.on_adv_evt)
    i.on_conn_params_evt                     0x0001e6dc   Section        0  main.o(i.on_conn_params_evt)
    on_conn_params_evt                       0x0001e6dd   Thumb Code    26  main.o(i.on_conn_params_evt)
    i.on_peggy_peripheral_evt                0x0001e6fc   Section        0  service_if.o(i.on_peggy_peripheral_evt)
    on_peggy_peripheral_evt                  0x0001e6fd   Thumb Code   112  service_if.o(i.on_peggy_peripheral_evt)
    i.on_write                               0x0001e794   Section        0  ble_peggy_peripheral.o(i.on_write)
    on_write                                 0x0001e795   Thumb Code   150  ble_peggy_peripheral.o(i.on_write)
    i.pass_dm_info                           0x0001e82c   Section        0  service_if.o(i.pass_dm_info)
    i.peer_address_exists                    0x0001e838   Section        0  ble_advertising.o(i.peer_address_exists)
    peer_address_exists                      0x0001e839   Thumb Code    22  ble_advertising.o(i.peer_address_exists)
    i.peer_instance_init                     0x0001e850   Section        0  device_manager_peripheral.o(i.peer_instance_init)
    peer_instance_init                       0x0001e851   Thumb Code    60  device_manager_peripheral.o(i.peer_instance_init)
    i.pending_transactions_encode            0x0001e890   Section        0  ble_peggy_peripheral.o(i.pending_transactions_encode)
    pending_transactions_encode              0x0001e891   Thumb Code    50  ble_peggy_peripheral.o(i.pending_transactions_encode)
    i.pin_in_use_by_port                     0x0001e8c4   Section        0  nrf_drv_gpiote.o(i.pin_in_use_by_port)
    pin_in_use_by_port                       0x0001e8c5   Thumb Code    20  nrf_drv_gpiote.o(i.pin_in_use_by_port)
    i.pin_in_use_by_te                       0x0001e8dc   Section        0  nrf_drv_gpiote.o(i.pin_in_use_by_te)
    pin_in_use_by_te                         0x0001e8dd   Thumb Code    20  nrf_drv_gpiote.o(i.pin_in_use_by_te)
    i.pstorage_access_status_get             0x0001e8f4   Section        0  pstorage.o(i.pstorage_access_status_get)
    i.pstorage_block_identifier_get          0x0001e91c   Section        0  pstorage.o(i.pstorage_block_identifier_get)
    i.pstorage_clear                         0x0001e970   Section        0  pstorage.o(i.pstorage_clear)
    i.pstorage_flash_page_end                0x0001ea14   Section        0  pstorage.o(i.pstorage_flash_page_end)
    pstorage_flash_page_end                  0x0001ea15   Thumb Code    32  pstorage.o(i.pstorage_flash_page_end)
    i.pstorage_flash_page_size               0x0001ea38   Section        0  pstorage.o(i.pstorage_flash_page_size)
    pstorage_flash_page_size                 0x0001ea39   Thumb Code    10  pstorage.o(i.pstorage_flash_page_size)
    i.pstorage_init                          0x0001ea44   Section        0  pstorage.o(i.pstorage_init)
    i.pstorage_load                          0x0001ea90   Section        0  pstorage.o(i.pstorage_load)
    i.pstorage_register                      0x0001eb38   Section        0  pstorage.o(i.pstorage_register)
    i.pstorage_store                         0x0001ebf4   Section        0  pstorage.o(i.pstorage_store)
    i.pstorage_sys_event_handler             0x0001ec84   Section        0  pstorage.o(i.pstorage_sys_event_handler)
    i.pstorage_update                        0x0001ecd0   Section        0  pstorage.o(i.pstorage_update)
    i.rtc1_stop                              0x0001ed60   Section        0  app_timer.o(i.rtc1_stop)
    rtc1_stop                                0x0001ed61   Thumb Code    50  app_timer.o(i.rtc1_stop)
    i.rx_byte                                0x0001eda4   Section        0  nrf_drv_uart.o(i.rx_byte)
    rx_byte                                  0x0001eda5   Thumb Code    42  nrf_drv_uart.o(i.rx_byte)
    i.rx_done_event                          0x0001eddc   Section        0  nrf_drv_uart.o(i.rx_done_event)
    rx_done_event                            0x0001eddd   Thumb Code    22  nrf_drv_uart.o(i.rx_done_event)
    i.sd_check_ram_start                     0x0001edf8   Section        0  softdevice_handler.o(i.sd_check_ram_start)
    i.sd_nvic_EnableIRQ                      0x0001ee08   Section        0  softdevice_handler.o(i.sd_nvic_EnableIRQ)
    sd_nvic_EnableIRQ                        0x0001ee09   Thumb Code   116  softdevice_handler.o(i.sd_nvic_EnableIRQ)
    i.service_data_encode                    0x0001ee94   Section        0  ble_advdata.o(i.service_data_encode)
    service_data_encode                      0x0001ee95   Thumb Code   142  ble_advdata.o(i.service_data_encode)
    i.set_security_req                       0x0001ef22   Section        0  ble_srv_common.o(i.set_security_req)
    set_security_req                         0x0001ef23   Thumb Code    46  ble_srv_common.o(i.set_security_req)
    i.sleep_mode_enter                       0x0001ef50   Section        0  main.o(i.sleep_mode_enter)
    sleep_mode_enter                         0x0001ef51   Thumb Code    40  main.o(i.sleep_mode_enter)
    i.sm_state_change                        0x0001ef78   Section        0  pstorage.o(i.sm_state_change)
    sm_state_change                          0x0001ef79   Thumb Code    62  pstorage.o(i.sm_state_change)
    i.softdevice_ble_evt_handler_set         0x0001efc0   Section        0  softdevice_handler.o(i.softdevice_ble_evt_handler_set)
    i.softdevice_enable                      0x0001efd4   Section        0  softdevice_handler.o(i.softdevice_enable)
    i.softdevice_enable_get_default_config   0x0001efe8   Section        0  softdevice_handler.o(i.softdevice_enable_get_default_config)
    i.softdevice_fault_handler               0x0001f010   Section        0  softdevice_handler.o(i.softdevice_fault_handler)
    i.softdevice_handler_init                0x0001f018   Section        0  softdevice_handler.o(i.softdevice_handler_init)
    i.softdevice_sys_evt_handler_set         0x0001f04c   Section        0  softdevice_handler.o(i.softdevice_sys_evt_handler_set)
    i.state_data_erase_swap_entry_run        0x0001f060   Section        0  pstorage.o(i.state_data_erase_swap_entry_run)
    state_data_erase_swap_entry_run          0x0001f061   Thumb Code    92  pstorage.o(i.state_data_erase_swap_entry_run)
    i.state_erase_data_page_entry_run        0x0001f0c4   Section        0  pstorage.o(i.state_erase_data_page_entry_run)
    state_erase_data_page_entry_run          0x0001f0c5   Thumb Code    12  pstorage.o(i.state_erase_data_page_entry_run)
    i.state_restore_head_entry_run           0x0001f0d4   Section        0  pstorage.o(i.state_restore_head_entry_run)
    state_restore_head_entry_run             0x0001f0d5   Thumb Code    36  pstorage.o(i.state_restore_head_entry_run)
    i.state_restore_tail_entry_run           0x0001f0fc   Section        0  pstorage.o(i.state_restore_tail_entry_run)
    state_restore_tail_entry_run             0x0001f0fd   Thumb Code    66  pstorage.o(i.state_restore_tail_entry_run)
    i.state_swap_erase_entry_run             0x0001f148   Section        0  pstorage.o(i.state_swap_erase_entry_run)
    state_swap_erase_entry_run               0x0001f149   Thumb Code    32  pstorage.o(i.state_swap_erase_entry_run)
    i.state_write_data_swap_entry_run        0x0001f168   Section        0  pstorage.o(i.state_write_data_swap_entry_run)
    state_write_data_swap_entry_run          0x0001f169   Thumb Code    42  pstorage.o(i.state_write_data_swap_entry_run)
    i.storage_operation_dummy_handler        0x0001f198   Section        0  device_manager_peripheral.o(i.storage_operation_dummy_handler)
    storage_operation_dummy_handler          0x0001f199   Thumb Code     4  device_manager_peripheral.o(i.storage_operation_dummy_handler)
    i.store_cmd_flash_write_execute          0x0001f19c   Section        0  pstorage.o(i.store_cmd_flash_write_execute)
    store_cmd_flash_write_execute            0x0001f19d   Thumb Code    82  pstorage.o(i.store_cmd_flash_write_execute)
    i.swap_erase_state_run                   0x0001f1f8   Section        0  pstorage.o(i.swap_erase_state_run)
    swap_erase_state_run                     0x0001f1f9   Thumb Code    24  pstorage.o(i.swap_erase_state_run)
    i.swap_sub_state_err_busy_process        0x0001f214   Section        0  pstorage.o(i.swap_sub_state_err_busy_process)
    swap_sub_state_err_busy_process          0x0001f215   Thumb Code    20  pstorage.o(i.swap_sub_state_err_busy_process)
    i.swap_sub_state_state_change            0x0001f22c   Section        0  pstorage.o(i.swap_sub_state_state_change)
    swap_sub_state_state_change              0x0001f22d   Thumb Code    12  pstorage.o(i.swap_sub_state_state_change)
    i.sys_evt_dispatch                       0x0001f240   Section        0  main.o(i.sys_evt_dispatch)
    sys_evt_dispatch                         0x0001f241   Thumb Code    16  main.o(i.sys_evt_dispatch)
    i.tail_restore_state_run                 0x0001f250   Section        0  pstorage.o(i.tail_restore_state_run)
    tail_restore_state_run                   0x0001f251   Thumb Code    22  pstorage.o(i.tail_restore_state_run)
    i.test_function                          0x0001f26c   Section        0  service_if.o(i.test_function)
    i.timer_list_handler                     0x0001f28c   Section        0  app_timer.o(i.timer_list_handler)
    timer_list_handler                       0x0001f28d   Thumb Code   128  app_timer.o(i.timer_list_handler)
    i.timer_list_handler_sched               0x0001f310   Section        0  app_timer.o(i.timer_list_handler_sched)
    timer_list_handler_sched                 0x0001f311   Thumb Code    10  app_timer.o(i.timer_list_handler_sched)
    i.timer_list_insert                      0x0001f320   Section        0  app_timer.o(i.timer_list_insert)
    timer_list_insert                        0x0001f321   Thumb Code    60  app_timer.o(i.timer_list_insert)
    i.timer_timeouts_check                   0x0001f360   Section        0  app_timer.o(i.timer_timeouts_check)
    timer_timeouts_check                     0x0001f361   Thumb Code   118  app_timer.o(i.timer_timeouts_check)
    i.tx_byte                                0x0001f3e0   Section        0  nrf_drv_uart.o(i.tx_byte)
    tx_byte                                  0x0001f3e1   Thumb Code    30  nrf_drv_uart.o(i.tx_byte)
    i.tx_done_event                          0x0001f40c   Section        0  nrf_drv_uart.o(i.tx_done_event)
    tx_done_event                            0x0001f40d   Thumb Code    26  nrf_drv_uart.o(i.tx_done_event)
    i.uart_irq_handler                       0x0001f42c   Section        0  nrf_drv_uart.o(i.uart_irq_handler)
    uart_irq_handler                         0x0001f42d   Thumb Code   278  nrf_drv_uart.o(i.uart_irq_handler)
    i.uint16_encode                          0x0001f554   Section        0  ble_advdata.o(i.uint16_encode)
    uint16_encode                            0x0001f555   Thumb Code    10  ble_advdata.o(i.uint16_encode)
    i.update_status_bit_reset                0x0001f560   Section        0  device_manager_peripheral.o(i.update_status_bit_reset)
    update_status_bit_reset                  0x0001f561   Thumb Code    14  device_manager_peripheral.o(i.update_status_bit_reset)
    i.update_timeout_handler                 0x0001f574   Section        0  ble_conn_params.o(i.update_timeout_handler)
    update_timeout_handler                   0x0001f575   Thumb Code    86  ble_conn_params.o(i.update_timeout_handler)
    i.user_id_get                            0x0001f5d8   Section        0  app_timer.o(i.user_id_get)
    user_id_get                              0x0001f5d9   Thumb Code    76  app_timer.o(i.user_id_get)
    i.user_op_alloc                          0x0001f62c   Section        0  app_timer.o(i.user_op_alloc)
    user_op_alloc                            0x0001f62d   Thumb Code    38  app_timer.o(i.user_op_alloc)
    i.uuid_list_encode                       0x0001f652   Section        0  ble_advdata.o(i.uuid_list_encode)
    uuid_list_encode                         0x0001f653   Thumb Code    48  ble_advdata.o(i.uuid_list_encode)
    i.uuid_list_sized_encode                 0x0001f682   Section        0  ble_advdata.o(i.uuid_list_sized_encode)
    uuid_list_sized_encode                   0x0001f683   Thumb Code   174  ble_advdata.o(i.uuid_list_sized_encode)
    i.whitelist_has_entries                  0x0001f730   Section        0  ble_advertising.o(i.whitelist_has_entries)
    whitelist_has_entries                    0x0001f731   Thumb Code    16  ble_advertising.o(i.whitelist_has_entries)
    .constdata                               0x0001f740   Section        4  main.o(.constdata)
    .constdata                               0x0001f744   Section       16  ble_peggy_peripheral.o(.constdata)
    .constdata                               0x0001f754   Section       60  bsp.o(.constdata)
    m_leds_timer_id                          0x0001f754   Data           4  bsp.o(.constdata)
    m_alert_timer_id                         0x0001f758   Data           4  bsp.o(.constdata)
    m_button_timer_id                        0x0001f75c   Data           4  bsp.o(.constdata)
    m_buttons_list                           0x0001f760   Data          16  bsp.o(.constdata)
    app_buttons                              0x0001f770   Data          32  bsp.o(.constdata)
    .constdata                               0x0001f790   Section        4  ble_conn_params.o(.constdata)
    m_conn_params_timer_id                   0x0001f790   Data           4  ble_conn_params.o(.constdata)
    .constdata                               0x0001f794   Section       52  device_manager_peripheral.o(.constdata)
    .constdata                               0x0001f7c8   Section       40  pstorage.o(.constdata)
    swap_sub_state_sm_lut                    0x0001f7c8   Data          20  pstorage.o(.constdata)
    swap_sub_state_sm_lut                    0x0001f7dc   Data          20  pstorage.o(.constdata)
    .constdata                               0x0001f7f0   Section        8  app_button.o(.constdata)
    m_detection_delay_timer_id               0x0001f7f0   Data           4  app_button.o(.constdata)
    .data                                    0x20002080   Section        8  main.o(.data)
    m_app_handle                             0x20002080   Data           1  main.o(.data)
    m_conn_handle                            0x20002082   Data           2  main.o(.data)
    m_adv_uuids                              0x20002084   Data           4  main.o(.data)
    .data                                    0x20002088   Section       16  service_if.o(.data)
    led2_state                               0x20002088   Data           4  service_if.o(.data)
    led3_state                               0x2000208c   Data           4  service_if.o(.data)
    p_app_handle                             0x20002090   Data           4  service_if.o(.data)
    p_register_param                         0x20002094   Data           4  service_if.o(.data)
    .data                                    0x20002098   Section       24  bsp.o(.data)
    m_stable_state                           0x20002098   Data           1  bsp.o(.data)
    current_long_push_pin_no                 0x20002099   Data           1  bsp.o(.data)
    m_app_ticks_per_100ms                    0x2000209c   Data           4  bsp.o(.data)
    m_indication_type                        0x200020a0   Data           4  bsp.o(.data)
    m_alert_mask                             0x200020a4   Data           4  bsp.o(.data)
    m_registered_callback                    0x200020a8   Data           4  bsp.o(.data)
    release_event_at_push                    0x200020ac   Data           4  bsp.o(.data)
    .data                                    0x200020b0   Section        8  bsp_btn_ble.o(.data)
    m_error_handler                          0x200020b0   Data           4  bsp_btn_ble.o(.data)
    m_num_connections                        0x200020b4   Data           4  bsp_btn_ble.o(.data)
    .data                                    0x200020b8   Section       31  ble_advertising.o(.data)
    m_advertising_start_pending              0x200020b8   Data           1  ble_advertising.o(.data)
    m_whitelist_temporarily_disabled         0x200020b9   Data           1  ble_advertising.o(.data)
    m_whitelist_reply_expected               0x200020ba   Data           1  ble_advertising.o(.data)
    m_peer_addr_reply_expected               0x200020bb   Data           1  ble_advertising.o(.data)
    m_adv_evt                                0x200020bc   Data           1  ble_advertising.o(.data)
    m_adv_mode_current                       0x200020bd   Data           1  ble_advertising.o(.data)
    m_tx_power_level                         0x200020be   Data           1  ble_advertising.o(.data)
    current_slave_link_conn_handle           0x200020c0   Data           2  ble_advertising.o(.data)
    m_evt_handler                            0x200020c4   Data           4  ble_advertising.o(.data)
    m_error_handler                          0x200020c8   Data           4  ble_advertising.o(.data)
    m_slave_conn_int                         0x200020cc   Data           4  ble_advertising.o(.data)
    m_peer_address                           0x200020d0   Data           7  ble_advertising.o(.data)
    .data                                    0x200020d8   Section       20  ble_conn_params.o(.data)
    m_change_param                           0x200020d8   Data           1  ble_conn_params.o(.data)
    m_update_count                           0x200020d9   Data           1  ble_conn_params.o(.data)
    m_conn_handle                            0x200020da   Data           2  ble_conn_params.o(.data)
    m_preferred_conn_params                  0x200020dc   Data           8  ble_conn_params.o(.data)
    m_current_conn_params                    0x200020e4   Data           8  ble_conn_params.o(.data)
    .data                                    0x200020ec   Section       24  device_manager_peripheral.o(.data)
    m_module_initialized                     0x200020ec   Data           1  device_manager_peripheral.o(.data)
    m_peer_addr_update                       0x200020f0   Data           4  device_manager_peripheral.o(.data)
    m_irk_index_table                        0x200020f4   Data           7  device_manager_peripheral.o(.data)
    m_storage_handle                         0x200020fc   Data           8  device_manager_peripheral.o(.data)
    .data                                    0x20002104   Section       36  pstorage.o(.data)
    m_state                                  0x20002104   Data           1  pstorage.o(.data)
    m_swap_sub_state                         0x20002105   Data           1  pstorage.o(.data)
    m_next_app_instance                      0x20002106   Data           2  pstorage.o(.data)
    m_flags                                  0x20002108   Data           4  pstorage.o(.data)
    m_next_page_addr                         0x2000210c   Data           4  pstorage.o(.data)
    m_head_word_size                         0x20002110   Data           4  pstorage.o(.data)
    m_tail_word_size                         0x20002114   Data           4  pstorage.o(.data)
    m_current_page_id                        0x20002118   Data           4  pstorage.o(.data)
    m_num_of_command_retries                 0x2000211c   Data           4  pstorage.o(.data)
    m_num_of_bytes_written                   0x20002120   Data           4  pstorage.o(.data)
    m_app_data_size                          0x20002124   Data           4  pstorage.o(.data)
    .data                                    0x20002128   Section       20  app_button.o(.data)
    m_button_count                           0x20002128   Data           1  app_button.o(.data)
    mp_buttons                               0x2000212c   Data           4  app_button.o(.data)
    m_detection_delay                        0x20002130   Data           4  app_button.o(.data)
    m_pin_state                              0x20002134   Data           4  app_button.o(.data)
    m_pin_transition                         0x20002138   Data           4  app_button.o(.data)
    .data                                    0x2000213c   Section       32  app_timer.o(.data)
    m_user_array_size                        0x2000213c   Data           1  app_timer.o(.data)
    m_ticks_elapsed_q_read_ind               0x2000213d   Data           1  app_timer.o(.data)
    m_ticks_elapsed_q_write_ind              0x2000213e   Data           1  app_timer.o(.data)
    m_rtc1_running                           0x2000213f   Data           1  app_timer.o(.data)
    m_rtc1_reset                             0x20002140   Data           1  app_timer.o(.data)
    mp_users                                 0x20002144   Data           4  app_timer.o(.data)
    mp_timer_id_head                         0x20002148   Data           4  app_timer.o(.data)
    m_ticks_latest                           0x2000214c   Data           4  app_timer.o(.data)
    m_evt_schedule_func                      0x20002150   Data           4  app_timer.o(.data)
    m_ticks_elapsed                          0x20002154   Data           8  app_timer.o(.data)
    .data                                    0x2000215c   Section       28  softdevice_handler.o(.data)
    m_softdevice_enabled                     0x2000215c   Data           1  softdevice_handler.o(.data)
    m_ble_evt_buffer_size                    0x2000215e   Data           2  softdevice_handler.o(.data)
    m_evt_schedule_func                      0x20002160   Data           4  softdevice_handler.o(.data)
    mp_ble_evt_buffer                        0x20002164   Data           4  softdevice_handler.o(.data)
    m_ble_evt_handler                        0x20002168   Data           4  softdevice_handler.o(.data)
    m_sys_evt_handler                        0x2000216c   Data           4  softdevice_handler.o(.data)
    .data                                    0x20002178   Section        4  system_nrf51.o(.data)
    __tagsym$$used                           0x20002178   Number         0  system_nrf51.o(.data)
    .bss                                     0x2000217c   Section      528  main.o(.bss)
    APP_TIMER_BUF                            0x2000217c   Data         456  main.o(.bss)
    BLE_EVT_BUFFER                           0x20002344   Data          72  main.o(.bss)
    .bss                                     0x2000238c   Section       60  service_if.o(.bss)
    m_peggy_peripheral                       0x2000238c   Data          60  service_if.o(.bss)
    .bss                                     0x200023c8   Section       32  bsp.o(.bss)
    m_leds_timer_id_data                     0x200023c8   Data          32  bsp.o(.bss)
    .bss                                     0x200023e8   Section       32  bsp.o(.bss)
    m_alert_timer_id_data                    0x200023e8   Data          32  bsp.o(.bss)
    .bss                                     0x20002408   Section       12  bsp.o(.bss)
    m_events_list                            0x20002408   Data          12  bsp.o(.bss)
    .bss                                     0x20002414   Section       32  bsp.o(.bss)
    m_button_timer_id_data                   0x20002414   Data          32  bsp.o(.bss)
    .bss                                     0x20002434   Section      259  ble_advertising.o(.bss)
    m_advdata                                0x20002434   Data          56  ble_advertising.o(.bss)
    m_adv_modes_config                       0x2000246c   Data          36  ble_advertising.o(.bss)
    m_whitelist                              0x20002490   Data          16  ble_advertising.o(.bss)
    mp_whitelist_addr                        0x200024a0   Data          32  ble_advertising.o(.bss)
    mp_whitelist_irk                         0x200024c0   Data          32  ble_advertising.o(.bss)
    m_manuf_specific_data                    0x200024e0   Data          12  ble_advertising.o(.bss)
    m_manuf_data_array                       0x200024ec   Data          31  ble_advertising.o(.bss)
    m_service_data                           0x2000250c   Data          12  ble_advertising.o(.bss)
    m_service_data_array                     0x20002518   Data          31  ble_advertising.o(.bss)
    .bss                                     0x20002538   Section       32  ble_conn_params.o(.bss)
    m_conn_params_timer_id_data              0x20002538   Data          32  ble_conn_params.o(.bss)
    .bss                                     0x20002558   Section       28  ble_conn_params.o(.bss)
    m_conn_params_config                     0x20002558   Data          28  ble_conn_params.o(.bss)
    .bss                                     0x20002574   Section      335  device_manager_peripheral.o(.bss)
    m_app_context_table                      0x20002574   Data          28  device_manager_peripheral.o(.bss)
    m_peer_table                             0x20002590   Data         196  device_manager_peripheral.o(.bss)
    m_bond_table                             0x20002654   Data          28  device_manager_peripheral.o(.bss)
    m_gatts_table                            0x20002670   Data          36  device_manager_peripheral.o(.bss)
    m_connection_table                       0x20002694   Data          12  device_manager_peripheral.o(.bss)
    m_application_table                      0x200026a0   Data          12  device_manager_peripheral.o(.bss)
    m_local_id_info                          0x200026ac   Data          23  device_manager_peripheral.o(.bss)
    .bss                                     0x200026c4   Section       72  nrf_drv_gpiote.o(.bss)
    m_cb                                     0x200026c4   Data          72  nrf_drv_gpiote.o(.bss)
    .bss                                     0x2000270c   Section       28  nrf_drv_uart.o(.bss)
    m_cb                                     0x2000270c   Data          28  nrf_drv_uart.o(.bss)
    .bss                                     0x20002728   Section      216  pstorage.o(.bss)
    m_cmd_queue                              0x20002728   Data         204  pstorage.o(.bss)
    m_app_table                              0x200027f4   Data          12  pstorage.o(.bss)
    .bss                                     0x20002800   Section       32  app_button.o(.bss)
    m_detection_delay_timer_id_data          0x20002800   Data          32  app_button.o(.bss)
    .bss                                     0x20002820   Section       88  fstorage.o(.bss)
    m_queue                                  0x20002820   Data          88  fstorage.o(.bss)
    .bss                                     0x20002878   Section     1160  segger_rtt.o(.bss)
    _acUpBuffer                              0x20002878   Data        1024  segger_rtt.o(.bss)
    _acDownBuffer                            0x20002c78   Data          16  segger_rtt.o(.bss)
    STACK                                    0x20002d00   Section     2048  arm_startup_nrf51.o(STACK)

    Global Symbols

    Symbol Name                              Value     Ov Type        Size  Object(Section)

    BuildAttributes$$THM_ISAv3M$S$PE$A:L22$X:L11$S22$IEEE1$IW$USESV6$~STKCKD$USESV7$~SHL$OSPACE$ROPI$EBA8$MICROLIB$REQ8$PRES8$EABIv2 0x00000000   Number         0  anon$$obj.o ABSOLUTE
    __ARM_use_no_argv                        0x00000000   Number         0  main.o ABSOLUTE
    __cpp_initialize__aeabi_                  - Undefined Weak Reference
    __cxa_finalize                            - Undefined Weak Reference
    __decompress                              - Undefined Weak Reference
    _clock_init                               - Undefined Weak Reference
    _microlib_exit                            - Undefined Weak Reference
    fs_data$$Base                             - Undefined Reference
    fs_data$$Limit                            - Undefined Reference
    __Vectors_Size                           0x000000c0   Number         0  arm_startup_nrf51.o ABSOLUTE
    __Vectors                                0x0001b000   Data           4  arm_startup_nrf51.o(RESET)
    __Vectors_End                            0x0001b0c0   Data           0  arm_startup_nrf51.o(RESET)
    __main                                   0x0001b0c1   Thumb Code     0  entry.o(.ARM.Collect$$$$00000000)
    _main_stk                                0x0001b0c1   Thumb Code     0  entry2.o(.ARM.Collect$$$$00000001)
    _main_scatterload                        0x0001b0c5   Thumb Code     0  entry5.o(.ARM.Collect$$$$00000004)
    __main_after_scatterload                 0x0001b0c9   Thumb Code     0  entry5.o(.ARM.Collect$$$$00000004)
    _main_clock                              0x0001b0c9   Thumb Code     0  entry7b.o(.ARM.Collect$$$$00000008)
    _main_cpp_init                           0x0001b0c9   Thumb Code     0  entry8b.o(.ARM.Collect$$$$0000000A)
    _main_init                               0x0001b0c9   Thumb Code     0  entry9a.o(.ARM.Collect$$$$0000000B)
    __rt_final_cpp                           0x0001b0d1   Thumb Code     0  entry10a.o(.ARM.Collect$$$$0000000D)
    __rt_final_exit                          0x0001b0d1   Thumb Code     0  entry11a.o(.ARM.Collect$$$$0000000F)
    __asm___11_app_timer_c_cd27f9c3__nrf_delay_us 0x0001b0d5   Thumb Code    30  app_timer.o(.emb_text)
    Reset_Handler                            0x0001b0f5   Thumb Code    26  arm_startup_nrf51.o(.text)
    NMI_Handler                              0x0001b10f   Thumb Code     2  arm_startup_nrf51.o(.text)
    HardFault_Handler                        0x0001b111   Thumb Code     2  arm_startup_nrf51.o(.text)
    SVC_Handler                              0x0001b113   Thumb Code     2  arm_startup_nrf51.o(.text)
    PendSV_Handler                           0x0001b115   Thumb Code     2  arm_startup_nrf51.o(.text)
    SysTick_Handler                          0x0001b117   Thumb Code     2  arm_startup_nrf51.o(.text)
    ADC_IRQHandler                           0x0001b119   Thumb Code     0  arm_startup_nrf51.o(.text)
    CCM_AAR_IRQHandler                       0x0001b119   Thumb Code     0  arm_startup_nrf51.o(.text)
    ECB_IRQHandler                           0x0001b119   Thumb Code     0  arm_startup_nrf51.o(.text)
    LPCOMP_IRQHandler                        0x0001b119   Thumb Code     0  arm_startup_nrf51.o(.text)
    POWER_CLOCK_IRQHandler                   0x0001b119   Thumb Code     0  arm_startup_nrf51.o(.text)
    QDEC_IRQHandler                          0x0001b119   Thumb Code     0  arm_startup_nrf51.o(.text)
    RADIO_IRQHandler                         0x0001b119   Thumb Code     0  arm_startup_nrf51.o(.text)
    RNG_IRQHandler                           0x0001b119   Thumb Code     0  arm_startup_nrf51.o(.text)
    RTC0_IRQHandler                          0x0001b119   Thumb Code     0  arm_startup_nrf51.o(.text)
    SPI0_TWI0_IRQHandler                     0x0001b119   Thumb Code     0  arm_startup_nrf51.o(.text)
    SPI1_TWI1_IRQHandler                     0x0001b119   Thumb Code     0  arm_startup_nrf51.o(.text)
    SWI1_IRQHandler                          0x0001b119   Thumb Code     0  arm_startup_nrf51.o(.text)
    SWI3_IRQHandler                          0x0001b119   Thumb Code     0  arm_startup_nrf51.o(.text)
    SWI4_IRQHandler                          0x0001b119   Thumb Code     0  arm_startup_nrf51.o(.text)
    SWI5_IRQHandler                          0x0001b119   Thumb Code     0  arm_startup_nrf51.o(.text)
    TEMP_IRQHandler                          0x0001b119   Thumb Code     0  arm_startup_nrf51.o(.text)
    TIMER0_IRQHandler                        0x0001b119   Thumb Code     0  arm_startup_nrf51.o(.text)
    TIMER1_IRQHandler                        0x0001b119   Thumb Code     0  arm_startup_nrf51.o(.text)
    TIMER2_IRQHandler                        0x0001b119   Thumb Code     0  arm_startup_nrf51.o(.text)
    WDT_IRQHandler                           0x0001b119   Thumb Code     0  arm_startup_nrf51.o(.text)
    __aeabi_uidiv                            0x0001b12d   Thumb Code     0  uidiv.o(.text)
    __aeabi_uidivmod                         0x0001b12d   Thumb Code    44  uidiv.o(.text)
    __aeabi_idiv                             0x0001b159   Thumb Code     0  idiv.o(.text)
    __aeabi_idivmod                          0x0001b159   Thumb Code    40  idiv.o(.text)
    __aeabi_memcpy                           0x0001b181   Thumb Code    36  memcpya.o(.text)
    __aeabi_memcpy4                          0x0001b181   Thumb Code     0  memcpya.o(.text)
    __aeabi_memcpy8                          0x0001b181   Thumb Code     0  memcpya.o(.text)
    __aeabi_memset                           0x0001b1a5   Thumb Code    14  memseta.o(.text)
    __aeabi_memset4                          0x0001b1a5   Thumb Code     0  memseta.o(.text)
    __aeabi_memset8                          0x0001b1a5   Thumb Code     0  memseta.o(.text)
    __aeabi_memclr                           0x0001b1b3   Thumb Code     4  memseta.o(.text)
    __aeabi_memclr4                          0x0001b1b3   Thumb Code     0  memseta.o(.text)
    __aeabi_memclr8                          0x0001b1b3   Thumb Code     0  memseta.o(.text)
    _memset$wrapper                          0x0001b1b7   Thumb Code    18  memseta.o(.text)
    strlen                                   0x0001b1c9   Thumb Code    14  strlen.o(.text)
    memcmp                                   0x0001b1d7   Thumb Code    26  memcmp.o(.text)
    strcpy                                   0x0001b1f1   Thumb Code    18  strcpy.o(.text)
    __scatterload                            0x0001b205   Thumb Code    28  init.o(.text)
    __scatterload_rt2                        0x0001b205   Thumb Code     0  init.o(.text)
    GPIOTE_IRQHandler                        0x0001b229   Thumb Code   312  nrf_drv_gpiote.o(i.GPIOTE_IRQHandler)
    RTC1_IRQHandler                          0x0001b3c1   Thumb Code    28  app_timer.o(i.RTC1_IRQHandler)
    SEGGER_RTT_Write                         0x0001b3e1   Thumb Code    32  segger_rtt.o(i.SEGGER_RTT_Write)
    SEGGER_RTT_WriteNoLock                   0x0001b405   Thumb Code    86  segger_rtt.o(i.SEGGER_RTT_WriteNoLock)
    SEGGER_RTT_WriteString                   0x0001b461   Thumb Code    24  segger_rtt.o(i.SEGGER_RTT_WriteString)
    SWI0_IRQHandler                          0x0001b479   Thumb Code     8  app_timer.o(i.SWI0_IRQHandler)
    SWI2_IRQHandler                          0x0001b481   Thumb Code    28  softdevice_handler.o(i.SWI2_IRQHandler)
    SystemInit                               0x0001b4a1   Thumb Code   130  system_nrf51.o(i.SystemInit)
    UART0_IRQHandler                         0x0001b541   Thumb Code     8  nrf_drv_uart.o(i.UART0_IRQHandler)
    __ARM_common_switch8                     0x0001b667   Thumb Code    26  main.o(i.__ARM_common_switch8)
    __scatterload_copy                       0x0001b681   Thumb Code    14  handlers.o(i.__scatterload_copy)
    __scatterload_null                       0x0001b68f   Thumb Code     2  handlers.o(i.__scatterload_null)
    __scatterload_zeroinit                   0x0001b691   Thumb Code    14  handlers.o(i.__scatterload_zeroinit)
    adv_data_encode                          0x0001b69f   Thumb Code   534  ble_advdata.o(i.adv_data_encode)
    app_button_enable                        0x0001b909   Thumb Code    32  app_button.o(i.app_button_enable)
    app_button_init                          0x0001b92d   Thumb Code   100  app_button.o(i.app_button_init)
    app_error_fault_handler                  0x0001b9a1   Thumb Code    18  app_error_weak.o(i.app_error_fault_handler)
    app_error_handler_bare                   0x0001b9bd   Thumb Code    20  app_error.o(i.app_error_handler_bare)
    app_timer_create                         0x0001ba2d   Thumb Code    40  app_timer.o(i.app_timer_create)
    app_timer_init                           0x0001ba59   Thumb Code   126  app_timer.o(i.app_timer_init)
    app_timer_start                          0x0001bae9   Thumb Code   114  app_timer.o(i.app_timer_start)
    app_timer_stop                           0x0001bb65   Thumb Code    78  app_timer.o(i.app_timer_stop)
    ble_advdata_set                          0x0001bbb9   Thumb Code   104  ble_advdata.o(i.ble_advdata_set)
    ble_advertising_init                     0x0001bc21   Thumb Code   284  ble_advertising.o(i.ble_advertising_init)
    ble_advertising_on_ble_evt               0x0001bd45   Thumb Code   118  ble_advertising.o(i.ble_advertising_on_ble_evt)
    ble_advertising_on_sys_evt               0x0001bdc1   Thumb Code    42  ble_advertising.o(i.ble_advertising_on_sys_evt)
    ble_advertising_restart_without_whitelist 0x0001be01   Thumb Code    78  ble_advertising.o(i.ble_advertising_restart_without_whitelist)
    ble_advertising_start                    0x0001be59   Thumb Code   482  ble_advertising.o(i.ble_advertising_start)
    ble_conn_params_init                     0x0001c045   Thumb Code    68  ble_conn_params.o(i.ble_conn_params_init)
    ble_conn_params_on_ble_evt               0x0001c099   Thumb Code   132  ble_conn_params.o(i.ble_conn_params_on_ble_evt)
    ble_peggy_peripheral_coin_event_notification_send 0x0001c1d5   Thumb Code    74  ble_peggy_peripheral.o(i.ble_peggy_peripheral_coin_event_notification_send)
    ble_peggy_peripheral_init                0x0001c225   Thumb Code   494  ble_peggy_peripheral.o(i.ble_peggy_peripheral_init)
    ble_peggy_peripheral_on_ble_evt          0x0001c41d   Thumb Code    96  ble_peggy_peripheral.o(i.ble_peggy_peripheral_on_ble_evt)
    bluetooth_init                           0x0001c4fd   Thumb Code    58  service_if.o(i.bluetooth_init)
    bluetooth_on_ble_evt                     0x0001c541   Thumb Code    12  service_if.o(i.bluetooth_on_ble_evt)
    bond_data_load                           0x0001c551   Thumb Code    58  device_manager_peripheral.o(i.bond_data_load)
    bsp_btn_ble_init                         0x0001c599   Thumb Code    80  bsp_btn_ble.o(i.bsp_btn_ble_init)
    bsp_btn_ble_on_ble_evt                   0x0001c5ed   Thumb Code   114  bsp_btn_ble.o(i.bsp_btn_ble_on_ble_evt)
    bsp_btn_ble_sleep_mode_prepare           0x0001c665   Thumb Code    20  bsp_btn_ble.o(i.bsp_btn_ble_sleep_mode_prepare)
    bsp_button_is_pressed                    0x0001c719   Thumb Code    34  bsp.o(i.bsp_button_is_pressed)
    bsp_event_handler                        0x0001c745   Thumb Code    82  main.o(i.bsp_event_handler)
    bsp_event_to_button_action_assign        0x0001c79d   Thumb Code    66  bsp.o(i.bsp_event_to_button_action_assign)
    bsp_indication_set                       0x0001c7e5   Thumb Code    22  bsp.o(i.bsp_indication_set)
    bsp_init                                 0x0001c801   Thumb Code   134  bsp.o(i.bsp_init)
    bsp_wakeup_buttons_set                   0x0001ca99   Thumb Code    50  bsp.o(i.bsp_wakeup_buttons_set)
    characteristic_add                       0x0001cb55   Thumb Code   400  ble_srv_common.o(i.characteristic_add)
    dm_ble_evt_handler                       0x0001d3c1   Thumb Code   966  device_manager_peripheral.o(i.dm_ble_evt_handler)
    dm_device_delete_all                     0x0001d7ad   Thumb Code    74  device_manager_peripheral.o(i.dm_device_delete_all)
    dm_handle_initialize                     0x0001d809   Thumb Code    22  device_manager_peripheral.o(i.dm_handle_initialize)
    dm_init                                  0x0001d825   Thumb Code   174  device_manager_peripheral.o(i.dm_init)
    dm_register                              0x0001da71   Thumb Code   104  device_manager_peripheral.o(i.dm_register)
    fs_queued_op_count_get                   0x0001dbd9   Thumb Code    18  fstorage.o(i.fs_queued_op_count_get)
    intern_softdevice_events_execute         0x0001de69   Thumb Code   116  softdevice_handler.o(i.intern_softdevice_events_execute)
    main                                     0x0001e191   Thumb Code   314  main.o(i.main)
    nrf_drv_common_irq_enable                0x0001e42d   Thumb Code    78  nrf_drv_common.o(i.nrf_drv_common_irq_enable)
    nrf_drv_gpiote_in_event_enable           0x0001e48d   Thumb Code   138  nrf_drv_gpiote.o(i.nrf_drv_gpiote_in_event_enable)
    nrf_drv_gpiote_in_init                   0x0001e52d   Thumb Code   146  nrf_drv_gpiote.o(i.nrf_drv_gpiote_in_init)
    nrf_drv_gpiote_in_is_set                 0x0001e5d1   Thumb Code    16  nrf_drv_gpiote.o(i.nrf_drv_gpiote_in_is_set)
    nrf_drv_gpiote_init                      0x0001e5e5   Thumb Code    76  nrf_drv_gpiote.o(i.nrf_drv_gpiote_init)
    nrf_drv_gpiote_is_init                   0x0001e639   Thumb Code    12  nrf_drv_gpiote.o(i.nrf_drv_gpiote_is_init)
    pass_dm_info                             0x0001e82d   Thumb Code     8  service_if.o(i.pass_dm_info)
    pstorage_access_status_get               0x0001e8f5   Thumb Code    30  pstorage.o(i.pstorage_access_status_get)
    pstorage_block_identifier_get            0x0001e91d   Thumb Code    74  pstorage.o(i.pstorage_block_identifier_get)
    pstorage_clear                           0x0001e971   Thumb Code   156  pstorage.o(i.pstorage_clear)
    pstorage_init                            0x0001ea45   Thumb Code    68  pstorage.o(i.pstorage_init)
    pstorage_load                            0x0001ea91   Thumb Code   158  pstorage.o(i.pstorage_load)
    pstorage_register                        0x0001eb39   Thumb Code   180  pstorage.o(i.pstorage_register)
    pstorage_store                           0x0001ebf5   Thumb Code   134  pstorage.o(i.pstorage_store)
    pstorage_sys_event_handler               0x0001ec85   Thumb Code    72  pstorage.o(i.pstorage_sys_event_handler)
    pstorage_update                          0x0001ecd1   Thumb Code   134  pstorage.o(i.pstorage_update)
    sd_check_ram_start                       0x0001edf9   Thumb Code    10  softdevice_handler.o(i.sd_check_ram_start)
    softdevice_ble_evt_handler_set           0x0001efc1   Thumb Code    16  softdevice_handler.o(i.softdevice_ble_evt_handler_set)
    softdevice_enable                        0x0001efd5   Thumb Code    14  softdevice_handler.o(i.softdevice_enable)
    softdevice_enable_get_default_config     0x0001efe9   Thumb Code    40  softdevice_handler.o(i.softdevice_enable_get_default_config)
    softdevice_fault_handler                 0x0001f011   Thumb Code     8  softdevice_handler.o(i.softdevice_fault_handler)
    softdevice_handler_init                  0x0001f019   Thumb Code    42  softdevice_handler.o(i.softdevice_handler_init)
    softdevice_sys_evt_handler_set           0x0001f04d   Thumb Code    16  softdevice_handler.o(i.softdevice_sys_evt_handler_set)
    test_function                            0x0001f26d   Thumb Code    24  service_if.o(i.test_function)
    m_context_init_len                       0x0001f794   Data           4  device_manager_peripheral.o(.constdata)
    m_service_context_store                  0x0001f798   Data          16  device_manager_peripheral.o(.constdata)
    m_service_context_load                   0x0001f7a8   Data          16  device_manager_peripheral.o(.constdata)
    m_service_context_apply                  0x0001f7b8   Data          16  device_manager_peripheral.o(.constdata)
    Region$$Table$$Base                      0x0001f7f8   Number         0  anon$$obj.o(Region$$Table)
    Region$$Table$$Limit                     0x0001f818   Number         0  anon$$obj.o(Region$$Table)
    Image$$RW_IRAM1$$Base                    0x20002080   Number         0  anon$$obj.o ABSOLUTE
    nrf_nvic_state                           0x20002170   Data           8  softdevice_handler.o(.data)
    SystemCoreClock                          0x20002178   Data           4  system_nrf51.o(.data)
    _SEGGER_RTT                              0x20002c88   Data         120  segger_rtt.o(.bss)
    __initial_sp                             0x20003500   Data           0  arm_startup_nrf51.o(STACK)



==============================================================================

Memory Map of the image

  Image Entry point : 0x0001b0c1

  Load Region LR_IROM1 (Base: 0x0001b000, Size: 0x00004914, Max: 0x00025000, ABSOLUTE)

    Execution Region ER_IROM1 (Base: 0x0001b000, Size: 0x00004818, Max: 0x00025000, ABSOLUTE)

    Base Addr    Size         Type   Attr      Idx    E Section Name        Object

    0x0001b000   0x000000c0   Data   RO         2696    RESET               arm_startup_nrf51.o
    0x0001b0c0   0x00000000   Code   RO         2738  * .ARM.Collect$$$$00000000  mc_p.l(entry.o)
    0x0001b0c0   0x00000004   Code   RO         2785    .ARM.Collect$$$$00000001  mc_p.l(entry2.o)
    0x0001b0c4   0x00000004   Code   RO         2788    .ARM.Collect$$$$00000004  mc_p.l(entry5.o)
    0x0001b0c8   0x00000000   Code   RO         2790    .ARM.Collect$$$$00000008  mc_p.l(entry7b.o)
    0x0001b0c8   0x00000000   Code   RO         2792    .ARM.Collect$$$$0000000A  mc_p.l(entry8b.o)
    0x0001b0c8   0x00000008   Code   RO         2793    .ARM.Collect$$$$0000000B  mc_p.l(entry9a.o)
    0x0001b0d0   0x00000000   Code   RO         2795    .ARM.Collect$$$$0000000D  mc_p.l(entry10a.o)
    0x0001b0d0   0x00000000   Code   RO         2797    .ARM.Collect$$$$0000000F  mc_p.l(entry11a.o)
    0x0001b0d0   0x00000004   Code   RO         2786    .ARM.Collect$$$$00002712  mc_p.l(entry2.o)
    0x0001b0d4   0x0000001e   Code   RO         2016    .emb_text           app_timer.o
    0x0001b0f2   0x00000002   PAD
    0x0001b0f4   0x00000038   Code   RO         2697    .text               arm_startup_nrf51.o
    0x0001b12c   0x0000002c   Code   RO         2741    .text               mc_p.l(uidiv.o)
    0x0001b158   0x00000028   Code   RO         2743    .text               mc_p.l(idiv.o)
    0x0001b180   0x00000024   Code   RO         2745    .text               mc_p.l(memcpya.o)
    0x0001b1a4   0x00000024   Code   RO         2747    .text               mc_p.l(memseta.o)
    0x0001b1c8   0x0000000e   Code   RO         2749    .text               mc_p.l(strlen.o)
    0x0001b1d6   0x0000001a   Code   RO         2751    .text               mc_p.l(memcmp.o)
    0x0001b1f0   0x00000012   Code   RO         2753    .text               mc_p.l(strcpy.o)
    0x0001b202   0x00000002   PAD
    0x0001b204   0x00000024   Code   RO         2812    .text               mc_p.l(init.o)
    0x0001b228   0x00000154   Code   RO         1296    i.GPIOTE_IRQHandler  nrf_drv_gpiote.o
    0x0001b37c   0x00000044   Code   RO         2017    i.NVIC_SetPriority  app_timer.o
    0x0001b3c0   0x00000020   Code   RO         2018    i.RTC1_IRQHandler   app_timer.o
    0x0001b3e0   0x00000024   Code   RO         2462    i.SEGGER_RTT_Write  segger_rtt.o
    0x0001b404   0x0000005c   Code   RO         2463    i.SEGGER_RTT_WriteNoLock  segger_rtt.o
    0x0001b460   0x00000018   Code   RO         2465    i.SEGGER_RTT_WriteString  segger_rtt.o
    0x0001b478   0x00000008   Code   RO         2019    i.SWI0_IRQHandler   app_timer.o
    0x0001b480   0x00000020   Code   RO         2592    i.SWI2_IRQHandler   softdevice_handler.o
    0x0001b4a0   0x000000a0   Code   RO         2704    i.SystemInit        system_nrf51.o
    0x0001b540   0x00000008   Code   RO         1486    i.UART0_IRQHandler  nrf_drv_uart.o
    0x0001b548   0x0000006c   Code   RO         2466    i._DoInit           segger_rtt.o
    0x0001b5b4   0x00000016   Code   RO         2467    i._GetAvailWriteSpace  segger_rtt.o
    0x0001b5ca   0x00000060   Code   RO         2469    i._WriteBlocking    segger_rtt.o
    0x0001b62a   0x0000003c   Code   RO         2470    i._WriteNoCheck     segger_rtt.o
    0x0001b666   0x0000001a   Code   RO           80    i.__ARM_common_switch8  main.o
    0x0001b680   0x0000000e   Code   RO         2826    i.__scatterload_copy  mc_p.l(handlers.o)
    0x0001b68e   0x00000002   Code   RO         2827    i.__scatterload_null  mc_p.l(handlers.o)
    0x0001b690   0x0000000e   Code   RO         2828    i.__scatterload_zeroinit  mc_p.l(handlers.o)
    0x0001b69e   0x00000216   Code   RO          598    i.adv_data_encode   ble_advdata.o
    0x0001b8b4   0x0000003c   Code   RO          556    i.advertising_buttons_configure  bsp_btn_ble.o
    0x0001b8f0   0x00000018   Code   RO          446    i.alert_timer_handler  bsp.o
    0x0001b908   0x00000024   Code   RO         1900    i.app_button_enable  app_button.o
    0x0001b92c   0x00000074   Code   RO         1901    i.app_button_init   app_button.o
    0x0001b9a0   0x0000001c   Code   RO         1993    i.app_error_fault_handler  app_error_weak.o
    0x0001b9bc   0x00000018   Code   RO         1958    i.app_error_handler_bare  app_error.o
    0x0001b9d4   0x0000000c   Code   RO          885    i.app_evt_notify    device_manager_peripheral.o
    0x0001b9e0   0x0000002c   Code   RO         1654    i.app_notify        pstorage.o
    0x0001ba0c   0x00000020   Code   RO         1655    i.app_notify_error_state_transit  pstorage.o
    0x0001ba2c   0x0000002c   Code   RO         2022    i.app_timer_create  app_timer.o
    0x0001ba58   0x00000090   Code   RO         2023    i.app_timer_init    app_timer.o
    0x0001bae8   0x0000007c   Code   RO         2024    i.app_timer_start   app_timer.o
    0x0001bb64   0x00000054   Code   RO         2025    i.app_timer_stop    app_timer.o
    0x0001bbb8   0x00000068   Code   RO          599    i.ble_advdata_set   ble_advdata.o
    0x0001bc20   0x00000124   Code   RO          676    i.ble_advertising_init  ble_advertising.o
    0x0001bd44   0x0000007c   Code   RO          677    i.ble_advertising_on_ble_evt  ble_advertising.o
    0x0001bdc0   0x00000030   Code   RO          678    i.ble_advertising_on_sys_evt  ble_advertising.o
    0x0001bdf0   0x00000010   Code   RO          680    i.ble_advertising_peer_address_clear  ble_advertising.o
    0x0001be00   0x00000058   Code   RO          681    i.ble_advertising_restart_without_whitelist  ble_advertising.o
    0x0001be58   0x000001ec   Code   RO          682    i.ble_advertising_start  ble_advertising.o
    0x0001c044   0x00000054   Code   RO          772    i.ble_conn_params_init  ble_conn_params.o
    0x0001c098   0x00000090   Code   RO          773    i.ble_conn_params_on_ble_evt  ble_conn_params.o
    0x0001c128   0x0000005e   Code   RO          600    i.ble_device_addr_encode  ble_advdata.o
    0x0001c186   0x00000002   PAD
    0x0001c188   0x0000004c   Code   RO            4    i.ble_evt_dispatch  main.o
    0x0001c1d4   0x00000050   Code   RO          383    i.ble_peggy_peripheral_coin_event_notification_send  ble_peggy_peripheral.o
    0x0001c224   0x000001f8   Code   RO          384    i.ble_peggy_peripheral_init  ble_peggy_peripheral.o
    0x0001c41c   0x00000060   Code   RO          385    i.ble_peggy_peripheral_on_ble_evt  ble_peggy_peripheral.o
    0x0001c47c   0x00000080   Code   RO            5    i.ble_stack_init    main.o
    0x0001c4fc   0x00000044   Code   RO          282    i.bluetooth_init    service_if.o
    0x0001c540   0x00000010   Code   RO          283    i.bluetooth_on_ble_evt  service_if.o
    0x0001c550   0x00000048   Code   RO          886    i.bond_data_load    device_manager_peripheral.o
    0x0001c598   0x00000054   Code   RO          557    i.bsp_btn_ble_init  bsp_btn_ble.o
    0x0001c5ec   0x00000078   Code   RO          558    i.bsp_btn_ble_on_ble_evt  bsp_btn_ble.o
    0x0001c664   0x00000014   Code   RO          559    i.bsp_btn_ble_sleep_mode_prepare  bsp_btn_ble.o
    0x0001c678   0x000000a0   Code   RO          447    i.bsp_button_event_handler  bsp.o
    0x0001c718   0x0000002c   Code   RO          448    i.bsp_button_is_pressed  bsp.o
    0x0001c744   0x00000058   Code   RO            6    i.bsp_event_handler  main.o
    0x0001c79c   0x00000048   Code   RO          452    i.bsp_event_to_button_action_assign  bsp.o
    0x0001c7e4   0x0000001c   Code   RO          453    i.bsp_indication_set  bsp.o
    0x0001c800   0x000000a0   Code   RO          455    i.bsp_init          bsp.o
    0x0001c8a0   0x000001f8   Code   RO          456    i.bsp_led_indication  bsp.o
    0x0001ca98   0x0000003c   Code   RO          457    i.bsp_wakeup_buttons_set  bsp.o
    0x0001cad4   0x0000000c   Code   RO          458    i.button_timer_handler  bsp.o
    0x0001cae0   0x0000001c   Code   RO         1297    i.channel_free      nrf_drv_gpiote.o
    0x0001cafc   0x00000048   Code   RO         1298    i.channel_port_alloc  nrf_drv_gpiote.o
    0x0001cb44   0x00000010   Code   RO         1299    i.channel_port_get  nrf_drv_gpiote.o
    0x0001cb54   0x00000190   Code   RO          844    i.characteristic_add  ble_srv_common.o
    0x0001cce4   0x00000104   Code   RO         1656    i.clear_operation_execute  pstorage.o
    0x0001cde8   0x00000024   Code   RO         1657    i.clear_post_processing_run  pstorage.o
    0x0001ce0c   0x00000038   Code   RO         1658    i.cmd_process       pstorage.o
    0x0001ce44   0x00000020   Code   RO         1659    i.cmd_queue_element_init  pstorage.o
    0x0001ce64   0x0000004c   Code   RO         1660    i.cmd_queue_enqueue  pstorage.o
    0x0001ceb0   0x00000008   Code   RO          388    i.coin_event_notification_encode  ble_peggy_peripheral.o
    0x0001ceb8   0x0000003c   Code   RO         1661    i.command_end_procedure_run  pstorage.o
    0x0001cef4   0x000000a8   Code   RO         2027    i.compare_reg_update  app_timer.o
    0x0001cf9c   0x00000088   Code   RO          601    i.conn_int_encode   ble_advdata.o
    0x0001d024   0x00000008   Code   RO            7    i.conn_params_error_handler  main.o
    0x0001d02c   0x00000068   Code   RO          775    i.conn_params_negotiation  ble_conn_params.o
    0x0001d094   0x00000030   Code   RO          887    i.connection_instance_find  device_manager_peripheral.o
    0x0001d0c4   0x00000024   Code   RO          888    i.connection_instance_init  device_manager_peripheral.o
    0x0001d0e8   0x00000054   Code   RO         1662    i.data_page_erase_state_run  pstorage.o
    0x0001d13c   0x00000028   Code   RO         1663    i.data_to_swap_write_state_run  pstorage.o
    0x0001d164   0x00000060   Code   RO         1903    i.detection_delay_timeout_handler  app_button.o
    0x0001d1c4   0x000000b4   Code   RO          889    i.device_context_store  device_manager_peripheral.o
    0x0001d278   0x00000054   Code   RO          890    i.device_instance_allocate  device_manager_peripheral.o
    0x0001d2cc   0x00000048   Code   RO          891    i.device_instance_find  device_manager_peripheral.o
    0x0001d314   0x0000002c   Code   RO          892    i.device_instance_free  device_manager_peripheral.o
    0x0001d340   0x0000000e   Code   RO            8    i.device_manager_evt_handler  main.o
    0x0001d34e   0x00000002   PAD
    0x0001d350   0x00000070   Code   RO            9    i.device_manager_init  main.o
    0x0001d3c0   0x000003ec   Code   RO          897    i.dm_ble_evt_handler  device_manager_peripheral.o
    0x0001d7ac   0x0000005c   Code   RO          900    i.dm_device_delete_all  device_manager_peripheral.o
    0x0001d808   0x0000001c   Code   RO          903    i.dm_handle_initialize  device_manager_peripheral.o
    0x0001d824   0x000000c4   Code   RO          904    i.dm_init           device_manager_peripheral.o
    0x0001d8e8   0x00000188   Code   RO          907    i.dm_pstorage_cb_handler  device_manager_peripheral.o
    0x0001da70   0x00000074   Code   RO          908    i.dm_register       device_manager_peripheral.o
    0x0001dae4   0x00000040   Code   RO         2028    i.elapsed_ticks_acquire  app_timer.o
    0x0001db24   0x00000020   Code   RO         1664    i.flash_api_err_code_process  pstorage.o
    0x0001db44   0x00000080   Code   RO         1665    i.flash_operation_success_run  pstorage.o
    0x0001dbc4   0x0000000a   Code   RO         1666    i.flash_page_erase  pstorage.o
    0x0001dbce   0x0000000a   Code   RO         1667    i.flash_write       pstorage.o
    0x0001dbd8   0x00000018   Code   RO         2221    i.fs_queued_op_count_get  fstorage.o
    0x0001dbf0   0x00000004   Code   RO          915    i.gattc_context_apply  device_manager_peripheral.o
    0x0001dbf4   0x00000004   Code   RO          916    i.gattc_context_load  device_manager_peripheral.o
    0x0001dbf8   0x00000004   Code   RO          917    i.gattc_context_store  device_manager_peripheral.o
    0x0001dbfc   0x000000b0   Code   RO          918    i.gatts_context_apply  device_manager_peripheral.o
    0x0001dcac   0x00000030   Code   RO          919    i.gatts_context_load  device_manager_peripheral.o
    0x0001dcdc   0x000000ac   Code   RO          920    i.gatts_context_store  device_manager_peripheral.o
    0x0001dd88   0x00000008   Code   RO          921    i.gattsc_context_apply  device_manager_peripheral.o
    0x0001dd90   0x00000008   Code   RO          922    i.gattsc_context_load  device_manager_peripheral.o
    0x0001dd98   0x00000008   Code   RO          923    i.gattsc_context_store  device_manager_peripheral.o
    0x0001dda0   0x00000050   Code   RO         1904    i.gpiote_event_handler  app_button.o
    0x0001ddf0   0x00000078   Code   RO         1668    i.head_restore_state_run  pstorage.o
    0x0001de68   0x00000078   Code   RO         2593    i.intern_softdevice_events_execute  softdevice_handler.o
    0x0001dee0   0x0000001c   Code   RO          776    i.is_conn_params_ok  ble_conn_params.o
    0x0001defc   0x00000048   Code   RO         2705    i.is_manual_peripheral_setup_needed  system_nrf51.o
    0x0001df44   0x00000044   Code   RO         1669    i.is_page_erase_required  pstorage.o
    0x0001df88   0x0000000c   Code   RO         1670    i.is_word_aligned   pstorage.o
    0x0001df94   0x00000054   Code   RO          602    i.le_role_encode    ble_advdata.o
    0x0001dfe8   0x00000018   Code   RO          459    i.leds_timer_handler  bsp.o
    0x0001e000   0x000000bc   Code   RO         2029    i.list_deletions_handler  app_timer.o
    0x0001e0bc   0x000000d4   Code   RO         2030    i.list_insertions_handler  app_timer.o
    0x0001e190   0x00000170   Code   RO           10    i.main              main.o
    0x0001e300   0x00000018   Code   RO         1671    i.main_state_err_busy_process  pstorage.o
    0x0001e318   0x00000068   Code   RO          603    i.manuf_specific_data_encode  ble_advdata.o
    0x0001e380   0x0000009e   Code   RO          604    i.name_encode       ble_advdata.o
    0x0001e41e   0x00000004   Code   RO          924    i.no_service_context_apply  device_manager_peripheral.o
    0x0001e422   0x00000004   Code   RO          925    i.no_service_context_load  device_manager_peripheral.o
    0x0001e426   0x00000004   Code   RO          926    i.no_service_context_store  device_manager_peripheral.o
    0x0001e42a   0x00000002   PAD
    0x0001e42c   0x00000060   Code   RO         1263    i.nrf_drv_common_irq_enable  nrf_drv_common.o
    0x0001e48c   0x000000a0   Code   RO         1302    i.nrf_drv_gpiote_in_event_enable  nrf_drv_gpiote.o
    0x0001e52c   0x000000a4   Code   RO         1303    i.nrf_drv_gpiote_in_init  nrf_drv_gpiote.o
    0x0001e5d0   0x00000014   Code   RO         1304    i.nrf_drv_gpiote_in_is_set  nrf_drv_gpiote.o
    0x0001e5e4   0x00000054   Code   RO         1306    i.nrf_drv_gpiote_init  nrf_drv_gpiote.o
    0x0001e638   0x00000010   Code   RO         1307    i.nrf_drv_gpiote_is_init  nrf_drv_gpiote.o
    0x0001e648   0x00000024   Code   RO         1319    i.nrf_gpio_cfg      nrf_drv_gpiote.o
    0x0001e66c   0x00000020   Code   RO         1321    i.nrf_gpio_cfg_sense_set  nrf_drv_gpiote.o
    0x0001e68c   0x00000014   Code   RO         1322    i.nrf_gpiote_event_is_set  nrf_drv_gpiote.o
    0x0001e6a0   0x0000000a   Code   RO         1503    i.nrf_uart_event_check  nrf_drv_uart.o
    0x0001e6aa   0x00000010   Code   RO         1504    i.nrf_uart_int_enable_check  nrf_drv_uart.o
    0x0001e6ba   0x00000020   Code   RO           11    i.on_adv_evt        main.o
    0x0001e6da   0x00000002   PAD
    0x0001e6dc   0x00000020   Code   RO           12    i.on_conn_params_evt  main.o
    0x0001e6fc   0x00000098   Code   RO          284    i.on_peggy_peripheral_evt  service_if.o
    0x0001e794   0x00000096   Code   RO          389    i.on_write          ble_peggy_peripheral.o
    0x0001e82a   0x00000002   PAD
    0x0001e82c   0x0000000c   Code   RO          285    i.pass_dm_info      service_if.o
    0x0001e838   0x00000016   Code   RO          684    i.peer_address_exists  ble_advertising.o
    0x0001e84e   0x00000002   PAD
    0x0001e850   0x00000040   Code   RO          927    i.peer_instance_init  device_manager_peripheral.o
    0x0001e890   0x00000032   Code   RO          390    i.pending_transactions_encode  ble_peggy_peripheral.o
    0x0001e8c2   0x00000002   PAD
    0x0001e8c4   0x00000018   Code   RO         1323    i.pin_in_use_by_port  nrf_drv_gpiote.o
    0x0001e8dc   0x00000018   Code   RO         1324    i.pin_in_use_by_te  nrf_drv_gpiote.o
    0x0001e8f4   0x00000028   Code   RO         1672    i.pstorage_access_status_get  pstorage.o
    0x0001e91c   0x00000054   Code   RO         1673    i.pstorage_block_identifier_get  pstorage.o
    0x0001e970   0x000000a4   Code   RO         1674    i.pstorage_clear    pstorage.o
    0x0001ea14   0x00000024   Code   RO         1675    i.pstorage_flash_page_end  pstorage.o
    0x0001ea38   0x0000000a   Code   RO         1676    i.pstorage_flash_page_size  pstorage.o
    0x0001ea42   0x00000002   PAD
    0x0001ea44   0x0000004c   Code   RO         1677    i.pstorage_init     pstorage.o
    0x0001ea90   0x000000a8   Code   RO         1678    i.pstorage_load     pstorage.o
    0x0001eb38   0x000000bc   Code   RO         1679    i.pstorage_register  pstorage.o
    0x0001ebf4   0x00000090   Code   RO         1680    i.pstorage_store    pstorage.o
    0x0001ec84   0x0000004c   Code   RO         1681    i.pstorage_sys_event_handler  pstorage.o
    0x0001ecd0   0x00000090   Code   RO         1682    i.pstorage_update   pstorage.o
    0x0001ed60   0x00000044   Code   RO         2031    i.rtc1_stop         app_timer.o
    0x0001eda4   0x00000038   Code   RO         1505    i.rx_byte           nrf_drv_uart.o
    0x0001eddc   0x0000001c   Code   RO         1506    i.rx_done_event     nrf_drv_uart.o
    0x0001edf8   0x00000010   Code   RO         2594    i.sd_check_ram_start  softdevice_handler.o
    0x0001ee08   0x0000008c   Code   RO         2595    i.sd_nvic_EnableIRQ  softdevice_handler.o
    0x0001ee94   0x0000008e   Code   RO          605    i.service_data_encode  ble_advdata.o
    0x0001ef22   0x0000002e   Code   RO          846    i.set_security_req  ble_srv_common.o
    0x0001ef50   0x00000028   Code   RO           13    i.sleep_mode_enter  main.o
    0x0001ef78   0x00000048   Code   RO         1683    i.sm_state_change   pstorage.o
    0x0001efc0   0x00000014   Code   RO         2596    i.softdevice_ble_evt_handler_set  softdevice_handler.o
    0x0001efd4   0x00000014   Code   RO         2597    i.softdevice_enable  softdevice_handler.o
    0x0001efe8   0x00000028   Code   RO         2598    i.softdevice_enable_get_default_config  softdevice_handler.o
    0x0001f010   0x00000008   Code   RO         2599    i.softdevice_fault_handler  softdevice_handler.o
    0x0001f018   0x00000034   Code   RO         2600    i.softdevice_handler_init  softdevice_handler.o
    0x0001f04c   0x00000014   Code   RO         2603    i.softdevice_sys_evt_handler_set  softdevice_handler.o
    0x0001f060   0x00000064   Code   RO         1684    i.state_data_erase_swap_entry_run  pstorage.o
    0x0001f0c4   0x00000010   Code   RO         1685    i.state_erase_data_page_entry_run  pstorage.o
    0x0001f0d4   0x00000028   Code   RO         1686    i.state_restore_head_entry_run  pstorage.o
    0x0001f0fc   0x0000004c   Code   RO         1687    i.state_restore_tail_entry_run  pstorage.o
    0x0001f148   0x00000020   Code   RO         1688    i.state_swap_erase_entry_run  pstorage.o
    0x0001f168   0x00000030   Code   RO         1689    i.state_write_data_swap_entry_run  pstorage.o
    0x0001f198   0x00000004   Code   RO          928    i.storage_operation_dummy_handler  device_manager_peripheral.o
    0x0001f19c   0x0000005c   Code   RO         1690    i.store_cmd_flash_write_execute  pstorage.o
    0x0001f1f8   0x0000001c   Code   RO         1691    i.swap_erase_state_run  pstorage.o
    0x0001f214   0x00000018   Code   RO         1692    i.swap_sub_state_err_busy_process  pstorage.o
    0x0001f22c   0x00000014   Code   RO         1693    i.swap_sub_state_state_change  pstorage.o
    0x0001f240   0x00000010   Code   RO           14    i.sys_evt_dispatch  main.o
    0x0001f250   0x0000001c   Code   RO         1694    i.tail_restore_state_run  pstorage.o
    0x0001f26c   0x00000020   Code   RO          286    i.test_function     service_if.o
    0x0001f28c   0x00000084   Code   RO         2032    i.timer_list_handler  app_timer.o
    0x0001f310   0x00000010   Code   RO         2033    i.timer_list_handler_sched  app_timer.o
    0x0001f320   0x00000040   Code   RO         2034    i.timer_list_insert  app_timer.o
    0x0001f360   0x00000080   Code   RO         2035    i.timer_timeouts_check  app_timer.o
    0x0001f3e0   0x0000002c   Code   RO         1508    i.tx_byte           nrf_drv_uart.o
    0x0001f40c   0x00000020   Code   RO         1509    i.tx_done_event     nrf_drv_uart.o
    0x0001f42c   0x00000128   Code   RO         1510    i.uart_irq_handler  nrf_drv_uart.o
    0x0001f554   0x0000000a   Code   RO          606    i.uint16_encode     ble_advdata.o
    0x0001f55e   0x00000002   PAD
    0x0001f560   0x00000014   Code   RO          929    i.update_status_bit_reset  device_manager_peripheral.o
    0x0001f574   0x00000064   Code   RO          777    i.update_timeout_handler  ble_conn_params.o
    0x0001f5d8   0x00000054   Code   RO         2036    i.user_id_get       app_timer.o
    0x0001f62c   0x00000026   Code   RO         2037    i.user_op_alloc     app_timer.o
    0x0001f652   0x00000030   Code   RO          607    i.uuid_list_encode  ble_advdata.o
    0x0001f682   0x000000ae   Code   RO          608    i.uuid_list_sized_encode  ble_advdata.o
    0x0001f730   0x00000010   Code   RO          685    i.whitelist_has_entries  ble_advertising.o
    0x0001f740   0x00000004   Data   RO           16    .constdata          main.o
    0x0001f744   0x00000010   Data   RO          391    .constdata          ble_peggy_peripheral.o
    0x0001f754   0x0000003c   Data   RO          464    .constdata          bsp.o
    0x0001f790   0x00000004   Data   RO          780    .constdata          ble_conn_params.o
    0x0001f794   0x00000034   Data   RO          931    .constdata          device_manager_peripheral.o
    0x0001f7c8   0x00000028   Data   RO         1696    .constdata          pstorage.o
    0x0001f7f0   0x00000008   Data   RO         1906    .constdata          app_button.o
    0x0001f7f8   0x00000020   Data   RO         2824    Region$$Table       anon$$obj.o


    Execution Region RW_IRAM1 (Base: 0x20002080, Size: 0x00001480, Max: 0x00005f80, ABSOLUTE)

    Base Addr    Size         Type   Attr      Idx    E Section Name        Object

    0x20002080   0x00000008   Data   RW           17    .data               main.o
    0x20002088   0x00000010   Data   RW          288    .data               service_if.o
    0x20002098   0x00000018   Data   RW          465    .data               bsp.o
    0x200020b0   0x00000008   Data   RW          560    .data               bsp_btn_ble.o
    0x200020b8   0x0000001f   Data   RW          687    .data               ble_advertising.o
    0x200020d7   0x00000001   PAD
    0x200020d8   0x00000014   Data   RW          781    .data               ble_conn_params.o
    0x200020ec   0x00000018   Data   RW          932    .data               device_manager_peripheral.o
    0x20002104   0x00000024   Data   RW         1697    .data               pstorage.o
    0x20002128   0x00000014   Data   RW         1907    .data               app_button.o
    0x2000213c   0x00000020   Data   RW         2038    .data               app_timer.o
    0x2000215c   0x0000001c   Data   RW         2604    .data               softdevice_handler.o
    0x20002178   0x00000004   Data   RW         2706    .data               system_nrf51.o
    0x2000217c   0x00000210   Zero   RW           15    .bss                main.o
    0x2000238c   0x0000003c   Zero   RW          287    .bss                service_if.o
    0x200023c8   0x00000020   Zero   RW          460    .bss                bsp.o
    0x200023e8   0x00000020   Zero   RW          461    .bss                bsp.o
    0x20002408   0x0000000c   Zero   RW          462    .bss                bsp.o
    0x20002414   0x00000020   Zero   RW          463    .bss                bsp.o
    0x20002434   0x00000103   Zero   RW          686    .bss                ble_advertising.o
    0x20002537   0x00000001   PAD
    0x20002538   0x00000020   Zero   RW          778    .bss                ble_conn_params.o
    0x20002558   0x0000001c   Zero   RW          779    .bss                ble_conn_params.o
    0x20002574   0x0000014f   Zero   RW          930    .bss                device_manager_peripheral.o
    0x200026c3   0x00000001   PAD
    0x200026c4   0x00000048   Zero   RW         1325    .bss                nrf_drv_gpiote.o
    0x2000270c   0x0000001c   Zero   RW         1511    .bss                nrf_drv_uart.o
    0x20002728   0x000000d8   Zero   RW         1695    .bss                pstorage.o
    0x20002800   0x00000020   Zero   RW         1905    .bss                app_button.o
    0x20002820   0x00000058   Zero   RW         2230    .bss                fstorage.o
    0x20002878   0x00000488   Zero   RW         2471    .bss                segger_rtt.o
    0x20002d00   0x00000800   Zero   RW         2694    STACK               arm_startup_nrf51.o


==============================================================================

Image component sizes


      Code (inc. data)   RO Data    RW Data    ZI Data      Debug   Object Name

       328         34          8         20         32       9150   app_button.o
        24          4          0          0          0       2273   app_error.o
        28         10          0          0          0       7118   app_error_weak.o
      1696        150          0         32          0      31111   app_timer.o
        56         18        192          0       2048        732   arm_startup_nrf51.o
      1588          6          0          0          0      20560   ble_advdata.o
      1098         44          0         31        259      17705   ble_advertising.o
       460         58          4         20         60      13672   ble_conn_params.o
       888         16         16          0          0      11490   ble_peggy_peripheral.o
       446          8          0          0          0       2637   ble_srv_common.o
      1088        118         60         24        108      12069   bsp.o
       284         10          0          8          0       5345   bsp_btn_ble.o
      2908        246         52         24        335      31288   device_manager_peripheral.o
        24          6          0          0         88       3860   fstorage.o
       940        114          4          8        528      91519   main.o
        96         18          0          0          0       8680   nrf_drv_common.o
      1036        126          0          0         72      23008   nrf_drv_gpiote.o
       490         58          0          0         28      14613   nrf_drv_uart.o
      2830        262         40         36        216      40110   pstorage.o
       438         44          0          0       1160       9657   segger_rtt.o
       280         84          0         16         60      62035   service_if.o
       468         62          0         28          0      24097   softdevice_handler.o
       232         36          0          4          0       2447   system_nrf51.o

    ----------------------------------------------------------------------
     17746       1532        408        252       4996     445176   Object Totals
         0          0         32          0          0          0   (incl. Generated)
        20          0          0          1          2          0   (incl. Padding)

    ----------------------------------------------------------------------

      Code (inc. data)   RO Data    RW Data    ZI Data      Debug   Library Member Name

         0          0          0          0          0          0   entry.o
         0          0          0          0          0          0   entry10a.o
         0          0          0          0          0          0   entry11a.o
         8          4          0          0          0          0   entry2.o
         4          0          0          0          0          0   entry5.o
         0          0          0          0          0          0   entry7b.o
         0          0          0          0          0          0   entry8b.o
         8          4          0          0          0          0   entry9a.o
        30          0          0          0          0          0   handlers.o
        40          0          0          0          0         72   idiv.o
        36          8          0          0          0         68   init.o
        26          0          0          0          0         72   memcmp.o
        36          0          0          0          0         60   memcpya.o
        36          0          0          0          0        100   memseta.o
        18          0          0          0          0         60   strcpy.o
        14          0          0          0          0         60   strlen.o
        44          0          0          0          0         72   uidiv.o

    ----------------------------------------------------------------------
       302         16          0          0          0        564   Library Totals
         2          0          0          0          0          0   (incl. Padding)

    ----------------------------------------------------------------------

      Code (inc. data)   RO Data    RW Data    ZI Data      Debug   Library Name

       300         16          0          0          0        564   mc_p.l

    ----------------------------------------------------------------------
       302         16          0          0          0        564   Library Totals

    ----------------------------------------------------------------------

==============================================================================


      Code (inc. data)   RO Data    RW Data    ZI Data      Debug   

     18048       1548        408        252       4996     436996   Grand Totals
     18048       1548        408        252       4996     436996   ELF Image Totals
     18048       1548        408        252          0          0   ROM Totals

==============================================================================

    Total RO  Size (Code + RO Data)                18456 (  18.02kB)
    Total RW  Size (RW Data + ZI Data)              5248 (   5.13kB)
    Total ROM Size (Code + RO Data + RW Data)      18708 (  18.27kB)

==============================================================================

