<html>
<body>
<pre>
<h1>µVision Build Log</h1>
<h2>Tool Versions:</h2>
IDE-Version: µVision V5.23.0.0
Copyright (C) 2017 ARM Ltd and ARM Germany GmbH. All rights reserved.
License Information: Michael Hayoz, HEIA-FR, LIC=----
 
Tool Versions:
Toolchain:       MDK-Lite  Version: 5.23
Toolchain Path:  C:\Keil_v5\ARM\ARMCC\Bin
C Compiler:      Armcc.exe V5.06 update 4 (build 422)
Assembler:       Armasm.exe V5.06 update 4 (build 422)
Linker/Locator:  ArmLink.exe V5.06 update 4 (build 422)
Library Manager: ArmAr.exe V5.06 update 4 (build 422)
Hex Converter:   FromElf.exe V5.06 update 4 (build 422)
CPU DLL:         
Dialog DLL:      
Target DLL:      Segger\JL2CM3.dll V2.99.23.0
Dialog DLL:      TARMCM1.DLL V1.12.0.0
 
<h2>Project:</h2>
C:\Users\Michael\OneDrive\Schule\HEFR\Bachelor\Code\nRF5_v11\examples\ble_peripheral\PeggyV2\pca10028\s130\arm5_no_packs\bluetoothds_template_s130_pca10028.uvprojx
Project File Date:  08/31/2017

<h2>Output:</h2>
*** Using Compiler 'V5.06 update 4 (build 422)', folder: 'C:\Keil_v5\ARM\ARMCC\Bin'
Rebuild target 'nrf51422_xxac_s130'
compiling service_if.c...
..\..\..\service_if.c(168): warning:  #550-D: variable "err_code"  was set but never used
  		uint32_t    err_code; 
..\..\..\service_if.c: 1 warning, 0 errors
compiling ble_peggy_peripheral.c...
compiling main.c...
compiling bsp.c...
..\..\..\..\..\bsp\bsp.c(58): warning:  #177-D: variable "m_alert_mask"  was declared but never referenced
  static uint32_t         m_alert_mask          = 0;
..\..\..\..\..\bsp\bsp.c: 1 warning, 0 errors
compiling bsp_btn_ble.c...
compiling motor_control.c...
compiling ble_advdata.c...
compiling ble_advertising.c...
compiling ble_conn_params.c...
compiling ble_srv_common.c...
compiling app_uart.c...
compiling nrf_delay.c...
compiling nrf_drv_common.c...
compiling device_manager_peripheral.c...
compiling nrf_drv_gpiote.c...
compiling nrf_drv_uart.c...
compiling pstorage.c...
compiling nrf_drv_lpcomp.c...
compiling app_button.c...
compiling app_error.c...
compiling app_trace.c...
compiling app_error_weak.c...
compiling app_timer.c...
compiling fstorage.c...
compiling app_util_platform.c...
compiling nrf_assert.c...
compiling RTT_Syscalls_KEIL.c...
compiling nrf_log.c...
compiling retarget.c...
compiling SEGGER_RTT_printf.c...
compiling SEGGER_RTT.c...
compiling bootloader_util.c...
compiling softdevice_handler.c...
assembling arm_startup_nrf51.s...
compiling dfu_app_handler.c...
compiling ble_dfu.c...
compiling system_nrf51.c...
linking...
Program Size: Code=21488 RO-data=508 RW-data=268 ZI-data=5268  
FromELF: creating hex file...
".\_build\nrf51422_xxac_s130.axf" - 0 Error(s), 2 Warning(s).

<h2>Software Packages used:</h2>

Package Vendor: ARM
                http://www.keil.com/pack/ARM.CMSIS.4.5.0.pack
                ARM::CMSIS:CORE:4.3.0
                CMSIS (Cortex Microcontroller Software Interface Standard)
   * Component: CORE Version: 4.3.0

Package Vendor: NordicSemiconductor
                http://developer.nordicsemi.com/nRF5_SDK/pieces/nRF_DeviceFamilyPack/NordicSemiconductor.nRF_DeviceFamilyPack.8.5.0.pack
                NordicSemiconductor::Device:Startup:8.5.0
                Nordic Semiconductor nRF ARM devices Device Family Pack.
   * Component: Startup Version: 8.5.0

<h2>Collection of Component include folders:</h2>
  .\RTE\_nrf51422_xxac_s130
  C:\Keil_v5\ARM\PACK\ARM\CMSIS\4.5.0\CMSIS\Include
  C:\Keil_v5\ARM\PACK\NordicSemiconductor\nRF_DeviceFamilyPack\8.12.0\Device\Include
  C:\Keil_v5\ARM\PACK\NordicSemiconductor\nRF_DeviceFamilyPack\8.5.0\Device\Include

<h2>Collection of Component Files used:</h2>

   * Component: ARM::CMSIS:CORE:4.3.0

   * Component: NordicSemiconductor::Device:Startup:8.5.0
      Source file:   Device\Source\arm\arm_startup_nrf51.s
      Include file:  Device\Include\system_nrf51.h
      Source file:   Device\Source\system_nrf51.c
Build Time Elapsed:  00:00:09
</pre>
</body>
</html>
