<html>
<body>
<pre>
<h1>µVision Build Log</h1>
<h2>Tool Versions:</h2>
IDE-Version: µVision V5.23.0.0
Copyright (C) 2017 ARM Ltd and ARM Germany GmbH. All rights reserved.
License Information: Michael Hayoz, HEIA-FR, LIC=----
 
Tool Versions:
Toolchain:       MDK-Lite  Version: 5.23
Toolchain Path:  C:\Keil_v5\ARM\ARMCC\Bin
C Compiler:      Armcc.exe V5.06 update 4 (build 422)
Assembler:       Armasm.exe V5.06 update 4 (build 422)
Linker/Locator:  ArmLink.exe V5.06 update 4 (build 422)
Library Manager: ArmAr.exe V5.06 update 4 (build 422)
Hex Converter:   FromElf.exe V5.06 update 4 (build 422)
CPU DLL:         
Dialog DLL:      
Target DLL:      Segger\JL2CM3.dll V2.99.23.0
Dialog DLL:      TARMCM1.DLL V1.12.0.0
 
<h2>Project:</h2>
C:\Users\Michael\OneDrive\Schule\HEFR\Bachelor\Code\nRF5_v11\examples\dfu\bootloader\pca10028\dual_bank_serial_s130\arm5_no_packs\dfu_dual_bank_serial_s130_pca10028.uvprojx
Project File Date:  07/11/2017

<h2>Output:</h2>
*** Using Compiler 'V5.06 update 4 (build 422)', folder: 'C:\Keil_v5\ARM\ARMCC\Bin'
Rebuild target 'nrf51422_xxac'
Clean started - Project: 'dfu_dual_bank_serial_s130_pca10028'
   deleting intermediate output files for target 'nrf51422_xxac'
compiling main.c...
compiling ble_advdata.c...
compiling ble_conn_params.c...
compiling ble_srv_common.c...
compiling app_uart.c...
compiling nrf_delay.c...
compiling nrf_drv_common.c...
compiling nrf_drv_uart.c...
compiling pstorage_raw.c...
compiling app_error.c...
compiling app_error_weak.c...
compiling app_scheduler.c...
compiling app_timer.c...
compiling app_timer_appsh.c...
compiling app_util_platform.c...
compiling bootloader.c...
compiling bootloader_settings.c...
compiling bootloader_util.c...
compiling crc16.c...
compiling dfu_dual_bank.c...
compiling dfu_init_template.c...
compiling dfu_transport_serial.c...
compiling hci_mem_pool.c...
compiling hci_slip.c...
compiling hci_transport.c...
compiling nrf_assert.c...
compiling softdevice_handler.c...
compiling softdevice_handler_appsh.c...
assembling arm_startup_nrf51.s...
compiling system_nrf51.c...
linking...
Program Size: Code=11400 RO-data=416 RW-data=248 ZI-data=5836  
".\_build\nrf51422_xxac.axf" - 0 Error(s), 0 Warning(s).

*** Performing Cross-Module-Optimization:
compiling main.c...
compiling ble_advdata.c...
compiling ble_conn_params.c...
compiling ble_srv_common.c...
compiling app_uart.c...
compiling nrf_delay.c...
compiling nrf_drv_common.c...
compiling nrf_drv_uart.c...
compiling pstorage_raw.c...
compiling app_error.c...
compiling app_error_weak.c...
compiling app_scheduler.c...
compiling app_timer.c...
compiling app_timer_appsh.c...
compiling app_util_platform.c...
compiling bootloader.c...
compiling bootloader_settings.c...
compiling dfu_dual_bank.c...
compiling dfu_init_template.c...
compiling dfu_transport_serial.c...
compiling hci_mem_pool.c...
compiling hci_slip.c...
compiling hci_transport.c...
compiling nrf_assert.c...
compiling softdevice_handler.c...
compiling softdevice_handler_appsh.c...
compiling system_nrf51.c...
linking...
Program Size: Code=10652 RO-data=416 RW-data=244 ZI-data=5800  
compiling main.c...
compiling ble_advdata.c...
compiling ble_conn_params.c...
compiling ble_srv_common.c...
compiling app_uart.c...
compiling nrf_delay.c...
compiling nrf_drv_common.c...
compiling nrf_drv_uart.c...
compiling pstorage_raw.c...
compiling app_error.c...
compiling app_error_weak.c...
compiling app_scheduler.c...
compiling app_timer.c...
compiling app_timer_appsh.c...
compiling app_util_platform.c...
compiling bootloader.c...
compiling bootloader_settings.c...
compiling dfu_dual_bank.c...
compiling dfu_init_template.c...
compiling dfu_transport_serial.c...
compiling hci_mem_pool.c...
compiling hci_slip.c...
compiling hci_transport.c...
compiling nrf_assert.c...
compiling softdevice_handler.c...
compiling softdevice_handler_appsh.c...
compiling system_nrf51.c...
linking...
Program Size: Code=10652 RO-data=416 RW-data=244 ZI-data=5800  
FromELF: creating hex file...
".\_build\nrf51422_xxac.axf" - 0 Error(s), 0 Warning(s).
*** Completed Cross-Module-Optimization after 3 iteration(s).

<h2>Software Packages used:</h2>

Package Vendor: ARM
                http://www.keil.com/pack/ARM.CMSIS.4.5.0.pack
                ARM::CMSIS:CORE:4.3.0
                CMSIS (Cortex Microcontroller Software Interface Standard)
   * Component: CORE Version: 4.3.0

Package Vendor: NordicSemiconductor
                http://developer.nordicsemi.com/nRF5_SDK/pieces/nRF_DeviceFamilyPack/NordicSemiconductor.nRF_DeviceFamilyPack.8.5.0.pack
                NordicSemiconductor::Device:Startup:8.5.0
                Nordic Semiconductor nRF ARM devices Device Family Pack.
   * Component: Startup Version: 8.5.0

<h2>Collection of Component include folders:</h2>
  .\RTE\_nrf51422_xxac
  C:\Keil_v5\ARM\PACK\ARM\CMSIS\4.5.0\CMSIS\Include
  C:\Keil_v5\ARM\PACK\NordicSemiconductor\nRF_DeviceFamilyPack\8.12.0\Device\Include
  C:\Keil_v5\ARM\PACK\NordicSemiconductor\nRF_DeviceFamilyPack\8.5.0\Device\Include

<h2>Collection of Component Files used:</h2>

   * Component: ARM::CMSIS:CORE:4.3.0

   * Component: NordicSemiconductor::Device:Startup:8.5.0
      Source file:   Device\Source\system_nrf51.c
      Include file:  Device\Include\system_nrf51.h
      Source file:   Device\Source\arm\arm_startup_nrf51.s
Build Time Elapsed:  00:00:33
</pre>
</body>
</html>
