Component: ARM Compiler 5.06 update 4 (build 422) Tool: armlink [4d35d2]

==============================================================================

Section Cross References

    main.o(.text) refers to app_error.o(.text) for app_error_handler
    main.o(.text) refers to pstorage_raw.o(.text) for pstorage_sys_event_handler
    main.o(.text) refers to app_error.o(.text) for app_error_handler_bare
    main.o(.text) refers to softdevice_handler.o(.text) for softdevice_handler_init
    main.o(.text) refers to app_timer.o(.text) for app_timer_init
    main.o(.text) refers to bootloader.o(.text) for bootloader_init
    main.o(.text) refers to app_scheduler.o(.text) for app_sched_init
    main.o(.text) refers to main.o(.constdata) for .constdata
    main.o(.text) refers to softdevice_handler_appsh.o(.text) for softdevice_evt_schedule
    main.o(.text) refers to main.o(.bss) for .bss
    main.o(.text) refers to app_timer_appsh.o(.text) for app_timer_evt_schedule
    ble_advdata.o(.text) refers to ble_advdata.o(.text) for uuid_list_sized_encode
    ble_advdata.o(.text) refers to ble_advdata.o(.text) for le_role_encode
    ble_advdata.o(.text) refers to ble_advdata.o(.text) for ble_device_addr_encode
    ble_advdata.o(.text) refers to ble_advdata.o(.text) for uint16_encode
    ble_advdata.o(.text) refers to ble_advdata.o(.text) for uuid_list_encode
    ble_advdata.o(.text) refers to ble_advdata.o(.text) for conn_int_encode
    ble_advdata.o(.text) refers to ble_advdata.o(.text) for manuf_specific_data_encode
    ble_advdata.o(.text) refers to ble_advdata.o(.text) for service_data_encode
    ble_advdata.o(.text) refers to ble_advdata.o(.text) for name_encode
    ble_advdata.o(.text) refers to ble_advdata.o(.text) for adv_data_encode
    ble_advdata.o(.text) refers to memcpya.o(.text) for __aeabi_memcpy
    ble_advdata.o(.text) refers to ble_advdata.o(.text) for uint16_encode
    ble_advdata.o(.text) refers to ble_advdata.o(.text) for uint16_encode
    ble_advdata.o(.text) refers to memcpya.o(.text) for __aeabi_memcpy
    ble_advdata.o(.text) refers to ble_advdata.o(.text) for uint16_encode
    ble_advdata.o(.text) refers to memcpya.o(.text) for __aeabi_memcpy
    ble_conn_params.o(.text) refers to ble_conn_params.o(.data) for .data
    ble_conn_params.o(.text) refers to ble_conn_params.o(.bss) for .bss
    ble_conn_params.o(.text) refers to memcpya.o(.text) for __aeabi_memcpy4
    ble_conn_params.o(.text) refers to app_timer.o(.text) for app_timer_create
    ble_conn_params.o(.text) refers to ble_conn_params.o(.bss) for .bss
    ble_conn_params.o(.text) refers to ble_conn_params.o(.data) for .data
    ble_conn_params.o(.text) refers to ble_conn_params.o(.text) for update_timeout_handler
    ble_conn_params.o(.text) refers to ble_conn_params.o(.constdata) for .constdata
    ble_conn_params.o(.text) refers to app_timer.o(.text) for app_timer_stop
    ble_conn_params.o(.text) refers to ble_conn_params.o(.constdata) for .constdata
    ble_conn_params.o(.text) refers to ble_conn_params.o(.text) for is_conn_params_ok
    ble_conn_params.o(.text) refers to app_timer.o(.text) for app_timer_start
    ble_conn_params.o(.text) refers to ble_conn_params.o(.data) for .data
    ble_conn_params.o(.text) refers to ble_conn_params.o(.bss) for .bss
    ble_conn_params.o(.text) refers to ble_conn_params.o(.constdata) for .constdata
    ble_conn_params.o(.text) refers to memcpya.o(.text) for __aeabi_memcpy
    ble_conn_params.o(.text) refers to ble_conn_params.o(.text) for conn_params_negotiation
    ble_conn_params.o(.text) refers to app_timer.o(.text) for app_timer_stop
    ble_conn_params.o(.text) refers to ble_conn_params.o(.data) for .data
    ble_conn_params.o(.text) refers to ble_conn_params.o(.bss) for .bss
    ble_conn_params.o(.text) refers to ble_conn_params.o(.constdata) for .constdata
    ble_conn_params.o(.text) refers to memcpya.o(.text) for __aeabi_memcpy
    ble_conn_params.o(.text) refers to ble_conn_params.o(.text) for is_conn_params_ok
    ble_conn_params.o(.text) refers to ble_conn_params.o(.data) for .data
    ble_conn_params.o(.text) refers to ble_conn_params.o(.bss) for .bss
    ble_conn_params.o(.text) refers to ble_conn_params.o(.data) for .data
    ble_conn_params.o(.constdata) refers to ble_conn_params.o(.bss) for m_conn_params_timer_id_data
    ble_srv_common.o(.text) refers to strlen.o(.text) for strlen
    ble_srv_common.o(.text) refers to ble_srv_common.o(i.__ARM_common_switch8) for __ARM_common_switch8
    ble_srv_common.o(.text) refers to ble_srv_common.o(.text) for set_security_req
    ble_srv_common.o(.text) refers to memseta.o(.text) for __aeabi_memclr4
    ble_srv_common.o(.text) refers to memseta.o(.text) for __aeabi_memclr4
    ble_srv_common.o(.text) refers to ble_srv_common.o(.text) for set_security_req
    app_uart.o(.text) refers to nrf_drv_uart.o(.text) for nrf_drv_uart_rx
    app_uart.o(.text) refers to memcpya.o(.text) for __aeabi_memcpy4
    app_uart.o(.text) refers to app_uart.o(.data) for .data
    app_uart.o(.text) refers to app_uart.o(.constdata) for .constdata
    app_uart.o(.text) refers to app_uart.o(.data) for .data
    nrf_delay.o(.text) refers to nrf_delay.o(.emb_text) for __asm___11_nrf_delay_c_532987f3__nrf_delay_us
    nrf_drv_uart.o(.text) refers to nrf_drv_common.o(.text) for nrf_drv_common_irq_enable
    nrf_drv_uart.o(.text) refers to nrf_drv_uart.o(.bss) for .bss
    nrf_drv_uart.o(.text) refers to nrf_drv_uart.o(.constdata) for .constdata
    nrf_drv_uart.o(.text) refers to nrf_drv_uart.o(.bss) for .bss
    nrf_drv_uart.o(.text) refers to nrf_drv_uart.o(.text) for tx_done_event
    nrf_drv_uart.o(.text) refers to nrf_drv_uart.o(.bss) for .bss
    pstorage_raw.o(.text) refers to uidiv.o(.text) for __aeabi_uidivmod
    pstorage_raw.o(.text) refers to pstorage_raw.o(.bss) for .bss
    pstorage_raw.o(.text) refers to pstorage_raw.o(.data) for .data
    app_error.o(.text) refers to app_error_weak.o(.text) for app_error_fault_handler
    app_error.o(.text) refers to app_error_weak.o(.text) for app_error_fault_handler
    app_error.o(.text) refers to app_error.o(.bss) for .bss
    app_scheduler.o(.text) refers to app_util_platform.o(.text) for app_util_critical_region_enter
    app_scheduler.o(.text) refers to memcpya.o(.text) for __aeabi_memcpy
    app_scheduler.o(.text) refers to app_scheduler.o(.data) for .data
    app_timer.o(.text) refers to app_timer.o(.emb_text) for __asm___11_app_timer_c_cd27f9c3__nrf_delay_us
    app_timer.o(.text) refers to app_timer.o(.data) for .data
    app_timer.o(.text) refers to app_error.o(.text) for app_error_handler_bare
    app_timer.o(.text) refers to app_timer.o(.text) for user_id_get
    app_timer.o(.text) refers to app_timer.o(.data) for .data
    app_timer_appsh.o(.text) refers to app_error.o(.text) for app_error_handler_bare
    app_timer_appsh.o(.text) refers to app_scheduler.o(.text) for app_sched_event_put
    app_util_platform.o(.text) refers to app_util_platform.o(.data) for .data
    app_util_platform.o(.text) refers to app_util_platform.o(.data) for .data
    app_util_platform.o(.text) refers to softdevice_handler.o(.data) for nrf_nvic_state
    bootloader.o(.text) refers to app_error.o(.text) for app_error_handler_bare
    bootloader.o(.text) refers to app_scheduler.o(.text) for app_sched_execute
    bootloader.o(.text) refers to bootloader_settings.o(.text) for bootloader_util_settings_get
    bootloader.o(.text) refers to crc16.o(.text) for crc16_compute
    bootloader.o(.text) refers to pstorage_raw.o(.text) for pstorage_clear
    bootloader.o(.text) refers to dfu_transport_serial.o(.text) for dfu_transport_close
    bootloader.o(.text) refers to dfu_dual_bank.o(.text) for dfu_init
    bootloader.o(.text) refers to bootloader_util.o(.text) for bootloader_util_app_start
    bootloader.o(.text) refers to nrf_delay.o(.text) for nrf_delay_ms
    bootloader.o(.text) refers to memcpya.o(.text) for __aeabi_memcpy4
    bootloader.o(.text) refers to bootloader.o(.data) for .data
    bootloader.o(.text) refers to bootloader.o(.bss) for .bss
    bootloader.o(.text) refers to bootloader.o(.constdata) for .constdata
    bootloader.o(.constdata) refers to bootloader.o(.text) for pstorage_callback_handler
    bootloader_settings.o(.text) refers to bootloader_settings.o(.ARM.__AT_0x0003FC00) for .ARM.__AT_0x0003FC00
    bootloader_util.o(.text) refers to bootloader_util.o(.emb_text) for __asm___17_bootloader_util_c_c13d365c__bootloader_util_reset
    dfu_dual_bank.o(.text) refers to app_error.o(.text) for app_error_handler_bare
    dfu_dual_bank.o(.text) refers to bootloader.o(.text) for bootloader_dfu_update_process
    dfu_dual_bank.o(.text) refers to app_timer.o(.text) for app_timer_stop
    dfu_dual_bank.o(.text) refers to pstorage_raw.o(.text) for pstorage_clear
    dfu_dual_bank.o(.text) refers to memcpya.o(.text) for __aeabi_memcpy4
    dfu_dual_bank.o(.text) refers to memseta.o(.text) for __aeabi_memclr4
    dfu_dual_bank.o(.text) refers to dfu_init_template.o(.text) for dfu_init_prevalidate
    dfu_dual_bank.o(.text) refers to dfu_dual_bank.o(.data) for .data
    dfu_dual_bank.o(.text) refers to dfu_dual_bank.o(.bss) for .bss
    dfu_dual_bank.o(.text) refers to dfu_dual_bank.o(.constdata) for .constdata
    dfu_dual_bank.o(.text) refers to dfu_dual_bank.o(.bss) for .bss
    dfu_dual_bank.o(.text) refers to bootloader.o(.text) for bootloader_dfu_update_process
    dfu_dual_bank.o(.constdata) refers to dfu_dual_bank.o(.bss) for m_dfu_timer_id_data
    dfu_dual_bank.o(.constdata) refers to dfu_dual_bank.o(.text) for pstorage_callback_handler
    dfu_init_template.o(.text) refers to memcpya.o(.text) for __aeabi_memcpy
    dfu_init_template.o(.text) refers to crc16.o(.text) for crc16_compute
    dfu_init_template.o(.text) refers to dfu_init_template.o(.data) for .data
    dfu_init_template.o(.text) refers to dfu_init_template.o(.bss) for .bss
    dfu_transport_serial.o(.text) refers to hci_transport.o(.text) for hci_transport_rx_pkt_consume
    dfu_transport_serial.o(.text) refers to app_error.o(.text) for app_error_handler_bare
    dfu_transport_serial.o(.text) refers to dfu_dual_bank.o(.text) for dfu_data_pkt_handle
    dfu_transport_serial.o(.text) refers to app_scheduler.o(.text) for app_sched_event_put
    dfu_transport_serial.o(.text) refers to dfu_transport_serial.o(.bss) for .bss
    hci_mem_pool.o(.text) refers to hci_mem_pool.o(.data) for .data
    hci_mem_pool.o(.text) refers to hci_mem_pool.o(.bss) for .bss
    hci_mem_pool.o(.text) refers to hci_mem_pool.o(.data) for .data
    hci_mem_pool.o(.text) refers to hci_mem_pool.o(.bss) for .bss
    hci_mem_pool.o(.text) refers to hci_mem_pool.o(.data) for .data
    hci_slip.o(.text) refers to app_uart.o(.text) for app_uart_put
    hci_slip.o(.text) refers to hci_slip.o(.data) for .data
    hci_slip.o(.text) refers to hci_slip.o(.constdata) for .constdata
    hci_slip.o(.data) refers to hci_slip.o(.text) for handle_rx_byte_wait_start
    hci_transport.o(.text) refers to hci_slip.o(.text) for hci_slip_write
    hci_transport.o(.text) refers to crc16.o(.text) for crc16_compute
    hci_transport.o(.text) refers to hci_mem_pool.o(.text) for hci_mem_pool_rx_data_size_set
    hci_transport.o(.text) refers to app_error.o(.text) for app_error_handler_bare
    hci_transport.o(.text) refers to app_timer.o(.text) for app_timer_stop
    hci_transport.o(.text) refers to hci_transport.o(.data) for .data
    hci_transport.o(.text) refers to hci_transport.o(.constdata) for .constdata
    hci_transport.o(.text) refers to hci_slip.o(.text) for hci_slip_evt_handler_register
    hci_transport.o(.text) refers to app_error.o(.text) for app_error_handler_bare
    hci_transport.o(.text) refers to hci_transport.o(.data) for .data
    hci_transport.o(.text) refers to hci_transport.o(.text) for slip_event_handle
    hci_transport.o(.text) refers to hci_mem_pool.o(.text) for hci_mem_pool_tx_alloc
    hci_transport.o(.text) refers to hci_mem_pool.o(.text) for hci_mem_pool_tx_free
    hci_transport.o(.text) refers to hci_transport.o(.text) for header_checksum_calculate
    hci_transport.o(.text) refers to crc16.o(.text) for crc16_compute
    hci_transport.o(.text) refers to hci_slip.o(.text) for hci_slip_write
    hci_transport.o(.text) refers to hci_transport.o(.data) for .data
    hci_transport.o(.text) refers to hci_transport.o(.text) for pkt_write_handle
    hci_transport.o(.text) refers to hci_transport.o(.data) for .data
    hci_transport.o(.constdata) refers to hci_transport.o(.bss) for m_app_timer_id_data
    softdevice_handler.o(.text) refers to app_error_weak.o(.text) for app_error_fault_handler
    softdevice_handler.o(.text) refers to app_error.o(.text) for app_error_handler_bare
    softdevice_handler.o(.text) refers to memseta.o(.text) for __aeabi_memclr4
    softdevice_handler.o(.text) refers to softdevice_handler.o(.data) for .data
    softdevice_handler.o(.text) refers to softdevice_handler.o(.data) for .data
    softdevice_handler.o(.text) refers to softdevice_handler.o(.data) for .data
    softdevice_handler.o(.text) refers to softdevice_handler.o(.data) for .data
    softdevice_handler_appsh.o(.text) refers to app_error.o(.text) for app_error_handler_bare
    softdevice_handler_appsh.o(.text) refers to softdevice_handler.o(.text) for intern_softdevice_events_execute
    softdevice_handler_appsh.o(.text) refers to app_scheduler.o(.text) for app_sched_event_put
    arm_startup_nrf51.o(RESET) refers to arm_startup_nrf51.o(STACK) for __initial_sp
    arm_startup_nrf51.o(RESET) refers to arm_startup_nrf51.o(.text) for Reset_Handler
    arm_startup_nrf51.o(RESET) refers to nrf_drv_uart.o(.text) for UART0_IRQHandler
    arm_startup_nrf51.o(RESET) refers to app_timer.o(.text) for RTC1_IRQHandler
    arm_startup_nrf51.o(RESET) refers to softdevice_handler.o(.text) for SWI2_IRQHandler
    arm_startup_nrf51.o(.text) refers to system_nrf51.o(.text) for SystemInit
    arm_startup_nrf51.o(.text) refers to entry.o(.ARM.Collect$$$$00000000) for __main
    system_nrf51.o(.text) refers to system_nrf51.o(.data) for .data
    entry.o(.ARM.Collect$$$$00000000) refers (Special) to entry10a.o(.ARM.Collect$$$$0000000D) for __rt_final_cpp
    entry.o(.ARM.Collect$$$$00000000) refers (Special) to entry11a.o(.ARM.Collect$$$$0000000F) for __rt_final_exit
    entry.o(.ARM.Collect$$$$00000000) refers (Special) to entry7b.o(.ARM.Collect$$$$00000008) for _main_clock
    entry.o(.ARM.Collect$$$$00000000) refers (Special) to entry8b.o(.ARM.Collect$$$$0000000A) for _main_cpp_init
    entry.o(.ARM.Collect$$$$00000000) refers (Special) to entry9a.o(.ARM.Collect$$$$0000000B) for _main_init
    entry.o(.ARM.Collect$$$$00000000) refers (Special) to entry5.o(.ARM.Collect$$$$00000004) for _main_scatterload
    entry.o(.ARM.Collect$$$$00000000) refers (Special) to entry2.o(.ARM.Collect$$$$00000001) for _main_stk
    entry2.o(.ARM.Collect$$$$00000001) refers to entry2.o(.ARM.Collect$$$$00002712) for __lit__00000000
    entry2.o(.ARM.Collect$$$$00002712) refers to arm_startup_nrf51.o(STACK) for __initial_sp
    entry2.o(__vectab_stack_and_reset_area) refers to arm_startup_nrf51.o(STACK) for __initial_sp
    entry2.o(__vectab_stack_and_reset_area) refers to entry.o(.ARM.Collect$$$$00000000) for __main
    entry5.o(.ARM.Collect$$$$00000004) refers to init.o(.text) for __scatterload
    entry9a.o(.ARM.Collect$$$$0000000B) refers to main.o(.text) for main
    entry9b.o(.ARM.Collect$$$$0000000C) refers to main.o(.text) for main
    init.o(.text) refers to entry5.o(.ARM.Collect$$$$00000004) for __main_after_scatterload


==============================================================================

Removing Unused input sections from the image.

    Removing main.o(.rev16_text), (4 bytes).
    Removing main.o(.revsh_text), (4 bytes).
    Removing main.o(.text), (20 bytes).
    Removing ble_advdata.o(.rev16_text), (4 bytes).
    Removing ble_advdata.o(.revsh_text), (4 bytes).
    Removing ble_advdata.o(.text), (174 bytes).
    Removing ble_advdata.o(.text), (48 bytes).
    Removing ble_advdata.o(.text), (534 bytes).
    Removing ble_advdata.o(.text), (104 bytes).
    Removing ble_advdata.o(.text), (10 bytes).
    Removing ble_advdata.o(.text), (84 bytes).
    Removing ble_advdata.o(.text), (94 bytes).
    Removing ble_advdata.o(.text), (158 bytes).
    Removing ble_advdata.o(.text), (136 bytes).
    Removing ble_advdata.o(.text), (104 bytes).
    Removing ble_advdata.o(.text), (142 bytes).
    Removing ble_conn_params.o(.rev16_text), (4 bytes).
    Removing ble_conn_params.o(.revsh_text), (4 bytes).
    Removing ble_conn_params.o(.text), (100 bytes).
    Removing ble_conn_params.o(.text), (84 bytes).
    Removing ble_conn_params.o(.text), (16 bytes).
    Removing ble_conn_params.o(.text), (104 bytes).
    Removing ble_conn_params.o(.text), (144 bytes).
    Removing ble_conn_params.o(.text), (80 bytes).
    Removing ble_conn_params.o(.text), (28 bytes).
    Removing ble_conn_params.o(.bss), (32 bytes).
    Removing ble_conn_params.o(.bss), (28 bytes).
    Removing ble_conn_params.o(.constdata), (4 bytes).
    Removing ble_conn_params.o(.data), (20 bytes).
    Removing ble_srv_common.o(.rev16_text), (4 bytes).
    Removing ble_srv_common.o(.revsh_text), (4 bytes).
    Removing ble_srv_common.o(.text), (12 bytes).
    Removing ble_srv_common.o(.text), (18 bytes).
    Removing ble_srv_common.o(.text), (46 bytes).
    Removing ble_srv_common.o(.text), (400 bytes).
    Removing ble_srv_common.o(.text), (176 bytes).
    Removing app_uart.o(.rev16_text), (4 bytes).
    Removing app_uart.o(.revsh_text), (4 bytes).
    Removing app_uart.o(.text), (32 bytes).
    Removing app_uart.o(.text), (4 bytes).
    Removing nrf_delay.o(.rev16_text), (4 bytes).
    Removing nrf_delay.o(.revsh_text), (4 bytes).
    Removing nrf_drv_common.o(.rev16_text), (4 bytes).
    Removing nrf_drv_common.o(.revsh_text), (4 bytes).
    Removing nrf_drv_uart.o(.rev16_text), (4 bytes).
    Removing nrf_drv_uart.o(.revsh_text), (4 bytes).
    Removing nrf_drv_uart.o(.text), (24 bytes).
    Removing nrf_drv_uart.o(.text), (28 bytes).
    Removing nrf_drv_uart.o(.text), (44 bytes).
    Removing nrf_drv_uart.o(.text), (24 bytes).
    Removing pstorage_raw.o(.rev16_text), (4 bytes).
    Removing pstorage_raw.o(.revsh_text), (4 bytes).
    Removing pstorage_raw.o(.text), (4 bytes).
    Removing app_error.o(.rev16_text), (4 bytes).
    Removing app_error.o(.revsh_text), (4 bytes).
    Removing app_error.o(.text), (28 bytes).
    Removing app_error.o(.text), (100 bytes).
    Removing app_error.o(.bss), (32 bytes).
    Removing app_error_weak.o(.rev16_text), (4 bytes).
    Removing app_error_weak.o(.revsh_text), (4 bytes).
    Removing app_scheduler.o(.rev16_text), (4 bytes).
    Removing app_scheduler.o(.revsh_text), (4 bytes).
    Removing app_timer.o(.rev16_text), (4 bytes).
    Removing app_timer.o(.revsh_text), (4 bytes).
    Removing app_timer.o(.text), (68 bytes).
    Removing app_timer.o(.text), (16 bytes).
    Removing app_timer.o(.text), (12 bytes).
    Removing app_timer_appsh.o(.rev16_text), (4 bytes).
    Removing app_timer_appsh.o(.revsh_text), (4 bytes).
    Removing app_util_platform.o(.rev16_text), (4 bytes).
    Removing app_util_platform.o(.revsh_text), (4 bytes).
    Removing app_util_platform.o(.text), (16 bytes).
    Removing app_util_platform.o(.text), (20 bytes).
    Removing app_util_platform.o(.data), (4 bytes).
    Removing bootloader.o(.rev16_text), (4 bytes).
    Removing bootloader.o(.revsh_text), (4 bytes).
    Removing bootloader.o(.emb_text), (30 bytes).
    Removing bootloader_settings.o(.rev16_text), (4 bytes).
    Removing bootloader_settings.o(.revsh_text), (4 bytes).
    Removing dfu_dual_bank.o(.rev16_text), (4 bytes).
    Removing dfu_dual_bank.o(.revsh_text), (4 bytes).
    Removing dfu_dual_bank.o(.text), (40 bytes).
    Removing dfu_dual_bank.o(.text), (26 bytes).
    Removing dfu_init_template.o(.rev16_text), (4 bytes).
    Removing dfu_init_template.o(.revsh_text), (4 bytes).
    Removing dfu_transport_serial.o(.rev16_text), (4 bytes).
    Removing dfu_transport_serial.o(.revsh_text), (4 bytes).
    Removing hci_mem_pool.o(.text), (40 bytes).
    Removing hci_mem_pool.o(.text), (12 bytes).
    Removing hci_slip.o(.rev16_text), (4 bytes).
    Removing hci_slip.o(.revsh_text), (4 bytes).
    Removing hci_transport.o(.rev16_text), (4 bytes).
    Removing hci_transport.o(.revsh_text), (4 bytes).
    Removing hci_transport.o(.text), (44 bytes).
    Removing hci_transport.o(.text), (20 bytes).
    Removing hci_transport.o(.text), (8 bytes).
    Removing hci_transport.o(.text), (112 bytes).
    Removing hci_transport.o(.text), (36 bytes).
    Removing nrf_assert.o(.rev16_text), (4 bytes).
    Removing nrf_assert.o(.revsh_text), (4 bytes).
    Removing softdevice_handler.o(.rev16_text), (4 bytes).
    Removing softdevice_handler.o(.revsh_text), (4 bytes).
    Removing softdevice_handler.o(.text), (12 bytes).
    Removing softdevice_handler.o(.text), (24 bytes).
    Removing softdevice_handler.o(.text), (20 bytes).
    Removing softdevice_handler.o(.text), (16 bytes).
    Removing softdevice_handler_appsh.o(.rev16_text), (4 bytes).
    Removing softdevice_handler_appsh.o(.revsh_text), (4 bytes).
    Removing arm_startup_nrf51.o(HEAP), (0 bytes).
    Removing system_nrf51.o(.rev16_text), (4 bytes).
    Removing system_nrf51.o(.revsh_text), (4 bytes).
    Removing system_nrf51.o(.text), (16 bytes).
    Removing ble_srv_common.o(i.__ARM_common_switch8), (26 bytes).

113 unused section(s) (total 4046 bytes) removed from the image.

==============================================================================

Image Symbol Table

    Local Symbols

    Symbol Name                              Value     Ov Type        Size  Object(Section)

    ../clib/microlib/division.c              0x00000000   Number         0  uidiv.o ABSOLUTE
    ../clib/microlib/init/entry.s            0x00000000   Number         0  entry9a.o ABSOLUTE
    ../clib/microlib/init/entry.s            0x00000000   Number         0  entry5.o ABSOLUTE
    ../clib/microlib/init/entry.s            0x00000000   Number         0  entry9b.o ABSOLUTE
    ../clib/microlib/init/entry.s            0x00000000   Number         0  entry10a.o ABSOLUTE
    ../clib/microlib/init/entry.s            0x00000000   Number         0  entry11b.o ABSOLUTE
    ../clib/microlib/init/entry.s            0x00000000   Number         0  entry11a.o ABSOLUTE
    ../clib/microlib/init/entry.s            0x00000000   Number         0  entry10b.o ABSOLUTE
    ../clib/microlib/init/entry.s            0x00000000   Number         0  entry8a.o ABSOLUTE
    ../clib/microlib/init/entry.s            0x00000000   Number         0  entry7b.o ABSOLUTE
    ../clib/microlib/init/entry.s            0x00000000   Number         0  entry7a.o ABSOLUTE
    ../clib/microlib/init/entry.s            0x00000000   Number         0  entry2.o ABSOLUTE
    ../clib/microlib/init/entry.s            0x00000000   Number         0  entry8b.o ABSOLUTE
    ../clib/microlib/init/entry.s            0x00000000   Number         0  entry.o ABSOLUTE
    ../clib/microlib/string/memcpy.c         0x00000000   Number         0  memcpyb.o ABSOLUTE
    ../clib/microlib/string/memcpy.c         0x00000000   Number         0  memcpya.o ABSOLUTE
    ../clib/microlib/string/memset.c         0x00000000   Number         0  memseta.o ABSOLUTE
    ../clib/microlib/string/strlen.c         0x00000000   Number         0  strlen.o ABSOLUTE
    ..\..\..\..\..\..\components\ble\common\ble_advdata.c 0x00000000   Number         0  ble_advdata.o ABSOLUTE
    ..\..\..\..\..\..\components\ble\common\ble_conn_params.c 0x00000000   Number         0  ble_conn_params.o ABSOLUTE
    ..\..\..\..\..\..\components\ble\common\ble_srv_common.c 0x00000000   Number         0  ble_srv_common.o ABSOLUTE
    ..\..\..\..\..\..\components\drivers_nrf\common\nrf_drv_common.c 0x00000000   Number         0  nrf_drv_common.o ABSOLUTE
    ..\..\..\..\..\..\components\drivers_nrf\delay\nrf_delay.c 0x00000000   Number         0  nrf_delay.o ABSOLUTE
    ..\..\..\..\..\..\components\drivers_nrf\pstorage\pstorage_raw.c 0x00000000   Number         0  pstorage_raw.o ABSOLUTE
    ..\..\..\..\..\..\components\drivers_nrf\uart\nrf_drv_uart.c 0x00000000   Number         0  nrf_drv_uart.o ABSOLUTE
    ..\..\..\..\..\..\components\libraries\bootloader_dfu\bootloader.c 0x00000000   Number         0  bootloader.o ABSOLUTE
    ..\..\..\..\..\..\components\libraries\bootloader_dfu\bootloader_settings.c 0x00000000   Number         0  bootloader_settings.o ABSOLUTE
    ..\..\..\..\..\..\components\libraries\bootloader_dfu\bootloader_util.c 0x00000000   Number         0  bootloader_util.o ABSOLUTE
    ..\..\..\..\..\..\components\libraries\bootloader_dfu\dfu_dual_bank.c 0x00000000   Number         0  dfu_dual_bank.o ABSOLUTE
    ..\..\..\..\..\..\components\libraries\bootloader_dfu\dfu_init_template.c 0x00000000   Number         0  dfu_init_template.o ABSOLUTE
    ..\..\..\..\..\..\components\libraries\bootloader_dfu\dfu_transport_serial.c 0x00000000   Number         0  dfu_transport_serial.o ABSOLUTE
    ..\..\..\..\..\..\components\libraries\crc16\crc16.c 0x00000000   Number         0  crc16.o ABSOLUTE
    ..\..\..\..\..\..\components\libraries\hci\hci_mem_pool.c 0x00000000   Number         0  hci_mem_pool.o ABSOLUTE
    ..\..\..\..\..\..\components\libraries\hci\hci_slip.c 0x00000000   Number         0  hci_slip.o ABSOLUTE
    ..\..\..\..\..\..\components\libraries\hci\hci_transport.c 0x00000000   Number         0  hci_transport.o ABSOLUTE
    ..\..\..\..\..\..\components\libraries\scheduler\app_scheduler.c 0x00000000   Number         0  app_scheduler.o ABSOLUTE
    ..\..\..\..\..\..\components\libraries\timer\app_timer.c 0x00000000   Number         0  app_timer.o ABSOLUTE
    ..\..\..\..\..\..\components\libraries\timer\app_timer_appsh.c 0x00000000   Number         0  app_timer_appsh.o ABSOLUTE
    ..\..\..\..\..\..\components\libraries\uart\app_uart.c 0x00000000   Number         0  app_uart.o ABSOLUTE
    ..\..\..\..\..\..\components\libraries\util\app_error.c 0x00000000   Number         0  app_error.o ABSOLUTE
    ..\..\..\..\..\..\components\libraries\util\app_error_weak.c 0x00000000   Number         0  app_error_weak.o ABSOLUTE
    ..\..\..\..\..\..\components\libraries\util\app_util_platform.c 0x00000000   Number         0  app_util_platform.o ABSOLUTE
    ..\..\..\..\..\..\components\libraries\util\nrf_assert.c 0x00000000   Number         0  nrf_assert.o ABSOLUTE
    ..\..\..\..\..\..\components\softdevice\common\softdevice_handler\softdevice_handler.c 0x00000000   Number         0  softdevice_handler.o ABSOLUTE
    ..\..\..\..\..\..\components\softdevice\common\softdevice_handler\softdevice_handler_appsh.c 0x00000000   Number         0  softdevice_handler_appsh.o ABSOLUTE
    ..\..\..\main.c                          0x00000000   Number         0  main.o ABSOLUTE
    ..\\..\\..\\..\\..\\..\\components\\ble\\common\\ble_advdata.c 0x00000000   Number         0  ble_advdata.o ABSOLUTE
    ..\\..\\..\\..\\..\\..\\components\\ble\\common\\ble_conn_params.c 0x00000000   Number         0  ble_conn_params.o ABSOLUTE
    ..\\..\\..\\..\\..\\..\\components\\ble\\common\\ble_srv_common.c 0x00000000   Number         0  ble_srv_common.o ABSOLUTE
    ..\\..\\..\\..\\..\\..\\components\\drivers_nrf\\common\\nrf_drv_common.c 0x00000000   Number         0  nrf_drv_common.o ABSOLUTE
    ..\\..\\..\\..\\..\\..\\components\\drivers_nrf\\delay\\nrf_delay.c 0x00000000   Number         0  nrf_delay.o ABSOLUTE
    ..\\..\\..\\..\\..\\..\\components\\drivers_nrf\\pstorage\\pstorage_raw.c 0x00000000   Number         0  pstorage_raw.o ABSOLUTE
    ..\\..\\..\\..\\..\\..\\components\\drivers_nrf\\uart\\nrf_drv_uart.c 0x00000000   Number         0  nrf_drv_uart.o ABSOLUTE
    ..\\..\\..\\..\\..\\..\\components\\libraries\\bootloader_dfu\\bootloader.c 0x00000000   Number         0  bootloader.o ABSOLUTE
    ..\\..\\..\\..\\..\\..\\components\\libraries\\bootloader_dfu\\bootloader_settings.c 0x00000000   Number         0  bootloader_settings.o ABSOLUTE
    ..\\..\\..\\..\\..\\..\\components\\libraries\\bootloader_dfu\\bootloader_util.c 0x00000000   Number         0  bootloader_util.o ABSOLUTE
    ..\\..\\..\\..\\..\\..\\components\\libraries\\bootloader_dfu\\dfu_dual_bank.c 0x00000000   Number         0  dfu_dual_bank.o ABSOLUTE
    ..\\..\\..\\..\\..\\..\\components\\libraries\\bootloader_dfu\\dfu_init_template.c 0x00000000   Number         0  dfu_init_template.o ABSOLUTE
    ..\\..\\..\\..\\..\\..\\components\\libraries\\bootloader_dfu\\dfu_transport_serial.c 0x00000000   Number         0  dfu_transport_serial.o ABSOLUTE
    ..\\..\\..\\..\\..\\..\\components\\libraries\\hci\\hci_slip.c 0x00000000   Number         0  hci_slip.o ABSOLUTE
    ..\\..\\..\\..\\..\\..\\components\\libraries\\hci\\hci_transport.c 0x00000000   Number         0  hci_transport.o ABSOLUTE
    ..\\..\\..\\..\\..\\..\\components\\libraries\\scheduler\\app_scheduler.c 0x00000000   Number         0  app_scheduler.o ABSOLUTE
    ..\\..\\..\\..\\..\\..\\components\\libraries\\timer\\app_timer.c 0x00000000   Number         0  app_timer.o ABSOLUTE
    ..\\..\\..\\..\\..\\..\\components\\libraries\\timer\\app_timer_appsh.c 0x00000000   Number         0  app_timer_appsh.o ABSOLUTE
    ..\\..\\..\\..\\..\\..\\components\\libraries\\uart\\app_uart.c 0x00000000   Number         0  app_uart.o ABSOLUTE
    ..\\..\\..\\..\\..\\..\\components\\libraries\\util\\app_error.c 0x00000000   Number         0  app_error.o ABSOLUTE
    ..\\..\\..\\..\\..\\..\\components\\libraries\\util\\app_error_weak.c 0x00000000   Number         0  app_error_weak.o ABSOLUTE
    ..\\..\\..\\..\\..\\..\\components\\libraries\\util\\app_util_platform.c 0x00000000   Number         0  app_util_platform.o ABSOLUTE
    ..\\..\\..\\..\\..\\..\\components\\libraries\\util\\nrf_assert.c 0x00000000   Number         0  nrf_assert.o ABSOLUTE
    ..\\..\\..\\..\\..\\..\\components\\softdevice\\common\\softdevice_handler\\softdevice_handler.c 0x00000000   Number         0  softdevice_handler.o ABSOLUTE
    ..\\..\\..\\..\\..\\..\\components\\softdevice\\common\\softdevice_handler\\softdevice_handler_appsh.c 0x00000000   Number         0  softdevice_handler_appsh.o ABSOLUTE
    ..\\..\\..\\main.c                       0x00000000   Number         0  main.o ABSOLUTE
    RTE\Device\nRF51422_xxAC\arm_startup_nrf51.s 0x00000000   Number         0  arm_startup_nrf51.o ABSOLUTE
    RTE\Device\nRF51422_xxAC\system_nrf51.c  0x00000000   Number         0  system_nrf51.o ABSOLUTE
    RTE\\Device\\nRF51422_xxAC\\system_nrf51.c 0x00000000   Number         0  system_nrf51.o ABSOLUTE
    dc.s                                     0x00000000   Number         0  dc.o ABSOLUTE
    handlers.s                               0x00000000   Number         0  handlers.o ABSOLUTE
    init.s                                   0x00000000   Number         0  init.o ABSOLUTE
    RESET                                    0x0003c000   Section      192  arm_startup_nrf51.o(RESET)
    .ARM.Collect$$$$00000000                 0x0003c0c0   Section        0  entry.o(.ARM.Collect$$$$00000000)
    .ARM.Collect$$$$00000001                 0x0003c0c0   Section        4  entry2.o(.ARM.Collect$$$$00000001)
    .ARM.Collect$$$$00000004                 0x0003c0c4   Section        4  entry5.o(.ARM.Collect$$$$00000004)
    .ARM.Collect$$$$00000008                 0x0003c0c8   Section        0  entry7b.o(.ARM.Collect$$$$00000008)
    .ARM.Collect$$$$0000000A                 0x0003c0c8   Section        0  entry8b.o(.ARM.Collect$$$$0000000A)
    .ARM.Collect$$$$0000000B                 0x0003c0c8   Section        8  entry9a.o(.ARM.Collect$$$$0000000B)
    .ARM.Collect$$$$0000000D                 0x0003c0d0   Section        0  entry10a.o(.ARM.Collect$$$$0000000D)
    .ARM.Collect$$$$0000000F                 0x0003c0d0   Section        0  entry11a.o(.ARM.Collect$$$$0000000F)
    .ARM.Collect$$$$00002712                 0x0003c0d0   Section        4  entry2.o(.ARM.Collect$$$$00002712)
    __lit__00000000                          0x0003c0d0   Data           4  entry2.o(.ARM.Collect$$$$00002712)
    .emb_text                                0x0003c0d4   Section       30  nrf_delay.o(.emb_text)
    .emb_text                                0x0003c0f4   Section       30  app_timer.o(.emb_text)
    .emb_text                                0x0003c114   Section       52  bootloader_util.o(.emb_text)
    .text                                    0x0003c148   Section        0  main.o(.text)
    sys_evt_dispatch                         0x0003c149   Thumb Code     8  main.o(.text)
    ble_stack_init                           0x0003c151   Thumb Code   126  main.o(.text)
    nrf_gpio_cfg                             0x0003c2f1   Thumb Code    32  main.o(.text)
    scheduler_init                           0x0003c311   Thumb Code    24  main.o(.text)
    .text                                    0x0003c35c   Section        0  app_uart.o(.text)
    .text                                    0x0003c45c   Section        0  nrf_delay.o(.text)
    .text                                    0x0003c478   Section        0  nrf_drv_common.o(.text)
    .text                                    0x0003c4d8   Section        0  nrf_drv_uart.o(.text)
    tx_byte                                  0x0003c5db   Thumb Code    30  nrf_drv_uart.o(.text)
    rx_byte                                  0x0003c625   Thumb Code    42  nrf_drv_uart.o(.text)
    uart_irq_handler                         0x0003c6a5   Thumb Code   280  nrf_drv_uart.o(.text)
    nrf_uart_event_check                     0x0003c7bf   Thumb Code    10  nrf_drv_uart.o(.text)
    nrf_uart_int_enable_check                0x0003c7c9   Thumb Code    16  nrf_drv_uart.o(.text)
    nrf_gpio_cfg_output                      0x0003c7d9   Thumb Code    20  nrf_drv_uart.o(.text)
    nrf_gpio_cfg_input                       0x0003c7ed   Thumb Code    18  nrf_drv_uart.o(.text)
    nrf_gpio_cfg_default                     0x0003c7ff   Thumb Code    18  nrf_drv_uart.o(.text)
    nrf_drv_uart_tx_for_uart                 0x0003c811   Thumb Code   108  nrf_drv_uart.o(.text)
    rx_enable                                0x0003c87d   Thumb Code    22  nrf_drv_uart.o(.text)
    nrf_drv_uart_rx_for_uart                 0x0003c893   Thumb Code   182  nrf_drv_uart.o(.text)
    rx_done_event                            0x0003c949   Thumb Code    22  nrf_drv_uart.o(.text)
    tx_done_event                            0x0003c95f   Thumb Code    26  nrf_drv_uart.o(.text)
    nrf_gpio_cfg                             0x0003c979   Thumb Code    32  nrf_drv_uart.o(.text)
    .text                                    0x0003c9a0   Section        0  pstorage_raw.o(.text)
    cmd_queue_element_init                   0x0003c9a1   Thumb Code    26  pstorage_raw.o(.text)
    cmd_process                              0x0003c9bb   Thumb Code    98  pstorage_raw.o(.text)
    cmd_queue_enqueue                        0x0003ca1d   Thumb Code    76  pstorage_raw.o(.text)
    is_word_aligned                          0x0003cb91   Thumb Code    12  pstorage_raw.o(.text)
    app_notify                               0x0003cb9d   Thumb Code    32  pstorage_raw.o(.text)
    .text                                    0x0003cbc4   Section        0  app_error.o(.text)
    .text                                    0x0003cbdc   Section        0  app_error_weak.o(.text)
    .text                                    0x0003cbf8   Section        0  app_scheduler.o(.text)
    app_sched_event_get                      0x0003ccd1   Thumb Code    62  app_scheduler.o(.text)
    .text                                    0x0003cd18   Section        0  app_timer.o(.text)
    NVIC_SetPriority                         0x0003cd19   Thumb Code    60  app_timer.o(.text)
    rtc1_stop                                0x0003cd55   Thumb Code    50  app_timer.o(.text)
    list_deletions_handler                   0x0003cd87   Thumb Code   180  app_timer.o(.text)
    list_insertions_handler                  0x0003ce3b   Thumb Code   202  app_timer.o(.text)
    user_id_get                              0x0003cfd1   Thumb Code    76  app_timer.o(.text)
    timer_list_insert                        0x0003d0dd   Thumb Code   100  app_timer.o(.text)
    timer_list_handler_sched                 0x0003d141   Thumb Code    10  app_timer.o(.text)
    timer_timeouts_check                     0x0003d14b   Thumb Code   118  app_timer.o(.text)
    timer_list_handler                       0x0003d1c1   Thumb Code   128  app_timer.o(.text)
    user_op_alloc                            0x0003d241   Thumb Code    38  app_timer.o(.text)
    elapsed_ticks_acquire                    0x0003d267   Thumb Code    58  app_timer.o(.text)
    compare_reg_update                       0x0003d2a1   Thumb Code   142  app_timer.o(.text)
    .text                                    0x0003d348   Section        0  app_timer_appsh.o(.text)
    app_timer_evt_get                        0x0003d349   Thumb Code    22  app_timer_appsh.o(.text)
    .text                                    0x0003d374   Section        0  app_util_platform.o(.text)
    .text                                    0x0003d3d8   Section        0  bootloader.o(.text)
    pstorage_callback_handler                0x0003d3d9   Thumb Code    28  bootloader.o(.text)
    wait_for_events                          0x0003d3f5   Thumb Code    34  bootloader.o(.text)
    bootloader_settings_save                 0x0003d455   Thumb Code    46  bootloader.o(.text)
    .text                                    0x0003d6a8   Section        0  bootloader_settings.o(.text)
    .text                                    0x0003d6b4   Section        0  bootloader_util.o(.text)
    .text                                    0x0003d6bc   Section        0  crc16.o(.text)
    .text                                    0x0003d6f8   Section        0  dfu_dual_bank.o(.text)
    pstorage_callback_handler                0x0003d6f9   Thumb Code    74  dfu_dual_bank.o(.text)
    dfu_timeout_handler                      0x0003d743   Thumb Code    32  dfu_dual_bank.o(.text)
    dfu_timer_restart                        0x0003d763   Thumb Code    54  dfu_dual_bank.o(.text)
    dfu_prepare_func_app_erase               0x0003d799   Thumb Code    32  dfu_dual_bank.o(.text)
    dfu_prepare_func_swap_erase              0x0003d7b9   Thumb Code    52  dfu_dual_bank.o(.text)
    dfu_cleared_func_swap                    0x0003d7ed   Thumb Code     2  dfu_dual_bank.o(.text)
    dfu_cleared_func_app                     0x0003d7ef   Thumb Code    30  dfu_dual_bank.o(.text)
    dfu_activate_sd                          0x0003d80d   Thumb Code    62  dfu_dual_bank.o(.text)
    dfu_activate_app                         0x0003d84b   Thumb Code    90  dfu_dual_bank.o(.text)
    dfu_activate_bl                          0x0003d8a5   Thumb Code    54  dfu_dual_bank.o(.text)
    dfu_sd_img_block_swap                    0x0003db81   Thumb Code    68  dfu_dual_bank.o(.text)
    dfu_compare_block                        0x0003dd1f   Thumb Code    22  dfu_dual_bank.o(.text)
    dfu_copy_sd                              0x0003dd35   Thumb Code    20  dfu_dual_bank.o(.text)
    .text                                    0x0003dd54   Section        0  dfu_init_template.o(.text)
    .text                                    0x0003ddf8   Section        0  dfu_transport_serial.o(.text)
    data_queue_element_init                  0x0003ddf9   Thumb Code    18  dfu_transport_serial.o(.text)
    data_queue_element_free                  0x0003de0b   Thumb Code    58  dfu_transport_serial.o(.text)
    dfu_cb_handler                           0x0003de45   Thumb Code    12  dfu_transport_serial.o(.text)
    process_dfu_packet                       0x0003de51   Thumb Code   114  dfu_transport_serial.o(.text)
    .text                                    0x0003dfb8   Section        0  hci_mem_pool.o(.text)
    .text                                    0x0003e104   Section        0  hci_slip.o(.text)
    send_tx_byte_default                     0x0003e105   Thumb Code    26  hci_slip.o(.text)
    send_tx_byte_end                         0x0003e11f   Thumb Code    26  hci_slip.o(.text)
    send_tx_byte_encoded                     0x0003e139   Thumb Code    48  hci_slip.o(.text)
    send_tx_byte_esc                         0x0003e169   Thumb Code    20  hci_slip.o(.text)
    transmit_buffer                          0x0003e17d   Thumb Code    90  hci_slip.o(.text)
    handle_slip_end                          0x0003e1d7   Thumb Code    34  hci_slip.o(.text)
    handle_rx_byte_default                   0x0003e1f9   Thumb Code    30  hci_slip.o(.text)
    handle_rx_byte_esc                       0x0003e217   Thumb Code    48  hci_slip.o(.text)
    handle_rx_byte_wait_start                0x0003e247   Thumb Code    12  hci_slip.o(.text)
    slip_uart_eventhandler                   0x0003e253   Thumb Code    66  hci_slip.o(.text)
    .text                                    0x0003e348   Section        0  hci_transport.o(.text)
    ack_transmit                             0x0003e349   Thumb Code    38  hci_transport.o(.text)
    rx_vendor_specific_pkt_type_handle       0x0003e36f   Thumb Code   224  hci_transport.o(.text)
    tx_sm_event_handle                       0x0003e44f   Thumb Code   160  hci_transport.o(.text)
    header_checksum_calculate                0x0003e69b   Thumb Code    18  hci_transport.o(.text)
    tx_sm_state_change                       0x0003e6ad   Thumb Code     8  hci_transport.o(.text)
    .text                                    0x0003e6c8   Section        0  softdevice_handler.o(.text)
    sd_nvic_EnableIRQ                        0x0003e7d3   Thumb Code   118  softdevice_handler.o(.text)
    .text                                    0x0003e868   Section        0  softdevice_handler_appsh.o(.text)
    .text                                    0x0003e88c   Section       56  arm_startup_nrf51.o(.text)
    .text                                    0x0003e8c4   Section        0  system_nrf51.o(.text)
    is_manual_peripheral_setup_needed        0x0003e947   Thumb Code    66  system_nrf51.o(.text)
    .text                                    0x0003e9a4   Section        0  uidiv.o(.text)
    .text                                    0x0003e9d0   Section        0  memcpya.o(.text)
    .text                                    0x0003e9f4   Section        0  memseta.o(.text)
    .text                                    0x0003ea18   Section       36  init.o(.text)
    i.__scatterload_copy                     0x0003ea3c   Section       14  handlers.o(i.__scatterload_copy)
    i.__scatterload_null                     0x0003ea4a   Section        2  handlers.o(i.__scatterload_null)
    i.__scatterload_zeroinit                 0x0003ea4c   Section       14  handlers.o(i.__scatterload_zeroinit)
    .constdata                               0x0003ea5c   Section       20  main.o(.constdata)
    .constdata                               0x0003ea70   Section       32  app_uart.o(.constdata)
    .constdata                               0x0003ea90   Section       32  nrf_drv_uart.o(.constdata)
    m_default_config                         0x0003ea90   Data          32  nrf_drv_uart.o(.constdata)
    .constdata                               0x0003eab0   Section       32  bootloader.o(.constdata)
    .constdata                               0x0003ead0   Section       36  dfu_dual_bank.o(.constdata)
    m_dfu_timer_id                           0x0003ead0   Data           4  dfu_dual_bank.o(.constdata)
    .constdata                               0x0003eaf4   Section       36  hci_slip.o(.constdata)
    .constdata                               0x0003eb18   Section        4  hci_transport.o(.constdata)
    m_app_timer_id                           0x0003eb18   Data           4  hci_transport.o(.constdata)
    .ARM.__AT_0x0003FC00                     0x0003fc00   Section     1024  bootloader_settings.o(.ARM.__AT_0x0003FC00)
    __tagsym$$used                           0x0003fc00   Number         0  bootloader_settings.o(.ARM.__AT_0x0003FC00)
    .ARM.__AT_0x10001014                     0x10001014   Section        4  bootloader_settings.o(.ARM.__AT_0x10001014)
    .data                                    0x20002c00   Section        8  app_uart.o(.data)
    tx_buffer                                0x20002c00   Data           1  app_uart.o(.data)
    rx_buffer                                0x20002c01   Data           1  app_uart.o(.data)
    rx_done                                  0x20002c02   Data           1  app_uart.o(.data)
    m_event_handler                          0x20002c04   Data           4  app_uart.o(.data)
    .data                                    0x20002c08   Section        8  pstorage_raw.o(.data)
    m_next_app_instance                      0x20002c08   Data           4  pstorage_raw.o(.data)
    m_round_val                              0x20002c0c   Data           4  pstorage_raw.o(.data)
    .data                                    0x20002c10   Section       16  app_scheduler.o(.data)
    m_queue_start_index                      0x20002c10   Data           1  app_scheduler.o(.data)
    m_queue_end_index                        0x20002c11   Data           1  app_scheduler.o(.data)
    m_queue_event_size                       0x20002c12   Data           2  app_scheduler.o(.data)
    m_queue_size                             0x20002c14   Data           2  app_scheduler.o(.data)
    m_queue_event_headers                    0x20002c18   Data           4  app_scheduler.o(.data)
    m_queue_event_data                       0x20002c1c   Data           4  app_scheduler.o(.data)
    .data                                    0x20002c20   Section       32  app_timer.o(.data)
    m_user_array_size                        0x20002c20   Data           1  app_timer.o(.data)
    m_ticks_elapsed_q_read_ind               0x20002c21   Data           1  app_timer.o(.data)
    m_ticks_elapsed_q_write_ind              0x20002c22   Data           1  app_timer.o(.data)
    m_rtc1_running                           0x20002c23   Data           1  app_timer.o(.data)
    m_rtc1_reset                             0x20002c24   Data           1  app_timer.o(.data)
    mp_users                                 0x20002c28   Data           4  app_timer.o(.data)
    mp_timer_id_head                         0x20002c2c   Data           4  app_timer.o(.data)
    m_ticks_latest                           0x20002c30   Data           4  app_timer.o(.data)
    m_evt_schedule_func                      0x20002c34   Data           4  app_timer.o(.data)
    m_ticks_elapsed                          0x20002c38   Data           8  app_timer.o(.data)
    .data                                    0x20002c40   Section       12  bootloader.o(.data)
    m_update_status                          0x20002c40   Data           1  bootloader.o(.data)
    m_bootsettings_handle                    0x20002c44   Data           8  bootloader.o(.data)
    .data                                    0x20002c4c   Section       40  dfu_dual_bank.o(.data)
    m_dfu_timed_out                          0x20002c4c   Data           1  dfu_dual_bank.o(.data)
    m_dfu_state                              0x20002c4d   Data           1  dfu_dual_bank.o(.data)
    m_init_packet_length                     0x20002c4e   Data           1  dfu_dual_bank.o(.data)
    m_image_crc                              0x20002c50   Data           2  dfu_dual_bank.o(.data)
    m_data_received                          0x20002c54   Data           4  dfu_dual_bank.o(.data)
    m_image_size                             0x20002c58   Data           4  dfu_dual_bank.o(.data)
    mp_storage_handle_active                 0x20002c5c   Data           4  dfu_dual_bank.o(.data)
    m_data_pkt_cb                            0x20002c60   Data           4  dfu_dual_bank.o(.data)
    m_storage_handle_swap                    0x20002c64   Data           8  dfu_dual_bank.o(.data)
    m_storage_handle_app                     0x20002c6c   Data           8  dfu_dual_bank.o(.data)
    .data                                    0x20002c74   Section        1  dfu_init_template.o(.data)
    m_extended_packet_length                 0x20002c74   Data           1  dfu_init_template.o(.data)
    .data                                    0x20002c75   Section        1  hci_mem_pool.o(.data)
    m_is_tx_allocated                        0x20002c75   Data           1  hci_mem_pool.o(.data)
    .data                                    0x20002c78   Section       40  hci_slip.o(.data)
    m_current_state                          0x20002c78   Data           1  hci_slip.o(.data)
    handle_rx_byte                           0x20002c7c   Data           4  hci_slip.o(.data)
    m_slip_event_handler                     0x20002c84   Data           4  hci_slip.o(.data)
    mp_tx_buffer                             0x20002c88   Data           4  hci_slip.o(.data)
    m_tx_buffer_length                       0x20002c8c   Data           4  hci_slip.o(.data)
    m_tx_buffer_index                        0x20002c90   Data           4  hci_slip.o(.data)
    mp_rx_buffer                             0x20002c94   Data           4  hci_slip.o(.data)
    m_rx_buffer_length                       0x20002c98   Data           4  hci_slip.o(.data)
    m_rx_received_count                      0x20002c9c   Data           4  hci_slip.o(.data)
    .data                                    0x20002ca0   Section       45  hci_transport.o(.data)
    m_tx_state                               0x20002ca0   Data           1  hci_transport.o(.data)
    m_is_slip_decode_ready                   0x20002ca1   Data           1  hci_transport.o(.data)
    m_tx_done_result_code                    0x20002ca2   Data           1  hci_transport.o(.data)
    ack_packet                               0x20002ca3   Data           4  hci_transport.o(.data)
    m_transport_tx_done_handle               0x20002ca8   Data           4  hci_transport.o(.data)
    m_transport_event_handle                 0x20002cac   Data           4  hci_transport.o(.data)
    mp_slip_used_rx_buffer                   0x20002cb0   Data           4  hci_transport.o(.data)
    m_packet_expected_seq_number             0x20002cb4   Data           4  hci_transport.o(.data)
    m_packet_transmit_seq_number             0x20002cb8   Data           4  hci_transport.o(.data)
    mp_tx_buffer                             0x20002cbc   Data           4  hci_transport.o(.data)
    m_tx_buffer_length                       0x20002cc0   Data           4  hci_transport.o(.data)
    m_tx_retry_counter                       0x20002cc4   Data           4  hci_transport.o(.data)
    m_rx_ack_buffer                          0x20002cc8   Data           5  hci_transport.o(.data)
    .data                                    0x20002cd0   Section       28  softdevice_handler.o(.data)
    m_softdevice_enabled                     0x20002cd0   Data           1  softdevice_handler.o(.data)
    m_ble_evt_buffer_size                    0x20002cd2   Data           2  softdevice_handler.o(.data)
    m_evt_schedule_func                      0x20002cd4   Data           4  softdevice_handler.o(.data)
    mp_ble_evt_buffer                        0x20002cd8   Data           4  softdevice_handler.o(.data)
    m_ble_evt_handler                        0x20002cdc   Data           4  softdevice_handler.o(.data)
    m_sys_evt_handler                        0x20002ce0   Data           4  softdevice_handler.o(.data)
    .data                                    0x20002cec   Section        4  system_nrf51.o(.data)
    __tagsym$$used                           0x20002cec   Number         0  system_nrf51.o(.data)
    .bss                                     0x20002cf0   Section      864  main.o(.bss)
    APP_TIMER_BUF                            0x20002cf0   Data         456  main.o(.bss)
    BLE_EVT_BUFFER                           0x20002eb8   Data          72  main.o(.bss)
    APP_SCHED_BUF                            0x20002f00   Data         336  main.o(.bss)
    .bss                                     0x20003050   Section       28  nrf_drv_uart.o(.bss)
    m_cb                                     0x20003050   Data          28  nrf_drv_uart.o(.bss)
    .bss                                     0x2000306c   Section      256  pstorage_raw.o(.bss)
    m_cmd_queue                              0x2000306c   Data         244  pstorage_raw.o(.bss)
    m_app_table                              0x20003160   Data          12  pstorage_raw.o(.bss)
    .bss                                     0x2000316c   Section       28  bootloader.o(.bss)
    settings                                 0x2000316c   Data          28  bootloader.o(.bss)
    .bss                                     0x20003188   Section       32  dfu_dual_bank.o(.bss)
    m_dfu_timer_id_data                      0x20003188   Data          32  dfu_dual_bank.o(.bss)
    .bss                                     0x200031a8   Section      156  dfu_dual_bank.o(.bss)
    m_start_packet                           0x200031a8   Data          16  dfu_dual_bank.o(.bss)
    m_init_packet                            0x200031b8   Data         128  dfu_dual_bank.o(.bss)
    m_functions                              0x20003238   Data          12  dfu_dual_bank.o(.bss)
    .bss                                     0x20003244   Section       10  dfu_init_template.o(.bss)
    m_extended_packet                        0x20003244   Data          10  dfu_init_template.o(.bss)
    .bss                                     0x20003250   Section       52  dfu_transport_serial.o(.bss)
    m_data_queue                             0x20003250   Data          52  dfu_transport_serial.o(.bss)
    .bss                                     0x20003284   Section     1268  hci_mem_pool.o(.bss)
    tx_buffer                                0x20003284   Data          32  hci_mem_pool.o(.bss)
    m_rx_buffer_elem_queue                   0x200032a4   Data        1208  hci_mem_pool.o(.bss)
    m_rx_buffer_queue                        0x2000375c   Data          28  hci_mem_pool.o(.bss)
    .bss                                     0x20003778   Section       32  hci_transport.o(.bss)
    m_app_timer_id_data                      0x20003778   Data          32  hci_transport.o(.bss)
    STACK                                    0x20003798   Section     2048  arm_startup_nrf51.o(STACK)

    Global Symbols

    Symbol Name                              Value     Ov Type        Size  Object(Section)

    BuildAttributes$$THM_ISAv3M$S$PE$A:L22$X:L11$S22$IEEE1$IW$USESV6$~STKCKD$USESV7$~SHL$OSPACE$EBA8$MICROLIB$REQ8$PRES8$EABIv2 0x00000000   Number         0  anon$$obj.o ABSOLUTE
    __ARM_use_no_argv                        0x00000000   Number         0  main.o ABSOLUTE
    __cpp_initialize__aeabi_                  - Undefined Weak Reference
    __cxa_finalize                            - Undefined Weak Reference
    __decompress                              - Undefined Weak Reference
    _clock_init                               - Undefined Weak Reference
    _microlib_exit                            - Undefined Weak Reference
    __Vectors_Size                           0x000000c0   Number         0  arm_startup_nrf51.o ABSOLUTE
    __Vectors                                0x0003c000   Data           4  arm_startup_nrf51.o(RESET)
    __Vectors_End                            0x0003c0c0   Data           0  arm_startup_nrf51.o(RESET)
    __main                                   0x0003c0c1   Thumb Code     0  entry.o(.ARM.Collect$$$$00000000)
    _main_stk                                0x0003c0c1   Thumb Code     0  entry2.o(.ARM.Collect$$$$00000001)
    _main_scatterload                        0x0003c0c5   Thumb Code     0  entry5.o(.ARM.Collect$$$$00000004)
    __main_after_scatterload                 0x0003c0c9   Thumb Code     0  entry5.o(.ARM.Collect$$$$00000004)
    _main_clock                              0x0003c0c9   Thumb Code     0  entry7b.o(.ARM.Collect$$$$00000008)
    _main_cpp_init                           0x0003c0c9   Thumb Code     0  entry8b.o(.ARM.Collect$$$$0000000A)
    _main_init                               0x0003c0c9   Thumb Code     0  entry9a.o(.ARM.Collect$$$$0000000B)
    __rt_final_cpp                           0x0003c0d1   Thumb Code     0  entry10a.o(.ARM.Collect$$$$0000000D)
    __rt_final_exit                          0x0003c0d1   Thumb Code     0  entry11a.o(.ARM.Collect$$$$0000000F)
    __asm___11_nrf_delay_c_532987f3__nrf_delay_us 0x0003c0d5   Thumb Code    30  nrf_delay.o(.emb_text)
    __asm___11_app_timer_c_cd27f9c3__nrf_delay_us 0x0003c0f5   Thumb Code    30  app_timer.o(.emb_text)
    __asm___17_bootloader_util_c_c13d365c__bootloader_util_reset 0x0003c115   Thumb Code    52  bootloader_util.o(.emb_text)
    main                                     0x0003c1cf   Thumb Code   290  main.o(.text)
    uart_event_handler                       0x0003c35d   Thumb Code    84  app_uart.o(.text)
    app_uart_init                            0x0003c3b1   Thumb Code   118  app_uart.o(.text)
    app_uart_put                             0x0003c427   Thumb Code    30  app_uart.o(.text)
    app_uart_close                           0x0003c445   Thumb Code    10  app_uart.o(.text)
    nrf_delay_ms                             0x0003c45d   Thumb Code    24  nrf_delay.o(.text)
    nrf_drv_common_irq_enable                0x0003c479   Thumb Code    78  nrf_drv_common.o(.text)
    nrf_drv_uart_init                        0x0003c4d9   Thumb Code   170  nrf_drv_uart.o(.text)
    nrf_drv_uart_uninit                      0x0003c583   Thumb Code    88  nrf_drv_uart.o(.text)
    nrf_drv_uart_tx_in_progress              0x0003c5f9   Thumb Code    12  nrf_drv_uart.o(.text)
    nrf_drv_uart_tx                          0x0003c605   Thumb Code    32  nrf_drv_uart.o(.text)
    nrf_drv_uart_rx                          0x0003c64f   Thumb Code    66  nrf_drv_uart.o(.text)
    nrf_drv_uart_rx_enable                   0x0003c691   Thumb Code    20  nrf_drv_uart.o(.text)
    UART0_IRQHandler                         0x0003c7bd   Thumb Code     2  nrf_drv_uart.o(.text)
    pstorage_sys_event_handler               0x0003ca69   Thumb Code   140  pstorage_raw.o(.text)
    pstorage_init                            0x0003caf5   Thumb Code    54  pstorage_raw.o(.text)
    pstorage_register                        0x0003cb2b   Thumb Code    34  pstorage_raw.o(.text)
    pstorage_store                           0x0003cb4d   Thumb Code    50  pstorage_raw.o(.text)
    pstorage_clear                           0x0003cb7f   Thumb Code    18  pstorage_raw.o(.text)
    app_error_handler_bare                   0x0003cbc5   Thumb Code    20  app_error.o(.text)
    app_error_fault_handler                  0x0003cbdd   Thumb Code    18  app_error_weak.o(.text)
    app_sched_init                           0x0003cbf9   Thumb Code    40  app_scheduler.o(.text)
    app_sched_event_put                      0x0003cc21   Thumb Code   146  app_scheduler.o(.text)
    app_sched_execute                        0x0003ccb3   Thumb Code    30  app_scheduler.o(.text)
    RTC1_IRQHandler                          0x0003cf05   Thumb Code    28  app_timer.o(.text)
    SWI0_IRQHandler                          0x0003cf21   Thumb Code     8  app_timer.o(.text)
    app_timer_init                           0x0003cf29   Thumb Code   128  app_timer.o(.text)
    app_timer_create                         0x0003cfa9   Thumb Code    40  app_timer.o(.text)
    app_timer_start                          0x0003d01d   Thumb Code   114  app_timer.o(.text)
    app_timer_stop                           0x0003d08f   Thumb Code    78  app_timer.o(.text)
    app_timer_evt_schedule                   0x0003d35f   Thumb Code    18  app_timer_appsh.o(.text)
    app_util_critical_region_enter           0x0003d375   Thumb Code    48  app_util_platform.o(.text)
    app_util_critical_region_exit            0x0003d3a5   Thumb Code    38  app_util_platform.o(.text)
    bootloader_app_is_valid                  0x0003d417   Thumb Code    62  bootloader.o(.text)
    bootloader_dfu_update_process            0x0003d483   Thumb Code   218  bootloader.o(.text)
    bootloader_init                          0x0003d55d   Thumb Code    36  bootloader.o(.text)
    bootloader_dfu_start                     0x0003d581   Thumb Code    24  bootloader.o(.text)
    bootloader_app_start                     0x0003d599   Thumb Code    72  bootloader.o(.text)
    bootloader_dfu_sd_in_progress            0x0003d5e1   Thumb Code    30  bootloader.o(.text)
    bootloader_dfu_sd_update_continue        0x0003d5ff   Thumb Code    64  bootloader.o(.text)
    bootloader_dfu_sd_update_finalize        0x0003d63f   Thumb Code    38  bootloader.o(.text)
    bootloader_settings_get                  0x0003d665   Thumb Code    50  bootloader.o(.text)
    bootloader_util_settings_get             0x0003d6a9   Thumb Code     6  bootloader_settings.o(.text)
    bootloader_util_app_start                0x0003d6b5   Thumb Code     8  bootloader_util.o(.text)
    crc16_compute                            0x0003d6bd   Thumb Code    54  crc16.o(.text)
    dfu_init                                 0x0003d8db   Thumb Code   130  dfu_dual_bank.o(.text)
    dfu_register_callback                    0x0003d95d   Thumb Code     6  dfu_dual_bank.o(.text)
    dfu_start_pkt_handle                     0x0003d963   Thumb Code   164  dfu_dual_bank.o(.text)
    dfu_data_pkt_handle                      0x0003da07   Thumb Code   104  dfu_dual_bank.o(.text)
    dfu_init_pkt_complete                    0x0003da6f   Thumb Code    46  dfu_dual_bank.o(.text)
    dfu_init_pkt_handle                      0x0003da9d   Thumb Code   136  dfu_dual_bank.o(.text)
    dfu_image_validate                       0x0003db25   Thumb Code    54  dfu_dual_bank.o(.text)
    dfu_image_activate                       0x0003db5b   Thumb Code    38  dfu_dual_bank.o(.text)
    dfu_sd_image_swap                        0x0003dbc5   Thumb Code   116  dfu_dual_bank.o(.text)
    dfu_bl_image_swap                        0x0003dc39   Thumb Code    70  dfu_dual_bank.o(.text)
    dfu_bl_image_validate                    0x0003dc7f   Thumb Code    72  dfu_dual_bank.o(.text)
    dfu_sd_image_validate                    0x0003dcc7   Thumb Code    88  dfu_dual_bank.o(.text)
    dfu_init_prevalidate                     0x0003dd55   Thumb Code   118  dfu_init_template.o(.text)
    dfu_init_postvalidate                    0x0003ddcb   Thumb Code    30  dfu_init_template.o(.text)
    rpc_transport_event_handler              0x0003dec3   Thumb Code   146  dfu_transport_serial.o(.text)
    dfu_transport_update_start               0x0003df55   Thumb Code    60  dfu_transport_serial.o(.text)
    dfu_transport_close                      0x0003df91   Thumb Code    22  dfu_transport_serial.o(.text)
    hci_mem_pool_open                        0x0003dfb9   Thumb Code    30  hci_mem_pool.o(.text)
    hci_mem_pool_close                       0x0003dfd7   Thumb Code     4  hci_mem_pool.o(.text)
    hci_mem_pool_rx_produce                  0x0003dfdb   Thumb Code    82  hci_mem_pool.o(.text)
    hci_mem_pool_rx_consume                  0x0003e02d   Thumb Code   104  hci_mem_pool.o(.text)
    hci_mem_pool_rx_data_size_set            0x0003e095   Thumb Code    26  hci_mem_pool.o(.text)
    hci_mem_pool_rx_extract                  0x0003e0af   Thumb Code    72  hci_mem_pool.o(.text)
    hci_slip_evt_handler_register            0x0003e295   Thumb Code     8  hci_slip.o(.text)
    hci_slip_open                            0x0003e29d   Thumb Code    46  hci_slip.o(.text)
    hci_slip_close                           0x0003e2cb   Thumb Code    14  hci_slip.o(.text)
    hci_slip_write                           0x0003e2d9   Thumb Code    54  hci_slip.o(.text)
    hci_slip_rx_buffer_register              0x0003e30f   Thumb Code    18  hci_slip.o(.text)
    slip_event_handle                        0x0003e4ef   Thumb Code   176  hci_transport.o(.text)
    hci_transport_evt_handler_reg            0x0003e59f   Thumb Code    34  hci_transport.o(.text)
    hci_transport_timeout_handle             0x0003e5c1   Thumb Code     4  hci_transport.o(.text)
    hci_transport_open                       0x0003e5c5   Thumb Code    86  hci_transport.o(.text)
    hci_transport_close                      0x0003e61b   Thumb Code    56  hci_transport.o(.text)
    hci_transport_rx_pkt_extract             0x0003e653   Thumb Code    62  hci_transport.o(.text)
    hci_transport_rx_pkt_consume             0x0003e691   Thumb Code    10  hci_transport.o(.text)
    softdevice_fault_handler                 0x0003e6c9   Thumb Code     8  softdevice_handler.o(.text)
    intern_softdevice_events_execute         0x0003e6d1   Thumb Code   116  softdevice_handler.o(.text)
    softdevice_handler_init                  0x0003e745   Thumb Code    42  softdevice_handler.o(.text)
    softdevice_sys_evt_handler_set           0x0003e76f   Thumb Code    16  softdevice_handler.o(.text)
    SWI2_IRQHandler                          0x0003e77f   Thumb Code    28  softdevice_handler.o(.text)
    softdevice_enable_get_default_config     0x0003e79b   Thumb Code    42  softdevice_handler.o(.text)
    softdevice_enable                        0x0003e7c5   Thumb Code    14  softdevice_handler.o(.text)
    softdevice_evt_get                       0x0003e869   Thumb Code    18  softdevice_handler_appsh.o(.text)
    softdevice_evt_schedule                  0x0003e87b   Thumb Code    14  softdevice_handler_appsh.o(.text)
    Reset_Handler                            0x0003e88d   Thumb Code    26  arm_startup_nrf51.o(.text)
    NMI_Handler                              0x0003e8a7   Thumb Code     2  arm_startup_nrf51.o(.text)
    HardFault_Handler                        0x0003e8a9   Thumb Code     2  arm_startup_nrf51.o(.text)
    SVC_Handler                              0x0003e8ab   Thumb Code     2  arm_startup_nrf51.o(.text)
    PendSV_Handler                           0x0003e8ad   Thumb Code     2  arm_startup_nrf51.o(.text)
    SysTick_Handler                          0x0003e8af   Thumb Code     2  arm_startup_nrf51.o(.text)
    ADC_IRQHandler                           0x0003e8b1   Thumb Code     0  arm_startup_nrf51.o(.text)
    CCM_AAR_IRQHandler                       0x0003e8b1   Thumb Code     0  arm_startup_nrf51.o(.text)
    ECB_IRQHandler                           0x0003e8b1   Thumb Code     0  arm_startup_nrf51.o(.text)
    GPIOTE_IRQHandler                        0x0003e8b1   Thumb Code     0  arm_startup_nrf51.o(.text)
    LPCOMP_IRQHandler                        0x0003e8b1   Thumb Code     0  arm_startup_nrf51.o(.text)
    POWER_CLOCK_IRQHandler                   0x0003e8b1   Thumb Code     0  arm_startup_nrf51.o(.text)
    QDEC_IRQHandler                          0x0003e8b1   Thumb Code     0  arm_startup_nrf51.o(.text)
    RADIO_IRQHandler                         0x0003e8b1   Thumb Code     0  arm_startup_nrf51.o(.text)
    RNG_IRQHandler                           0x0003e8b1   Thumb Code     0  arm_startup_nrf51.o(.text)
    RTC0_IRQHandler                          0x0003e8b1   Thumb Code     0  arm_startup_nrf51.o(.text)
    SPI0_TWI0_IRQHandler                     0x0003e8b1   Thumb Code     0  arm_startup_nrf51.o(.text)
    SPI1_TWI1_IRQHandler                     0x0003e8b1   Thumb Code     0  arm_startup_nrf51.o(.text)
    SWI1_IRQHandler                          0x0003e8b1   Thumb Code     0  arm_startup_nrf51.o(.text)
    SWI3_IRQHandler                          0x0003e8b1   Thumb Code     0  arm_startup_nrf51.o(.text)
    SWI4_IRQHandler                          0x0003e8b1   Thumb Code     0  arm_startup_nrf51.o(.text)
    SWI5_IRQHandler                          0x0003e8b1   Thumb Code     0  arm_startup_nrf51.o(.text)
    TEMP_IRQHandler                          0x0003e8b1   Thumb Code     0  arm_startup_nrf51.o(.text)
    TIMER0_IRQHandler                        0x0003e8b1   Thumb Code     0  arm_startup_nrf51.o(.text)
    TIMER1_IRQHandler                        0x0003e8b1   Thumb Code     0  arm_startup_nrf51.o(.text)
    TIMER2_IRQHandler                        0x0003e8b1   Thumb Code     0  arm_startup_nrf51.o(.text)
    WDT_IRQHandler                           0x0003e8b1   Thumb Code     0  arm_startup_nrf51.o(.text)
    SystemInit                               0x0003e8c5   Thumb Code   130  system_nrf51.o(.text)
    __aeabi_uidiv                            0x0003e9a5   Thumb Code     0  uidiv.o(.text)
    __aeabi_uidivmod                         0x0003e9a5   Thumb Code    44  uidiv.o(.text)
    __aeabi_memcpy                           0x0003e9d1   Thumb Code    36  memcpya.o(.text)
    __aeabi_memcpy4                          0x0003e9d1   Thumb Code     0  memcpya.o(.text)
    __aeabi_memcpy8                          0x0003e9d1   Thumb Code     0  memcpya.o(.text)
    __aeabi_memset                           0x0003e9f5   Thumb Code    14  memseta.o(.text)
    __aeabi_memset4                          0x0003e9f5   Thumb Code     0  memseta.o(.text)
    __aeabi_memset8                          0x0003e9f5   Thumb Code     0  memseta.o(.text)
    __aeabi_memclr                           0x0003ea03   Thumb Code     4  memseta.o(.text)
    __aeabi_memclr4                          0x0003ea03   Thumb Code     0  memseta.o(.text)
    __aeabi_memclr8                          0x0003ea03   Thumb Code     0  memseta.o(.text)
    _memset$wrapper                          0x0003ea07   Thumb Code    18  memseta.o(.text)
    __scatterload                            0x0003ea19   Thumb Code    28  init.o(.text)
    __scatterload_rt2                        0x0003ea19   Thumb Code     0  init.o(.text)
    __scatterload_copy                       0x0003ea3d   Thumb Code    14  handlers.o(i.__scatterload_copy)
    __scatterload_null                       0x0003ea4b   Thumb Code     2  handlers.o(i.__scatterload_null)
    __scatterload_zeroinit                   0x0003ea4d   Thumb Code    14  handlers.o(i.__scatterload_zeroinit)
    Region$$Table$$Base                      0x0003eb1c   Number         0  anon$$obj.o(Region$$Table)
    Region$$Table$$Limit                     0x0003eb3c   Number         0  anon$$obj.o(Region$$Table)
    m_boot_settings                          0x0003fc00   Data        1024  bootloader_settings.o(.ARM.__AT_0x0003FC00)
    m_uicr_bootloader_start_address          0x10001014   Data           4  bootloader_settings.o(.ARM.__AT_0x10001014)
    Image$$RW_IRAM1$$Base                    0x20002c00   Number         0  anon$$obj.o ABSOLUTE
    send_tx_byte                             0x20002c80   Data           4  hci_slip.o(.data)
    nrf_nvic_state                           0x20002ce4   Data           8  softdevice_handler.o(.data)
    SystemCoreClock                          0x20002cec   Data           4  system_nrf51.o(.data)
    __initial_sp                             0x20003f98   Data           0  arm_startup_nrf51.o(STACK)



==============================================================================

Memory Map of the image

  Image Entry point : 0x0003c0c1

  Load Region LR_IROM1 (Base: 0x0003c000, Size: 0x00002c2c, Max: 0x00003c00, ABSOLUTE)

    Execution Region ER_IROM1 (Base: 0x0003c000, Size: 0x00002b3c, Max: 0x00003c00, ABSOLUTE)

    Base Addr    Size         Type   Attr      Idx    E Section Name        Object

    0x0003c000   0x000000c0   Data   RO         1253    RESET               arm_startup_nrf51.o
    0x0003c0c0   0x00000000   Code   RO         1290  * .ARM.Collect$$$$00000000  mc_p.l(entry.o)
    0x0003c0c0   0x00000004   Code   RO         1303    .ARM.Collect$$$$00000001  mc_p.l(entry2.o)
    0x0003c0c4   0x00000004   Code   RO         1306    .ARM.Collect$$$$00000004  mc_p.l(entry5.o)
    0x0003c0c8   0x00000000   Code   RO         1308    .ARM.Collect$$$$00000008  mc_p.l(entry7b.o)
    0x0003c0c8   0x00000000   Code   RO         1310    .ARM.Collect$$$$0000000A  mc_p.l(entry8b.o)
    0x0003c0c8   0x00000008   Code   RO         1311    .ARM.Collect$$$$0000000B  mc_p.l(entry9a.o)
    0x0003c0d0   0x00000000   Code   RO         1313    .ARM.Collect$$$$0000000D  mc_p.l(entry10a.o)
    0x0003c0d0   0x00000000   Code   RO         1315    .ARM.Collect$$$$0000000F  mc_p.l(entry11a.o)
    0x0003c0d0   0x00000004   Code   RO         1304    .ARM.Collect$$$$00002712  mc_p.l(entry2.o)
    0x0003c0d4   0x0000001e   Code   RO          490    .emb_text           nrf_delay.o
    0x0003c0f2   0x00000002   PAD
    0x0003c0f4   0x0000001e   Code   RO          737    .emb_text           app_timer.o
    0x0003c112   0x00000002   PAD
    0x0003c114   0x00000034   Code   RO          916    .emb_text           bootloader_util.o
    0x0003c148   0x00000214   Code   RO            4    .text               main.o
    0x0003c35c   0x00000100   Code   RO          420    .text               app_uart.o
    0x0003c45c   0x0000001c   Code   RO          491    .text               nrf_delay.o
    0x0003c478   0x00000060   Code   RO          521    .text               nrf_drv_common.o
    0x0003c4d8   0x000004c8   Code   RO          554    .text               nrf_drv_uart.o
    0x0003c9a0   0x00000224   Code   RO          617    .text               pstorage_raw.o
    0x0003cbc4   0x00000018   Code   RO          657    .text               app_error.o
    0x0003cbdc   0x0000001c   Code   RO          692    .text               app_error_weak.o
    0x0003cbf8   0x00000120   Code   RO          712    .text               app_scheduler.o
    0x0003cd18   0x00000630   Code   RO          738    .text               app_timer.o
    0x0003d348   0x0000002c   Code   RO          793    .text               app_timer_appsh.o
    0x0003d374   0x00000064   Code   RO          815    .text               app_util_platform.o
    0x0003d3d8   0x000002d0   Code   RO          855    .text               bootloader.o
    0x0003d6a8   0x0000000c   Code   RO          894    .text               bootloader_settings.o
    0x0003d6b4   0x00000008   Code   RO          917    .text               bootloader_util.o
    0x0003d6bc   0x0000003c   Code   RO          932    .text               crc16.o
    0x0003d6f8   0x0000065c   Code   RO          946    .text               dfu_dual_bank.o
    0x0003dd54   0x000000a4   Code   RO          992    .text               dfu_init_template.o
    0x0003ddf8   0x000001c0   Code   RO         1015    .text               dfu_transport_serial.o
    0x0003dfb8   0x0000014c   Code   RO         1038    .text               hci_mem_pool.o
    0x0003e104   0x00000244   Code   RO         1073    .text               hci_slip.o
    0x0003e348   0x00000380   Code   RO         1106    .text               hci_transport.o
    0x0003e6c8   0x000001a0   Code   RO         1176    .text               softdevice_handler.o
    0x0003e868   0x00000024   Code   RO         1233    .text               softdevice_handler_appsh.o
    0x0003e88c   0x00000038   Code   RO         1254    .text               arm_startup_nrf51.o
    0x0003e8c4   0x000000e0   Code   RO         1261    .text               system_nrf51.o
    0x0003e9a4   0x0000002c   Code   RO         1293    .text               mc_p.l(uidiv.o)
    0x0003e9d0   0x00000024   Code   RO         1295    .text               mc_p.l(memcpya.o)
    0x0003e9f4   0x00000024   Code   RO         1297    .text               mc_p.l(memseta.o)
    0x0003ea18   0x00000024   Code   RO         1317    .text               mc_p.l(init.o)
    0x0003ea3c   0x0000000e   Code   RO         1321    i.__scatterload_copy  mc_p.l(handlers.o)
    0x0003ea4a   0x00000002   Code   RO         1322    i.__scatterload_null  mc_p.l(handlers.o)
    0x0003ea4c   0x0000000e   Code   RO         1323    i.__scatterload_zeroinit  mc_p.l(handlers.o)
    0x0003ea5a   0x00000002   PAD
    0x0003ea5c   0x00000014   Data   RO            6    .constdata          main.o
    0x0003ea70   0x00000020   Data   RO          423    .constdata          app_uart.o
    0x0003ea90   0x00000020   Data   RO          560    .constdata          nrf_drv_uart.o
    0x0003eab0   0x00000020   Data   RO          857    .constdata          bootloader.o
    0x0003ead0   0x00000024   Data   RO          951    .constdata          dfu_dual_bank.o
    0x0003eaf4   0x00000024   Data   RO         1074    .constdata          hci_slip.o
    0x0003eb18   0x00000004   Data   RO         1113    .constdata          hci_transport.o
    0x0003eb1c   0x00000020   Data   RO         1319    Region$$Table       anon$$obj.o


    Execution Region RW_IRAM1 (Base: 0x20002c00, Size: 0x00001398, Max: 0x00005380, ABSOLUTE)

    Base Addr    Size         Type   Attr      Idx    E Section Name        Object

    0x20002c00   0x00000008   Data   RW          424    .data               app_uart.o
    0x20002c08   0x00000008   Data   RW          620    .data               pstorage_raw.o
    0x20002c10   0x00000010   Data   RW          713    .data               app_scheduler.o
    0x20002c20   0x00000020   Data   RW          742    .data               app_timer.o
    0x20002c40   0x0000000c   Data   RW          858    .data               bootloader.o
    0x20002c4c   0x00000028   Data   RW          952    .data               dfu_dual_bank.o
    0x20002c74   0x00000001   Data   RW          994    .data               dfu_init_template.o
    0x20002c75   0x00000001   Data   RW         1042    .data               hci_mem_pool.o
    0x20002c76   0x00000002   PAD
    0x20002c78   0x00000028   Data   RW         1075    .data               hci_slip.o
    0x20002ca0   0x0000002d   Data   RW         1114    .data               hci_transport.o
    0x20002ccd   0x00000003   PAD
    0x20002cd0   0x0000001c   Data   RW         1181    .data               softdevice_handler.o
    0x20002cec   0x00000004   Data   RW         1262    .data               system_nrf51.o
    0x20002cf0   0x00000360   Zero   RW            5    .bss                main.o
    0x20003050   0x0000001c   Zero   RW          559    .bss                nrf_drv_uart.o
    0x2000306c   0x00000100   Zero   RW          619    .bss                pstorage_raw.o
    0x2000316c   0x0000001c   Zero   RW          856    .bss                bootloader.o
    0x20003188   0x00000020   Zero   RW          949    .bss                dfu_dual_bank.o
    0x200031a8   0x0000009c   Zero   RW          950    .bss                dfu_dual_bank.o
    0x20003244   0x0000000a   Zero   RW          993    .bss                dfu_init_template.o
    0x2000324e   0x00000002   PAD
    0x20003250   0x00000034   Zero   RW         1016    .bss                dfu_transport_serial.o
    0x20003284   0x000004f4   Zero   RW         1041    .bss                hci_mem_pool.o
    0x20003778   0x00000020   Zero   RW         1112    .bss                hci_transport.o
    0x20003798   0x00000800   Zero   RW         1251    STACK               arm_startup_nrf51.o


    Execution Region RW_IRAM2 (Base: 0x20007f80, Size: 0x00000000, Max: 0x00000080, ABSOLUTE, UNINIT)

    **** No section assigned to this execution region ****



  Load Region LR$$.ARM.__AT_0x0003FC00 (Base: 0x0003fc00, Size: 0x00000000, Max: 0x00000400, ABSOLUTE)

    Execution Region ER$$.ARM.__AT_0x0003FC00 (Base: 0x0003fc00, Size: 0x00000400, Max: 0x00000400, ABSOLUTE, UNINIT)

    Base Addr    Size         Type   Attr      Idx    E Section Name        Object

    0x0003fc00   0x00000400   Zero   RW          895    .ARM.__AT_0x0003FC00  bootloader_settings.o



  Load Region LR$$.ARM.__AT_0x10001014 (Base: 0x10001014, Size: 0x00000004, Max: 0x00000004, ABSOLUTE)

    Execution Region ER$$.ARM.__AT_0x10001014 (Base: 0x10001014, Size: 0x00000004, Max: 0x00000004, ABSOLUTE, UNINIT)

    Base Addr    Size         Type   Attr      Idx    E Section Name        Object

    0x10001014   0x00000004   Data   RW          896    .ARM.__AT_0x10001014  bootloader_settings.o


==============================================================================

Image component sizes


      Code (inc. data)   RO Data    RW Data    ZI Data      Debug   Object Name

        24          4          0          0          0       2245   app_error.o
        28         10          0          0          0        710   app_error_weak.o
       288         10          0         16          0       4131   app_scheduler.o
      1614         66          0         32          0      23017   app_timer.o
        44          4          0          0          0       1593   app_timer_appsh.o
       256         14         32          8          0      11395   app_uart.o
       100         14          0          0          0       5520   app_util_platform.o
        56         18        192          0       2048        720   arm_startup_nrf51.o
       720         18         32         12         28       7584   bootloader.o
        12          6          0          4       1024       1753   bootloader_settings.o
        60          2          0          0          0       1276   bootloader_util.o
        60          6          0          0          0       1332   crc16.o
      1628         66         36         40        188      12878   dfu_dual_bank.o
       164         16          0          1         10       2505   dfu_init_template.o
       448         18          0          0         52       6085   dfu_transport_serial.o
       332         14          0          1       1268       4397   hci_mem_pool.o
       580         40         36         40          0       6267   hci_slip.o
       896         20          4         45         32       8836   hci_transport.o
       532         52         20          0        864      82283   main.o
        58          4          0          0          0       1807   nrf_delay.o
        96         18          0          0          0       7324   nrf_drv_common.o
      1224         44         32          0         28      25482   nrf_drv_uart.o
       548          8          0          8        256      10987   pstorage_raw.o
       416         32          0         28          0      14471   softdevice_handler.o
        36          4          0          0          0       1641   softdevice_handler_appsh.o
       224         28          0          4          0       1995   system_nrf51.o

    ----------------------------------------------------------------------
     10448        536        416        244       5800     248234   Object Totals
         0          0         32          0          0          0   (incl. Generated)
         4          0          0          5          2          0   (incl. Padding)

    ----------------------------------------------------------------------

      Code (inc. data)   RO Data    RW Data    ZI Data      Debug   Library Member Name

         0          0          0          0          0          0   entry.o
         0          0          0          0          0          0   entry10a.o
         0          0          0          0          0          0   entry11a.o
         8          4          0          0          0          0   entry2.o
         4          0          0          0          0          0   entry5.o
         0          0          0          0          0          0   entry7b.o
         0          0          0          0          0          0   entry8b.o
         8          4          0          0          0          0   entry9a.o
        30          0          0          0          0          0   handlers.o
        36          8          0          0          0         68   init.o
        36          0          0          0          0         60   memcpya.o
        36          0          0          0          0        100   memseta.o
        44          0          0          0          0         72   uidiv.o

    ----------------------------------------------------------------------
       204         16          0          0          0        300   Library Totals
         2          0          0          0          0          0   (incl. Padding)

    ----------------------------------------------------------------------

      Code (inc. data)   RO Data    RW Data    ZI Data      Debug   Library Name

       202         16          0          0          0        300   mc_p.l

    ----------------------------------------------------------------------
       204         16          0          0          0        300   Library Totals

    ----------------------------------------------------------------------

==============================================================================


      Code (inc. data)   RO Data    RW Data    ZI Data      Debug   

     10652        552        416        244       5800     247034   Grand Totals
     10652        552        416        244       5800     247034   ELF Image Totals
     10652        552        416        244          0          0   ROM Totals

==============================================================================

    Total RO  Size (Code + RO Data)                11068 (  10.81kB)
    Total RW  Size (RW Data + ZI Data)              6044 (   5.90kB)
    Total ROM Size (Code + RO Data + RW Data)      11312 (  11.05kB)

==============================================================================

