Component: ARM Compiler 5.06 update 4 (build 422) Tool: armlink [4d35d2]

==============================================================================

Section Cross References

    main.o(i.advertising_init) refers to memseta.o(.text) for __aeabi_memclr4
    main.o(i.advertising_init) refers to ble_advertising.o(i.ble_advertising_init) for ble_advertising_init
    main.o(i.advertising_init) refers to app_error.o(i.app_error_handler) for app_error_handler
    main.o(i.advertising_init) refers to main.o(.constdata) for .constdata
    main.o(i.advertising_init) refers to main.o(i.on_adv_evt) for on_adv_evt
    main.o(i.assert_nrf_callback) refers to app_error.o(i.app_error_handler) for app_error_handler
    main.o(i.ble_evt_dispatch) refers to device_manager_peripheral.o(i.dm_ble_evt_handler) for dm_ble_evt_handler
    main.o(i.ble_evt_dispatch) refers to ble_conn_params.o(i.ble_conn_params_on_ble_evt) for ble_conn_params_on_ble_evt
    main.o(i.ble_evt_dispatch) refers to bsp_btn_ble.o(i.bsp_btn_ble_on_ble_evt) for bsp_btn_ble_on_ble_evt
    main.o(i.ble_evt_dispatch) refers to main.o(i.on_ble_evt) for on_ble_evt
    main.o(i.ble_evt_dispatch) refers to ble_advertising.o(i.ble_advertising_on_ble_evt) for ble_advertising_on_ble_evt
    main.o(i.ble_stack_init) refers to softdevice_handler.o(i.softdevice_handler_init) for softdevice_handler_init
    main.o(i.ble_stack_init) refers to app_error.o(i.app_error_handler) for app_error_handler
    main.o(i.ble_stack_init) refers to softdevice_handler.o(i.softdevice_enable_get_default_config) for softdevice_enable_get_default_config
    main.o(i.ble_stack_init) refers to softdevice_handler.o(i.sd_check_ram_start) for sd_check_ram_start
    main.o(i.ble_stack_init) refers to softdevice_handler.o(i.softdevice_enable) for softdevice_enable
    main.o(i.ble_stack_init) refers to softdevice_handler.o(i.softdevice_ble_evt_handler_set) for softdevice_ble_evt_handler_set
    main.o(i.ble_stack_init) refers to softdevice_handler.o(i.softdevice_sys_evt_handler_set) for softdevice_sys_evt_handler_set
    main.o(i.ble_stack_init) refers to main.o(.constdata) for .constdata
    main.o(i.ble_stack_init) refers to main.o(.bss) for BLE_EVT_BUFFER
    main.o(i.ble_stack_init) refers to main.o(i.ble_evt_dispatch) for ble_evt_dispatch
    main.o(i.ble_stack_init) refers to main.o(i.sys_evt_dispatch) for sys_evt_dispatch
    main.o(i.bsp_event_handler) refers to main.o(i.sleep_mode_enter) for sleep_mode_enter
    main.o(i.bsp_event_handler) refers to app_error.o(i.app_error_handler) for app_error_handler
    main.o(i.bsp_event_handler) refers to ble_advertising.o(i.ble_advertising_restart_without_whitelist) for ble_advertising_restart_without_whitelist
    main.o(i.bsp_event_handler) refers to main.o(.data) for m_conn_handle
    main.o(i.buttons_leds_init) refers to bsp.o(i.bsp_init) for bsp_init
    main.o(i.buttons_leds_init) refers to app_error.o(i.app_error_handler) for app_error_handler
    main.o(i.buttons_leds_init) refers to bsp_btn_ble.o(i.bsp_btn_ble_init) for bsp_btn_ble_init
    main.o(i.buttons_leds_init) refers to main.o(i.bsp_event_handler) for bsp_event_handler
    main.o(i.conn_params_error_handler) refers to app_error.o(i.app_error_handler) for app_error_handler
    main.o(i.conn_params_init) refers to memseta.o(.text) for __aeabi_memclr4
    main.o(i.conn_params_init) refers to ble_conn_params.o(i.ble_conn_params_init) for ble_conn_params_init
    main.o(i.conn_params_init) refers to app_error.o(i.app_error_handler) for app_error_handler
    main.o(i.conn_params_init) refers to main.o(i.on_conn_params_evt) for on_conn_params_evt
    main.o(i.conn_params_init) refers to main.o(i.conn_params_error_handler) for conn_params_error_handler
    main.o(i.device_manager_evt_handler) refers to app_error.o(i.app_error_handler) for app_error_handler
    main.o(i.device_manager_init) refers to pstorage.o(i.pstorage_init) for pstorage_init
    main.o(i.device_manager_init) refers to app_error.o(i.app_error_handler) for app_error_handler
    main.o(i.device_manager_init) refers to device_manager_peripheral.o(i.dm_init) for dm_init
    main.o(i.device_manager_init) refers to memseta.o(.text) for __aeabi_memclr
    main.o(i.device_manager_init) refers to device_manager_peripheral.o(i.dm_register) for dm_register
    main.o(i.device_manager_init) refers to main.o(i.device_manager_evt_handler) for device_manager_evt_handler
    main.o(i.device_manager_init) refers to main.o(.data) for m_app_handle
    main.o(i.gap_params_init) refers to app_error.o(i.app_error_handler) for app_error_handler
    main.o(i.main) refers to segger_rtt_printf.o(i.SEGGER_RTT_printf) for SEGGER_RTT_printf
    main.o(i.main) refers to main.o(i.timers_init) for timers_init
    main.o(i.main) refers to main.o(i.buttons_leds_init) for buttons_leds_init
    main.o(i.main) refers to main.o(i.ble_stack_init) for ble_stack_init
[...]
    i.nrf_uart_task_trigger                  0x000202d8   Section        0  nrf_drv_uart.o(i.nrf_uart_task_trigger)
    nrf_uart_task_trigger                    0x000202d9   Thumb Code     6  nrf_drv_uart.o(i.nrf_uart_task_trigger)
    i.on_adv_evt                             0x000202e0   Section        0  main.o(i.on_adv_evt)
    on_adv_evt                               0x000202e1   Thumb Code    60  main.o(i.on_adv_evt)
    i.on_ble_evt                             0x0002032c   Section        0  main.o(i.on_ble_evt)
    on_ble_evt                               0x0002032d   Thumb Code    80  main.o(i.on_ble_evt)
    i.on_conn_params_evt                     0x00020390   Section        0  main.o(i.on_conn_params_evt)
    on_conn_params_evt                       0x00020391   Thumb Code    46  main.o(i.on_conn_params_evt)
    i.on_conn_params_update                  0x000203d4   Section        0  ble_conn_params.o(i.on_conn_params_update)
    on_conn_params_update                    0x000203d5   Thumb Code    20  ble_conn_params.o(i.on_conn_params_update)
    i.on_connect                             0x000203ec   Section        0  ble_conn_params.o(i.on_connect)
    on_connect                               0x000203ed   Thumb Code    42  ble_conn_params.o(i.on_connect)
    i.on_disconnect                          0x00020428   Section        0  ble_conn_params.o(i.on_disconnect)
    on_disconnect                            0x00020429   Thumb Code    50  ble_conn_params.o(i.on_disconnect)
    i.on_write                               0x0002046c   Section        0  ble_conn_params.o(i.on_write)
    on_write                                 0x0002046d   Thumb Code    84  ble_conn_params.o(i.on_write)
    i.our_service_init                       0x000204c8   Section        0  our_service.o(i.our_service_init)
    i.peer_address_exists                    0x000205dc   Section        0  ble_advertising.o(i.peer_address_exists)
    peer_address_exists                      0x000205dd   Thumb Code    26  ble_advertising.o(i.peer_address_exists)
    i.peer_instance_init                     0x000205f8   Section        0  device_manager_peripheral.o(i.peer_instance_init)
    peer_instance_init                       0x000205f9   Thumb Code    84  device_manager_peripheral.o(i.peer_instance_init)
    i.pin_in_use_by_gpiote                   0x00020654   Section        0  nrf_drv_gpiote.o(i.pin_in_use_by_gpiote)
    pin_in_use_by_gpiote                     0x00020655   Thumb Code    22  nrf_drv_gpiote.o(i.pin_in_use_by_gpiote)
    i.pin_in_use_by_port                     0x00020670   Section        0  nrf_drv_gpiote.o(i.pin_in_use_by_port)
    pin_in_use_by_port                       0x00020671   Thumb Code    18  nrf_drv_gpiote.o(i.pin_in_use_by_port)
    i.pin_in_use_by_te                       0x00020688   Section        0  nrf_drv_gpiote.o(i.pin_in_use_by_te)
    pin_in_use_by_te                         0x00020689   Thumb Code    26  nrf_drv_gpiote.o(i.pin_in_use_by_te)
    i.pin_in_use_clear                       0x000206a8   Section        0  nrf_drv_gpiote.o(i.pin_in_use_clear)
    pin_in_use_clear                         0x000206a9   Thumb Code    10  nrf_drv_gpiote.o(i.pin_in_use_clear)
    i.power_manage                           0x000206b8   Section        0  main.o(i.power_manage)
    power_manage                             0x000206b9   Thumb Code    32  main.o(i.power_manage)
    i.print_evt                              0x000206ec   Section        0  msgs.o(i.print_evt)
    i.pstorage_access_status_get             0x00020758   Section        0  pstorage.o(i.pstorage_access_status_get)
    i.pstorage_block_identifier_get          0x00020788   Section        0  pstorage.o(i.pstorage_block_identifier_get)
    i.pstorage_clear                         0x0002082c   Section        0  pstorage.o(i.pstorage_clear)
    i.pstorage_flash_page_end                0x00020944   Section        0  pstorage.o(i.pstorage_flash_page_end)
    pstorage_flash_page_end                  0x00020945   Thumb Code    36  pstorage.o(i.pstorage_flash_page_end)
    i.pstorage_flash_page_size               0x0002096c   Section        0  pstorage.o(i.pstorage_flash_page_size)
    pstorage_flash_page_size                 0x0002096d   Thumb Code    10  pstorage.o(i.pstorage_flash_page_size)
    i.pstorage_init                          0x00020978   Section        0  pstorage.o(i.pstorage_init)
    i.pstorage_load                          0x00020a00   Section        0  pstorage.o(i.pstorage_load)
    i.pstorage_register                      0x00020afc   Section        0  pstorage.o(i.pstorage_register)
    i.pstorage_store                         0x00020c1c   Section        0  pstorage.o(i.pstorage_store)
    i.pstorage_sys_event_handler             0x00020cfc   Section        0  pstorage.o(i.pstorage_sys_event_handler)
    i.pstorage_update                        0x00020d48   Section        0  pstorage.o(i.pstorage_update)
    i.ram_end_address_get                    0x00020e28   Section        0  softdevice_handler.o(i.ram_end_address_get)
    ram_end_address_get                      0x00020e29   Thumb Code    22  softdevice_handler.o(i.ram_end_address_get)
    i.rtc1_compare0_set                      0x00020e40   Section        0  app_timer.o(i.rtc1_compare0_set)
    rtc1_compare0_set                        0x00020e41   Thumb Code     6  app_timer.o(i.rtc1_compare0_set)
    i.rtc1_counter_get                       0x00020e4c   Section        0  app_timer.o(i.rtc1_counter_get)
    rtc1_counter_get                         0x00020e4d   Thumb Code     6  app_timer.o(i.rtc1_counter_get)
    i.rtc1_init                              0x00020e58   Section        0  app_timer.o(i.rtc1_init)
    rtc1_init                                0x00020e59   Thumb Code    18  app_timer.o(i.rtc1_init)
    i.rtc1_start                             0x00020e70   Section        0  app_timer.o(i.rtc1_start)
    rtc1_start                               0x00020e71   Thumb Code    48  app_timer.o(i.rtc1_start)
    i.rtc1_stop                              0x00020eac   Section        0  app_timer.o(i.rtc1_stop)
    rtc1_stop                                0x00020ead   Thumb Code    66  app_timer.o(i.rtc1_stop)
    i.rx_byte                                0x00020f04   Section        0  nrf_drv_uart.o(i.rx_byte)
    rx_byte                                  0x00020f05   Thumb Code    82  nrf_drv_uart.o(i.rx_byte)
    i.rx_done_event                          0x00020f60   Section        0  nrf_drv_uart.o(i.rx_done_event)
    rx_done_event                            0x00020f61   Thumb Code    30  nrf_drv_uart.o(i.rx_done_event)
    i.sd_check_ram_start                     0x00020f84   Section        0  softdevice_handler.o(i.sd_check_ram_start)
    i.sd_nvic_EnableIRQ                      0x00021018   Section        0  softdevice_handler.o(i.sd_nvic_EnableIRQ)
    sd_nvic_EnableIRQ                        0x00021019   Thumb Code   188  softdevice_handler.o(i.sd_nvic_EnableIRQ)
    i.sec_mgr_oob_flags_encode               0x000210e8   Section        0  ble_advdata.o(i.sec_mgr_oob_flags_encode)
    sec_mgr_oob_flags_encode                 0x000210e9   Thumb Code    54  ble_advdata.o(i.sec_mgr_oob_flags_encode)
    i.service_data_encode                    0x0002111e   Section        0  ble_advdata.o(i.service_data_encode)
    service_data_encode                      0x0002111f   Thumb Code   150  ble_advdata.o(i.service_data_encode)
    i.services_init                          0x000211b4   Section        0  main.o(i.services_init)
    services_init                            0x000211b5   Thumb Code    10  main.o(i.services_init)
    i.sleep_mode_enter                       0x000211c4   Section        0  main.o(i.sleep_mode_enter)
    sleep_mode_enter                         0x000211c5   Thumb Code    94  main.o(i.sleep_mode_enter)
    i.sm_state_change                        0x00021234   Section        0  pstorage.o(i.sm_state_change)
    sm_state_change                          0x00021235   Thumb Code    14  pstorage.o(i.sm_state_change)
    i.softdevice_ble_evt_handler_set         0x00021248   Section        0  softdevice_handler.o(i.softdevice_ble_evt_handler_set)
    i.softdevice_enable                      0x00021264   Section        0  softdevice_handler.o(i.softdevice_enable)
    i.softdevice_enable_get_default_config   0x00021368   Section        0  softdevice_handler.o(i.softdevice_enable_get_default_config)
    i.softdevice_fault_handler               0x00021396   Section        0  softdevice_handler.o(i.softdevice_fault_handler)
    i.softdevice_handler_init                0x000213ac   Section        0  softdevice_handler.o(i.softdevice_handler_init)
    i.softdevice_sys_evt_handler_set         0x0002141c   Section        0  softdevice_handler.o(i.softdevice_sys_evt_handler_set)
    i.srdata_check                           0x00021438   Section        0  ble_advdata.o(i.srdata_check)
    srdata_check                             0x00021439   Thumb Code    16  ble_advdata.o(i.srdata_check)
    i.startup_event_extract                  0x00021448   Section        0  bsp_btn_ble.o(i.startup_event_extract)
    startup_event_extract                    0x00021449   Thumb Code    84  bsp_btn_ble.o(i.startup_event_extract)
    i.state_data_erase_entry_run             0x0002149c   Section        0  pstorage.o(i.state_data_erase_entry_run)
    state_data_erase_entry_run               0x0002149d   Thumb Code    12  pstorage.o(i.state_data_erase_entry_run)
    i.state_data_erase_swap_entry_run        0x000214ac   Section        0  pstorage.o(i.state_data_erase_swap_entry_run)
    state_data_erase_swap_entry_run          0x000214ad   Thumb Code   136  pstorage.o(i.state_data_erase_swap_entry_run)
    i.state_entry_action_run                 0x00021544   Section        0  pstorage.o(i.state_entry_action_run)
    state_entry_action_run                   0x00021545   Thumb Code    54  pstorage.o(i.state_entry_action_run)
    i.state_erase_data_page_entry_run        0x00021580   Section        0  pstorage.o(i.state_erase_data_page_entry_run)
    state_erase_data_page_entry_run          0x00021581   Thumb Code    12  pstorage.o(i.state_erase_data_page_entry_run)
    i.state_idle_entry_run                   0x00021590   Section        0  pstorage.o(i.state_idle_entry_run)
    state_idle_entry_run                     0x00021591   Thumb Code    18  pstorage.o(i.state_idle_entry_run)
    i.state_restore_head_entry_run           0x000215ac   Section        0  pstorage.o(i.state_restore_head_entry_run)
    state_restore_head_entry_run             0x000215ad   Thumb Code    44  pstorage.o(i.state_restore_head_entry_run)
    i.state_restore_tail_entry_run           0x000215e0   Section        0  pstorage.o(i.state_restore_tail_entry_run)
    state_restore_tail_entry_run             0x000215e1   Thumb Code    76  pstorage.o(i.state_restore_tail_entry_run)
    i.state_store_entry_run                  0x00021634   Section        0  pstorage.o(i.state_store_entry_run)
    state_store_entry_run                    0x00021635   Thumb Code     8  pstorage.o(i.state_store_entry_run)
    i.state_swap_erase_entry_run             0x0002163c   Section        0  pstorage.o(i.state_swap_erase_entry_run)
    state_swap_erase_entry_run               0x0002163d   Thumb Code    38  pstorage.o(i.state_swap_erase_entry_run)
    i.state_write_data_swap_entry_run        0x00021664   Section        0  pstorage.o(i.state_write_data_swap_entry_run)
    state_write_data_swap_entry_run          0x00021665   Thumb Code    46  pstorage.o(i.state_write_data_swap_entry_run)
    i.storage_operation_dummy_handler        0x00021698   Section        0  device_manager_peripheral.o(i.storage_operation_dummy_handler)
    storage_operation_dummy_handler          0x00021699   Thumb Code     8  device_manager_peripheral.o(i.storage_operation_dummy_handler)
    i.store_cmd_flash_write_execute          0x000216a0   Section        0  pstorage.o(i.store_cmd_flash_write_execute)
    store_cmd_flash_write_execute            0x000216a1   Thumb Code    92  pstorage.o(i.store_cmd_flash_write_execute)
    i.store_operation_execute                0x00021704   Section        0  pstorage.o(i.store_operation_execute)
    store_operation_execute                  0x00021705   Thumb Code    10  pstorage.o(i.store_operation_execute)
    i.store_sub_state_sm_run                 0x00021710   Section        0  pstorage.o(i.store_sub_state_sm_run)
    store_sub_state_sm_run                   0x00021711   Thumb Code    62  pstorage.o(i.store_sub_state_sm_run)
    i.swap_erase_state_run                   0x0002175c   Section        0  pstorage.o(i.swap_erase_state_run)
    swap_erase_state_run                     0x0002175d   Thumb Code    28  pstorage.o(i.swap_erase_state_run)
    i.swap_sub_sm_exit_action_run            0x0002177c   Section        0  pstorage.o(i.swap_sub_sm_exit_action_run)
    swap_sub_sm_exit_action_run              0x0002177d   Thumb Code     8  pstorage.o(i.swap_sub_sm_exit_action_run)
    i.swap_sub_state_entry_action_run        0x00021784   Section        0  pstorage.o(i.swap_sub_state_entry_action_run)
    swap_sub_state_entry_action_run          0x00021785   Thumb Code    16  pstorage.o(i.swap_sub_state_entry_action_run)
    i.swap_sub_state_err_busy_process        0x0002179c   Section        0  pstorage.o(i.swap_sub_state_err_busy_process)
    swap_sub_state_err_busy_process          0x0002179d   Thumb Code    24  pstorage.o(i.swap_sub_state_err_busy_process)
    i.swap_sub_state_sm_run                  0x000217bc   Section        0  pstorage.o(i.swap_sub_state_sm_run)
    swap_sub_state_sm_run                    0x000217bd   Thumb Code    16  pstorage.o(i.swap_sub_state_sm_run)
    i.swap_sub_state_state_change            0x000217d4   Section        0  pstorage.o(i.swap_sub_state_state_change)
    swap_sub_state_state_change              0x000217d5   Thumb Code    14  pstorage.o(i.swap_sub_state_state_change)
    i.sys_evt_dispatch                       0x000217e8   Section        0  main.o(i.sys_evt_dispatch)
    sys_evt_dispatch                         0x000217e9   Thumb Code    18  main.o(i.sys_evt_dispatch)
    i.tail_restore_state_run                 0x000217fc   Section        0  pstorage.o(i.tail_restore_state_run)
    tail_restore_state_run                   0x000217fd   Thumb Code    26  pstorage.o(i.tail_restore_state_run)
    i.tail_word_size_calculate               0x0002181c   Section        0  pstorage.o(i.tail_word_size_calculate)
    tail_word_size_calculate                 0x0002181d   Thumb Code    84  pstorage.o(i.tail_word_size_calculate)
    i.ticks_diff_get                         0x00021874   Section        0  app_timer.o(i.ticks_diff_get)
    ticks_diff_get                           0x00021875   Thumb Code    10  app_timer.o(i.ticks_diff_get)
    i.timeout_handler_exec                   0x00021880   Section        0  app_timer.o(i.timeout_handler_exec)
    timeout_handler_exec                     0x00021881   Thumb Code    60  app_timer.o(i.timeout_handler_exec)
    i.timer_list_handler                     0x000218fc   Section        0  app_timer.o(i.timer_list_handler)
    timer_list_handler                       0x000218fd   Thumb Code    74  app_timer.o(i.timer_list_handler)
    i.timer_list_handler_sched               0x00021954   Section        0  app_timer.o(i.timer_list_handler_sched)
    timer_list_handler_sched                 0x00021955   Thumb Code    10  app_timer.o(i.timer_list_handler_sched)
    i.timer_list_insert                      0x00021960   Section        0  app_timer.o(i.timer_list_insert)
    timer_list_insert                        0x00021961   Thumb Code   104  app_timer.o(i.timer_list_insert)
    i.timer_list_remove                      0x000219cc   Section        0  app_timer.o(i.timer_list_remove)
    timer_list_remove                        0x000219cd   Thumb Code    96  app_timer.o(i.timer_list_remove)
    i.timer_start_op_schedule                0x00021a3c   Section        0  app_timer.o(i.timer_start_op_schedule)
    timer_start_op_schedule                  0x00021a3d   Thumb Code    82  app_timer.o(i.timer_start_op_schedule)
    i.timer_stop_op_schedule                 0x00021a94   Section        0  app_timer.o(i.timer_stop_op_schedule)
    timer_stop_op_schedule                   0x00021a95   Thumb Code    60  app_timer.o(i.timer_stop_op_schedule)
    i.timer_timeouts_check                   0x00021ad4   Section        0  app_timer.o(i.timer_timeouts_check)
    timer_timeouts_check                     0x00021ad5   Thumb Code   128  app_timer.o(i.timer_timeouts_check)
    i.timer_timeouts_check_sched             0x00021b68   Section        0  app_timer.o(i.timer_timeouts_check_sched)
    timer_timeouts_check_sched               0x00021b69   Thumb Code    10  app_timer.o(i.timer_timeouts_check_sched)
    i.timers_init                            0x00021b74   Section        0  main.o(i.timers_init)
    timers_init                              0x00021b75   Thumb Code    46  main.o(i.timers_init)
    i.tk_value_encode                        0x00021bb8   Section        0  ble_advdata.o(i.tk_value_encode)
    tk_value_encode                          0x00021bb9   Thumb Code    70  ble_advdata.o(i.tk_value_encode)
    i.tx_byte                                0x00021c00   Section        0  nrf_drv_uart.o(i.tx_byte)
    tx_byte                                  0x00021c01   Thumb Code    48  nrf_drv_uart.o(i.tx_byte)
    i.tx_done_event                          0x00021c38   Section        0  nrf_drv_uart.o(i.tx_done_event)
    tx_done_event                            0x00021c39   Thumb Code    38  nrf_drv_uart.o(i.tx_done_event)
    i.tx_power_level_encode                  0x00021c64   Section        0  ble_advdata.o(i.tx_power_level_encode)
    tx_power_level_encode                    0x00021c65   Thumb Code    54  ble_advdata.o(i.tx_power_level_encode)
    i.uart_irq_handler                       0x00021c9c   Section        0  nrf_drv_uart.o(i.uart_irq_handler)
    uart_irq_handler                         0x00021c9d   Thumb Code   364  nrf_drv_uart.o(i.uart_irq_handler)
    i.uint16_encode                          0x00021e10   Section        0  ble_advdata.o(i.uint16_encode)
    uint16_encode                            0x00021e11   Thumb Code    18  ble_advdata.o(i.uint16_encode)
    i.update_operation_execute               0x00021e22   Section        0  pstorage.o(i.update_operation_execute)
    update_operation_execute                 0x00021e23   Thumb Code     8  pstorage.o(i.update_operation_execute)
    i.update_status_bit_reset                0x00021e2c   Section        0  device_manager_peripheral.o(i.update_status_bit_reset)
    update_status_bit_reset                  0x00021e2d   Thumb Code    16  device_manager_peripheral.o(i.update_status_bit_reset)
    i.update_timeout_handler                 0x00021e40   Section        0  ble_conn_params.o(i.update_timeout_handler)
    update_timeout_handler                   0x00021e41   Thumb Code   136  ble_conn_params.o(i.update_timeout_handler)
    i.user_id_get                            0x00021edc   Section        0  app_timer.o(i.user_id_get)
    user_id_get                              0x00021edd   Thumb Code    34  app_timer.o(i.user_id_get)
    i.user_op_alloc                          0x00021efe   Section        0  app_timer.o(i.user_op_alloc)
    user_op_alloc                            0x00021eff   Thumb Code    46  app_timer.o(i.user_op_alloc)
    i.user_op_enque                          0x00021f2c   Section        0  app_timer.o(i.user_op_enque)
    user_op_enque                            0x00021f2d   Thumb Code     4  app_timer.o(i.user_op_enque)
    i.uuid_list_encode                       0x00021f30   Section        0  ble_advdata.o(i.uuid_list_encode)
    uuid_list_encode                         0x00021f31   Thumb Code    76  ble_advdata.o(i.uuid_list_encode)
    i.uuid_list_sized_encode                 0x00021f7c   Section        0  ble_advdata.o(i.uuid_list_sized_encode)
    uuid_list_sized_encode                   0x00021f7d   Thumb Code   224  ble_advdata.o(i.uuid_list_sized_encode)
    i.whitelist_has_entries                  0x0002205c   Section        0  ble_advertising.o(i.whitelist_has_entries)
    whitelist_has_entries                    0x0002205d   Thumb Code    22  ble_advertising.o(i.whitelist_has_entries)
    .constdata                               0x00022074   Section        8  main.o(.constdata)
    .constdata                               0x0002207c   Section       16  our_service.o(.constdata)
    .constdata                               0x0002208c   Section       60  bsp.o(.constdata)
    m_leds_timer_id                          0x0002208c   Data           4  bsp.o(.constdata)
    m_alert_timer_id                         0x00022090   Data           4  bsp.o(.constdata)
    m_button_timer_id                        0x00022094   Data           4  bsp.o(.constdata)
    m_buttons_list                           0x00022098   Data          16  bsp.o(.constdata)
    app_buttons                              0x000220a8   Data          32  bsp.o(.constdata)
    .constdata                               0x000220c8   Section        4  ble_conn_params.o(.constdata)
    m_conn_params_timer_id                   0x000220c8   Data           4  ble_conn_params.o(.constdata)
    .constdata                               0x000220cc   Section       52  device_manager_peripheral.o(.constdata)
    .constdata                               0x00022100   Section       40  pstorage.o(.constdata)
    swap_sub_state_sm_lut                    0x00022100   Data          20  pstorage.o(.constdata)
    swap_sub_state_sm_lut                    0x00022114   Data          20  pstorage.o(.constdata)
    .constdata                               0x00022128   Section        8  app_button.o(.constdata)
    m_detection_delay_timer_id               0x00022128   Data           4  app_button.o(.constdata)
    .constdata                               0x00022130   Section       16  segger_rtt_printf.o(.constdata)
    _aV2C                                    0x00022130   Data          16  segger_rtt_printf.o(.constdata)
    .conststring                             0x00022140   Section       76  device_manager_peripheral.o(.conststring)
    .conststring                             0x0002218c   Section       87  softdevice_handler.o(.conststring)
    .conststring                             0x000221e4   Section     1486  msgs.o(.conststring)
    .conststring                             0x000227b4   Section        9  segger_rtt.o(.conststring)
    .data                                    0x20002080   Section        6  main.o(.data)
    m_app_handle                             0x20002080   Data           1  main.o(.data)
    m_conn_handle                            0x20002082   Data           2  main.o(.data)
    m_our_service                            0x20002084   Data           2  main.o(.data)
    .data                                    0x20002088   Section       25  bsp.o(.data)
    m_stable_state                           0x20002088   Data           1  bsp.o(.data)
    m_app_ticks_per_100ms                    0x2000208c   Data           4  bsp.o(.data)
    m_indication_type                        0x20002090   Data           4  bsp.o(.data)
    m_alert_mask                             0x20002094   Data           4  bsp.o(.data)
    m_registered_callback                    0x20002098   Data           4  bsp.o(.data)
    current_long_push_pin_no                 0x2000209c   Data           1  bsp.o(.data)
    release_event_at_push                    0x2000209d   Data           4  bsp.o(.data)
    .data                                    0x200020a4   Section        8  bsp_btn_ble.o(.data)
    m_error_handler                          0x200020a4   Data           4  bsp_btn_ble.o(.data)
    m_num_connections                        0x200020a8   Data           4  bsp_btn_ble.o(.data)
    .data                                    0x200020ac   Section       32  ble_advertising.o(.data)
    m_advertising_start_pending              0x200020ac   Data           1  ble_advertising.o(.data)
    m_peer_address                           0x200020ad   Data           7  ble_advertising.o(.data)
    m_adv_evt                                0x200020b4   Data           1  ble_advertising.o(.data)
    m_evt_handler                            0x200020b8   Data           4  ble_advertising.o(.data)
    m_error_handler                          0x200020bc   Data           4  ble_advertising.o(.data)
    m_adv_mode_current                       0x200020c0   Data           1  ble_advertising.o(.data)
    m_whitelist_temporarily_disabled         0x200020c1   Data           1  ble_advertising.o(.data)
    m_whitelist_reply_expected               0x200020c2   Data           1  ble_advertising.o(.data)
    m_peer_addr_reply_expected               0x200020c3   Data           1  ble_advertising.o(.data)
    m_slave_conn_int                         0x200020c4   Data           4  ble_advertising.o(.data)
    m_tx_power_level                         0x200020c8   Data           1  ble_advertising.o(.data)
    current_slave_link_conn_handle           0x200020ca   Data           2  ble_advertising.o(.data)
    .data                                    0x200020cc   Section       21  ble_conn_params.o(.data)
    m_preferred_conn_params                  0x200020cc   Data           8  ble_conn_params.o(.data)
    m_update_count                           0x200020d4   Data           1  ble_conn_params.o(.data)
    m_conn_handle                            0x200020d6   Data           2  ble_conn_params.o(.data)
    m_current_conn_params                    0x200020d8   Data           8  ble_conn_params.o(.data)
    m_change_param                           0x200020e0   Data           1  ble_conn_params.o(.data)
    .data                                    0x200020e4   Section       20  device_manager_peripheral.o(.data)
    m_storage_handle                         0x200020e4   Data           8  device_manager_peripheral.o(.data)
    m_peer_addr_update                       0x200020ec   Data           4  device_manager_peripheral.o(.data)
    m_module_initialized                     0x200020f0   Data           1  device_manager_peripheral.o(.data)
    m_irk_index_table                        0x200020f1   Data           7  device_manager_peripheral.o(.data)
    .data                                    0x200020f8   Section       40  pstorage.o(.data)
    m_next_app_instance                      0x200020f8   Data           2  pstorage.o(.data)
    m_next_page_addr                         0x200020fc   Data           4  pstorage.o(.data)
    m_state                                  0x20002100   Data           1  pstorage.o(.data)
    m_swap_sub_state                         0x20002101   Data           1  pstorage.o(.data)
    m_head_word_size                         0x20002104   Data           4  pstorage.o(.data)
    m_tail_word_size                         0x20002108   Data           4  pstorage.o(.data)
    m_current_page_id                        0x2000210c   Data           4  pstorage.o(.data)
    m_num_of_command_retries                 0x20002110   Data           4  pstorage.o(.data)
    m_num_of_bytes_written                   0x20002114   Data           4  pstorage.o(.data)
    m_app_data_size                          0x20002118   Data           4  pstorage.o(.data)
    m_flags                                  0x2000211c   Data           4  pstorage.o(.data)
    .data                                    0x20002120   Section       20  app_button.o(.data)
    mp_buttons                               0x20002120   Data           4  app_button.o(.data)
    m_button_count                           0x20002124   Data           1  app_button.o(.data)
    m_detection_delay                        0x20002128   Data           4  app_button.o(.data)
    m_pin_state                              0x2000212c   Data           4  app_button.o(.data)
    m_pin_transition                         0x20002130   Data           4  app_button.o(.data)
    .data                                    0x20002134   Section       34  app_timer.o(.data)
    m_user_array_size                        0x20002134   Data           1  app_timer.o(.data)
    mp_users                                 0x20002138   Data           4  app_timer.o(.data)
    mp_timer_id_head                         0x2000213c   Data           4  app_timer.o(.data)
    m_ticks_latest                           0x20002140   Data           4  app_timer.o(.data)
    m_ticks_elapsed                          0x20002144   Data           8  app_timer.o(.data)
    m_ticks_elapsed_q_read_ind               0x2000214c   Data           1  app_timer.o(.data)
    m_ticks_elapsed_q_write_ind              0x2000214d   Data           1  app_timer.o(.data)
    m_evt_schedule_func                      0x20002150   Data           4  app_timer.o(.data)
    m_rtc1_running                           0x20002154   Data           1  app_timer.o(.data)
    m_rtc1_reset                             0x20002155   Data           1  app_timer.o(.data)
    .data                                    0x20002156   Section        4  nrf_log.o(.data)
    initialized                              0x20002156   Data           1  nrf_log.o(.data)
    hex_string                               0x20002157   Data           3  nrf_log.o(.data)
    .data                                    0x2000215c   Section       32  softdevice_handler.o(.data)
    m_evt_schedule_func                      0x20002164   Data           4  softdevice_handler.o(.data)
    m_softdevice_enabled                     0x20002168   Data           1  softdevice_handler.o(.data)
    mp_ble_evt_buffer                        0x2000216c   Data           4  softdevice_handler.o(.data)
    m_ble_evt_buffer_size                    0x20002170   Data           2  softdevice_handler.o(.data)
    m_ble_evt_handler                        0x20002174   Data           4  softdevice_handler.o(.data)
    m_sys_evt_handler                        0x20002178   Data           4  softdevice_handler.o(.data)
    .data                                    0x2000217c   Section      180  msgs.o(.data)
    .data                                    0x20002230   Section      121  segger_rtt.o(.data)
    _SEGGER_RTT                              0x20002230   Data         120  segger_rtt.o(.data)
    _ActiveTerminal                          0x200022a8   Data           1  segger_rtt.o(.data)
    .data                                    0x200022ac   Section        4  system_nrf51.o(.data)
    __tagsym$$used                           0x200022ac   Number         0  system_nrf51.o(.data)
    .bss                                     0x200022b0   Section      528  main.o(.bss)
    APP_TIMER_BUF                            0x200022b0   Data         456  main.o(.bss)
    BLE_EVT_BUFFER                           0x20002478   Data          72  main.o(.bss)
    .bss                                     0x200024c0   Section      108  bsp.o(.bss)
    m_leds_timer_id_data                     0x200024c0   Data          32  bsp.o(.bss)
    m_alert_timer_id_data                    0x200024e0   Data          32  bsp.o(.bss)
    m_events_list                            0x20002500   Data          12  bsp.o(.bss)
    m_button_timer_id_data                   0x2000250c   Data          32  bsp.o(.bss)
    .bss                                     0x2000252c   Section      259  ble_advertising.o(.bss)
    m_advdata                                0x2000252c   Data          56  ble_advertising.o(.bss)
    m_adv_modes_config                       0x20002564   Data          36  ble_advertising.o(.bss)
    m_whitelist                              0x20002588   Data          16  ble_advertising.o(.bss)
    mp_whitelist_addr                        0x20002598   Data          32  ble_advertising.o(.bss)
    mp_whitelist_irk                         0x200025b8   Data          32  ble_advertising.o(.bss)
    m_manuf_specific_data                    0x200025d8   Data          12  ble_advertising.o(.bss)
    m_manuf_data_array                       0x200025e4   Data          31  ble_advertising.o(.bss)
    m_service_data                           0x20002604   Data          12  ble_advertising.o(.bss)
    m_service_data_array                     0x20002610   Data          31  ble_advertising.o(.bss)
    .bss                                     0x20002630   Section       60  ble_conn_params.o(.bss)
    m_conn_params_config                     0x20002630   Data          28  ble_conn_params.o(.bss)
    m_conn_params_timer_id_data              0x2000264c   Data          32  ble_conn_params.o(.bss)
    .bss                                     0x2000266c   Section      335  device_manager_peripheral.o(.bss)
    m_app_context_table                      0x2000266c   Data          28  device_manager_peripheral.o(.bss)
    m_peer_table                             0x20002688   Data         196  device_manager_peripheral.o(.bss)
    m_bond_table                             0x2000274c   Data          28  device_manager_peripheral.o(.bss)
    m_gatts_table                            0x20002768   Data          36  device_manager_peripheral.o(.bss)
    m_connection_table                       0x2000278c   Data          12  device_manager_peripheral.o(.bss)
    m_application_table                      0x20002798   Data          12  device_manager_peripheral.o(.bss)
    m_local_id_info                          0x200027a4   Data          23  device_manager_peripheral.o(.bss)
    .bss                                     0x200027bc   Section       72  nrf_drv_gpiote.o(.bss)
    m_cb                                     0x200027bc   Data          72  nrf_drv_gpiote.o(.bss)
    .bss                                     0x20002804   Section       28  nrf_drv_uart.o(.bss)
    m_cb                                     0x20002804   Data          28  nrf_drv_uart.o(.bss)
    .bss                                     0x20002820   Section      228  pstorage.o(.bss)
    m_cmd_queue                              0x20002820   Data         204  pstorage.o(.bss)
    m_app_table                              0x200028ec   Data          24  pstorage.o(.bss)
    .bss                                     0x20002904   Section       32  app_button.o(.bss)
    m_detection_delay_timer_id_data          0x20002904   Data          32  app_button.o(.bss)
    .bss                                     0x20002924   Section       32  app_error.o(.bss)
    m_error_data                             0x20002924   Data          32  app_error.o(.bss)
    .bss                                     0x20002944   Section       88  fstorage.o(.bss)
    m_queue                                  0x20002944   Data          88  fstorage.o(.bss)
    .bss                                     0x2000299c   Section     1051  nrf_log.o(.bss)
    buf_normal_up                            0x2000299c   Data        1024  nrf_log.o(.bss)
    buf_down                                 0x20002d9c   Data          16  nrf_log.o(.bss)
    hex_string                               0x20002dac   Data          11  nrf_log.o(.bss)
    .bss                                     0x20002db7   Section     1040  segger_rtt.o(.bss)
    _acUpBuffer                              0x20002db7   Data        1024  segger_rtt.o(.bss)
    _acDownBuffer                            0x200031b7   Data          16  segger_rtt.o(.bss)
    STACK                                    0x200031c8   Section     2048  arm_startup_nrf51.o(STACK)

    Global Symbols

    Symbol Name                              Value     Ov Type        Size  Object(Section)

    BuildAttributes$$THM_ISAv3M$S$PE$A:L22$X:L11$S22$IEEE1$IW$USESV6$~STKCKD$USESV7$~SHL$OSPACE$ROPI$EBA8$MICROLIB$REQ8$PRES8$EABIv2 0x00000000   Number         0  anon$$obj.o ABSOLUTE
    __ARM_use_no_argv                        0x00000000   Number         0  main.o ABSOLUTE
    __cpp_initialize__aeabi_                  - Undefined Weak Reference
    __cxa_finalize                            - Undefined Weak Reference
    _clock_init                               - Undefined Weak Reference
    _microlib_exit                            - Undefined Weak Reference
    fs_data$$Base                             - Undefined Reference
    fs_data$$Limit                            - Undefined Reference
    __Vectors_Size                           0x000000c0   Number         0  arm_startup_nrf51.o ABSOLUTE
    __Vectors                                0x0001b000   Data           4  arm_startup_nrf51.o(RESET)
    __Vectors_End                            0x0001b0c0   Data           0  arm_startup_nrf51.o(RESET)
    __main                                   0x0001b0c1   Thumb Code     0  entry.o(.ARM.Collect$$$$00000000)
    _main_stk                                0x0001b0c1   Thumb Code     0  entry2.o(.ARM.Collect$$$$00000001)
    _main_scatterload                        0x0001b0c5   Thumb Code     0  entry5.o(.ARM.Collect$$$$00000004)
    __main_after_scatterload                 0x0001b0c9   Thumb Code     0  entry5.o(.ARM.Collect$$$$00000004)
    _main_clock                              0x0001b0c9   Thumb Code     0  entry7b.o(.ARM.Collect$$$$00000008)
    _main_cpp_init                           0x0001b0c9   Thumb Code     0  entry8b.o(.ARM.Collect$$$$0000000A)
    _main_init                               0x0001b0c9   Thumb Code     0  entry9a.o(.ARM.Collect$$$$0000000B)
    __rt_final_cpp                           0x0001b0d1   Thumb Code     0  entry10a.o(.ARM.Collect$$$$0000000D)
    __rt_final_exit                          0x0001b0d1   Thumb Code     0  entry11a.o(.ARM.Collect$$$$0000000F)
    __asm___11_app_timer_c_cd27f9c3__nrf_delay_us 0x0001b0d5   Thumb Code    30  app_timer.o(.emb_text)
    Reset_Handler                            0x0001b0f5   Thumb Code    26  arm_startup_nrf51.o(.text)
    NMI_Handler                              0x0001b10f   Thumb Code     2  arm_startup_nrf51.o(.text)
    HardFault_Handler                        0x0001b111   Thumb Code     2  arm_startup_nrf51.o(.text)
    SVC_Handler                              0x0001b113   Thumb Code     2  arm_startup_nrf51.o(.text)
    PendSV_Handler                           0x0001b115   Thumb Code     2  arm_startup_nrf51.o(.text)
    SysTick_Handler                          0x0001b117   Thumb Code     2  arm_startup_nrf51.o(.text)
    ADC_IRQHandler                           0x0001b119   Thumb Code     0  arm_startup_nrf51.o(.text)
    CCM_AAR_IRQHandler                       0x0001b119   Thumb Code     0  arm_startup_nrf51.o(.text)
    ECB_IRQHandler                           0x0001b119   Thumb Code     0  arm_startup_nrf51.o(.text)
    LPCOMP_IRQHandler                        0x0001b119   Thumb Code     0  arm_startup_nrf51.o(.text)
    POWER_CLOCK_IRQHandler                   0x0001b119   Thumb Code     0  arm_startup_nrf51.o(.text)
    QDEC_IRQHandler                          0x0001b119   Thumb Code     0  arm_startup_nrf51.o(.text)
    RADIO_IRQHandler                         0x0001b119   Thumb Code     0  arm_startup_nrf51.o(.text)
    RNG_IRQHandler                           0x0001b119   Thumb Code     0  arm_startup_nrf51.o(.text)
    RTC0_IRQHandler                          0x0001b119   Thumb Code     0  arm_startup_nrf51.o(.text)
    SPI0_TWI0_IRQHandler                     0x0001b119   Thumb Code     0  arm_startup_nrf51.o(.text)
    SPI1_TWI1_IRQHandler                     0x0001b119   Thumb Code     0  arm_startup_nrf51.o(.text)
    SWI1_IRQHandler                          0x0001b119   Thumb Code     0  arm_startup_nrf51.o(.text)
    SWI3_IRQHandler                          0x0001b119   Thumb Code     0  arm_startup_nrf51.o(.text)
    SWI4_IRQHandler                          0x0001b119   Thumb Code     0  arm_startup_nrf51.o(.text)
    SWI5_IRQHandler                          0x0001b119   Thumb Code     0  arm_startup_nrf51.o(.text)
    TEMP_IRQHandler                          0x0001b119   Thumb Code     0  arm_startup_nrf51.o(.text)
    TIMER0_IRQHandler                        0x0001b119   Thumb Code     0  arm_startup_nrf51.o(.text)
    TIMER1_IRQHandler                        0x0001b119   Thumb Code     0  arm_startup_nrf51.o(.text)
    TIMER2_IRQHandler                        0x0001b119   Thumb Code     0  arm_startup_nrf51.o(.text)
    WDT_IRQHandler                           0x0001b119   Thumb Code     0  arm_startup_nrf51.o(.text)
    __aeabi_uidiv                            0x0001b12d   Thumb Code     0  uidiv.o(.text)
    __aeabi_uidivmod                         0x0001b12d   Thumb Code    44  uidiv.o(.text)
    __aeabi_idiv                             0x0001b159   Thumb Code     0  idiv.o(.text)
    __aeabi_idivmod                          0x0001b159   Thumb Code    40  idiv.o(.text)
    __aeabi_memcpy                           0x0001b181   Thumb Code    36  memcpya.o(.text)
    __aeabi_memcpy4                          0x0001b181   Thumb Code     0  memcpya.o(.text)
    __aeabi_memcpy8                          0x0001b181   Thumb Code     0  memcpya.o(.text)
    __aeabi_memset                           0x0001b1a5   Thumb Code    14  memseta.o(.text)
    __aeabi_memset4                          0x0001b1a5   Thumb Code     0  memseta.o(.text)
    __aeabi_memset8                          0x0001b1a5   Thumb Code     0  memseta.o(.text)
    __aeabi_memclr                           0x0001b1b3   Thumb Code     4  memseta.o(.text)
    __aeabi_memclr4                          0x0001b1b3   Thumb Code     0  memseta.o(.text)
    __aeabi_memclr8                          0x0001b1b3   Thumb Code     0  memseta.o(.text)
    _memset$wrapper                          0x0001b1b7   Thumb Code    18  memseta.o(.text)
    memcmp                                   0x0001b1c9   Thumb Code    26  memcmp.o(.text)
    __aeabi_dmul                             0x0001b1e5   Thumb Code   202  dmul.o(.text)
    __aeabi_ui2d                             0x0001b2b5   Thumb Code    24  dfltui.o(.text)
    __aeabi_d2uiz                            0x0001b2d1   Thumb Code    50  dfixui.o(.text)
    __aeabi_llsr                             0x0001b30d   Thumb Code    34  llushr.o(.text)
    _ll_ushift_r                             0x0001b30d   Thumb Code     0  llushr.o(.text)
    __I$use$fp                               0x0001b32f   Thumb Code     0  iusefp.o(.text)
    _double_round                            0x0001b32f   Thumb Code    26  depilogue.o(.text)
    _double_epilogue                         0x0001b349   Thumb Code   164  depilogue.o(.text)
    __scatterload                            0x0001b3ed   Thumb Code    28  init.o(.text)
    __scatterload_rt2                        0x0001b3ed   Thumb Code     0  init.o(.text)
    __aeabi_llsl                             0x0001b411   Thumb Code    32  llshl.o(.text)
    _ll_shift_l                              0x0001b411   Thumb Code     0  llshl.o(.text)
    __decompress                             0x0001b431   Thumb Code     0  __dczerorl2.o(.text)
    __decompress1                            0x0001b431   Thumb Code    86  __dczerorl2.o(.text)
    GPIOTE_IRQHandler                        0x0001b489   Thumb Code   484  nrf_drv_gpiote.o(i.GPIOTE_IRQHandler)
    RTC1_IRQHandler                          0x0001b7a9   Thumb Code    34  app_timer.o(i.RTC1_IRQHandler)
    SEGGER_RTT_ConfigDownBuffer              0x0001b7d1   Thumb Code    94  segger_rtt.o(i.SEGGER_RTT_ConfigDownBuffer)
    SEGGER_RTT_ConfigUpBuffer                0x0001b835   Thumb Code    94  segger_rtt.o(i.SEGGER_RTT_ConfigUpBuffer)
    SEGGER_RTT_Write                         0x0001b899   Thumb Code   306  segger_rtt.o(i.SEGGER_RTT_Write)
    SEGGER_RTT_WriteString                   0x0001b9d1   Thumb Code    26  segger_rtt.o(i.SEGGER_RTT_WriteString)
    SEGGER_RTT_printf                        0x0001b9eb   Thumb Code    28  segger_rtt_printf.o(i.SEGGER_RTT_printf)
    SEGGER_RTT_vprintf                       0x0001ba07   Thumb Code   520  segger_rtt_printf.o(i.SEGGER_RTT_vprintf)
    SWI0_IRQHandler                          0x0001bc0f   Thumb Code     8  app_timer.o(i.SWI0_IRQHandler)
    SWI2_IRQHandler                          0x0001bc19   Thumb Code    52  softdevice_handler.o(i.SWI2_IRQHandler)
    SystemInit                               0x0001bc55   Thumb Code    76  system_nrf51.o(i.SystemInit)
    UART0_IRQHandler                         0x0001bcb9   Thumb Code     8  nrf_drv_uart.o(i.UART0_IRQHandler)
    __ARM_clz                                0x0001bf35   Thumb Code    46  depilogue.o(i.__ARM_clz)
    __ARM_common_switch8                     0x0001bf63   Thumb Code    28  bsp.o(i.__ARM_common_switch8)
    __scatterload_copy                       0x0001bf7f   Thumb Code    14  handlers.o(i.__scatterload_copy)
    __scatterload_null                       0x0001bf8d   Thumb Code     2  handlers.o(i.__scatterload_null)
    __scatterload_zeroinit                   0x0001bf8f   Thumb Code    14  handlers.o(i.__scatterload_zeroinit)
    adv_data_encode                          0x0001bfbd   Thumb Code   500  ble_advdata.o(i.adv_data_encode)
    app_button_enable                        0x0001c2d5   Thumb Code    34  app_button.o(i.app_button_enable)
    app_button_init                          0x0001c301   Thumb Code   136  app_button.o(i.app_button_init)
    app_error_fault_handler                  0x0001c3ad   Thumb Code    26  app_error_weak.o(i.app_error_fault_handler)
    app_error_handler                        0x0001c3c9   Thumb Code    28  app_error.o(i.app_error_handler)
    app_error_save_and_stop                  0x0001c3e9   Thumb Code   132  app_error.o(i.app_error_save_and_stop)
    app_timer_create                         0x0001c4e5   Thumb Code    64  app_timer.o(i.app_timer_create)
    app_timer_init                           0x0001c529   Thumb Code   156  app_timer.o(i.app_timer_init)
    app_timer_start                          0x0001c5e1   Thumb Code    86  app_timer.o(i.app_timer_start)
    app_timer_stop                           0x0001c63d   Thumb Code    54  app_timer.o(i.app_timer_stop)
    ble_advdata_set                          0x0001c6cf   Thumb Code   152  ble_advdata.o(i.ble_advdata_set)
    ble_advertising_init                     0x0001c769   Thumb Code   328  ble_advertising.o(i.ble_advertising_init)
    ble_advertising_on_ble_evt               0x0001c8e9   Thumb Code   242  ble_advertising.o(i.ble_advertising_on_ble_evt)
    ble_advertising_on_sys_evt               0x0001c9f5   Thumb Code    70  ble_advertising.o(i.ble_advertising_on_sys_evt)
    ble_advertising_restart_without_whitelist 0x0001ca59   Thumb Code   110  ble_advertising.o(i.ble_advertising_restart_without_whitelist)
    ble_advertising_start                    0x0001cadd   Thumb Code   654  ble_advertising.o(i.ble_advertising_start)
    ble_conn_params_init                     0x0001cd99   Thumb Code    90  ble_conn_params.o(i.ble_conn_params_init)
    ble_conn_params_on_ble_evt               0x0001ce11   Thumb Code    62  ble_conn_params.o(i.ble_conn_params_on_ble_evt)
    bond_data_load                           0x0001cffd   Thumb Code    62  device_manager_peripheral.o(i.bond_data_load)
    bsp_btn_ble_init                         0x0001d04d   Thumb Code    54  bsp_btn_ble.o(i.bsp_btn_ble_init)
    bsp_btn_ble_on_ble_evt                   0x0001d08d   Thumb Code   122  bsp_btn_ble.o(i.bsp_btn_ble_on_ble_evt)
    bsp_btn_ble_sleep_mode_prepare           0x0001d111   Thumb Code    30  bsp_btn_ble.o(i.bsp_btn_ble_sleep_mode_prepare)
    bsp_button_is_pressed                    0x0001d209   Thumb Code    48  bsp.o(i.bsp_button_is_pressed)
    bsp_event_handler                        0x0001d241   Thumb Code   108  main.o(i.bsp_event_handler)
    bsp_event_to_button_action_assign        0x0001d2c1   Thumb Code    88  bsp.o(i.bsp_event_to_button_action_assign)
    bsp_indication_set                       0x0001d31d   Thumb Code    30  bsp.o(i.bsp_indication_set)
    bsp_init                                 0x0001d341   Thumb Code   166  bsp.o(i.bsp_init)
    bsp_wakeup_buttons_set                   0x0001d97d   Thumb Code    84  bsp.o(i.bsp_wakeup_buttons_set)
    dm_ble_evt_handler                       0x0001e5d5   Thumb Code  1588  device_manager_peripheral.o(i.dm_ble_evt_handler)
    dm_handle_initialize                     0x0001ec25   Thumb Code    24  device_manager_peripheral.o(i.dm_handle_initialize)
    dm_init                                  0x0001ec41   Thumb Code   230  device_manager_peripheral.o(i.dm_init)
    dm_register                              0x0001ef99   Thumb Code   176  device_manager_peripheral.o(i.dm_register)
    fs_queued_op_count_get                   0x0001f295   Thumb Code    20  fstorage.o(i.fs_queued_op_count_get)
    intern_softdevice_events_execute         0x0001f805   Thumb Code   168  softdevice_handler.o(i.intern_softdevice_events_execute)
    log_rtt_init                             0x0001fccd   Thumb Code    70  nrf_log.o(i.log_rtt_init)
    log_rtt_printf                           0x0001fd31   Thumb Code    32  nrf_log.o(i.log_rtt_printf)
    main                                     0x0001fd51   Thumb Code    96  main.o(i.main)
    nrf_drv_common_irq_enable                0x0001ff69   Thumb Code    48  nrf_drv_common.o(i.nrf_drv_common_irq_enable)
    nrf_drv_gpiote_in_event_enable           0x0001ffa1   Thumb Code   186  nrf_drv_gpiote.o(i.nrf_drv_gpiote_in_event_enable)
    nrf_drv_gpiote_in_init                   0x00020069   Thumb Code   228  nrf_drv_gpiote.o(i.nrf_drv_gpiote_in_init)
    nrf_drv_gpiote_in_is_set                 0x0002015d   Thumb Code    26  nrf_drv_gpiote.o(i.nrf_drv_gpiote_in_is_set)
    nrf_drv_gpiote_init                      0x0002017d   Thumb Code    76  nrf_drv_gpiote.o(i.nrf_drv_gpiote_init)
    nrf_drv_gpiote_is_init                   0x000201cd   Thumb Code    16  nrf_drv_gpiote.o(i.nrf_drv_gpiote_is_init)
    our_service_init                         0x000204c9   Thumb Code   132  our_service.o(i.our_service_init)
    print_evt                                0x000206ed   Thumb Code    62  msgs.o(i.print_evt)
    pstorage_access_status_get               0x00020759   Thumb Code    40  pstorage.o(i.pstorage_access_status_get)
    pstorage_block_identifier_get            0x00020789   Thumb Code   154  pstorage.o(i.pstorage_block_identifier_get)
    pstorage_clear                           0x0002082d   Thumb Code   270  pstorage.o(i.pstorage_clear)
    pstorage_init                            0x00020979   Thumb Code   104  pstorage.o(i.pstorage_init)
    pstorage_load                            0x00020a01   Thumb Code   242  pstorage.o(i.pstorage_load)
    pstorage_register                        0x00020afd   Thumb Code   270  pstorage.o(i.pstorage_register)
    pstorage_store                           0x00020c1d   Thumb Code   216  pstorage.o(i.pstorage_store)
    pstorage_sys_event_handler               0x00020cfd   Thumb Code    66  pstorage.o(i.pstorage_sys_event_handler)
    pstorage_update                          0x00020d49   Thumb Code   216  pstorage.o(i.pstorage_update)
    sd_check_ram_start                       0x00020f85   Thumb Code    52  softdevice_handler.o(i.sd_check_ram_start)
    softdevice_ble_evt_handler_set           0x00021249   Thumb Code    22  softdevice_handler.o(i.softdevice_ble_evt_handler_set)
    softdevice_enable                        0x00021265   Thumb Code    92  softdevice_handler.o(i.softdevice_enable)
    softdevice_enable_get_default_config     0x00021369   Thumb Code    46  softdevice_handler.o(i.softdevice_enable_get_default_config)
    softdevice_fault_handler                 0x00021397   Thumb Code    20  softdevice_handler.o(i.softdevice_fault_handler)
    softdevice_handler_init                  0x000213ad   Thumb Code    90  softdevice_handler.o(i.softdevice_handler_init)
    softdevice_sys_evt_handler_set           0x0002141d   Thumb Code    22  softdevice_handler.o(i.softdevice_sys_evt_handler_set)
    m_service_context_store                  0x000220cc   Data          16  device_manager_peripheral.o(.constdata)
    m_service_context_load                   0x000220dc   Data          16  device_manager_peripheral.o(.constdata)
    m_service_context_apply                  0x000220ec   Data          16  device_manager_peripheral.o(.constdata)
    m_context_init_len                       0x000220fc   Data           4  device_manager_peripheral.o(.constdata)
    Region$$Table$$Base                      0x000227c0   Number         0  anon$$obj.o(Region$$Table)
    Region$$Table$$Limit                     0x000227e0   Number         0  anon$$obj.o(Region$$Table)
    Image$$RW_IRAM1$$Base                    0x20002080   Number         0  anon$$obj.o ABSOLUTE
    nrf_nvic_state                           0x2000215c   Data           8  softdevice_handler.o(.data)
    msgs_adv_events                          0x2000217c   Data           4  msgs.o(.data)
    msgs_gap_events                          0x20002180   Data          60  msgs.o(.data)
    msgs_gatts_events                        0x200021bc   Data          24  msgs.o(.data)
    msgs_errors                              0x200021d4   Data          72  msgs.o(.data)
    msgs_disconnect_reasons                  0x2000221c   Data          20  msgs.o(.data)
    SystemCoreClock                          0x200022ac   Data           4  system_nrf51.o(.data)
    __initial_sp                             0x200039c8   Data           0  arm_startup_nrf51.o(STACK)



==============================================================================

Memory Map of the image

  Image Entry point : 0x0001b0c1

  Load Region LR_IROM1 (Base: 0x0001b000, Size: 0x00007a10, Max: 0x00025000, ABSOLUTE, COMPRESSED[0x0000789c])

    Execution Region ER_IROM1 (Base: 0x0001b000, Size: 0x000077e0, Max: 0x00025000, ABSOLUTE)

    Base Addr    Size         Type   Attr      Idx    E Section Name        Object

    0x0001b000   0x000000c0   Data   RO         3028    RESET               arm_startup_nrf51.o
    0x0001b0c0   0x00000000   Code   RO         3080  * .ARM.Collect$$$$00000000  mc_p.l(entry.o)
    0x0001b0c0   0x00000004   Code   RO         3103    .ARM.Collect$$$$00000001  mc_p.l(entry2.o)
    0x0001b0c4   0x00000004   Code   RO         3106    .ARM.Collect$$$$00000004  mc_p.l(entry5.o)
    0x0001b0c8   0x00000000   Code   RO         3108    .ARM.Collect$$$$00000008  mc_p.l(entry7b.o)
    0x0001b0c8   0x00000000   Code   RO         3110    .ARM.Collect$$$$0000000A  mc_p.l(entry8b.o)
    0x0001b0c8   0x00000008   Code   RO         3111    .ARM.Collect$$$$0000000B  mc_p.l(entry9a.o)
    0x0001b0d0   0x00000000   Code   RO         3113    .ARM.Collect$$$$0000000D  mc_p.l(entry10a.o)
    0x0001b0d0   0x00000000   Code   RO         3115    .ARM.Collect$$$$0000000F  mc_p.l(entry11a.o)
    0x0001b0d0   0x00000004   Code   RO         3104    .ARM.Collect$$$$00002712  mc_p.l(entry2.o)
    0x0001b0d4   0x0000001e   Code   RO         2231    .emb_text           app_timer.o
    0x0001b0f2   0x00000002   PAD
    0x0001b0f4   0x00000038   Code   RO         3029    .text               arm_startup_nrf51.o
    0x0001b12c   0x0000002c   Code   RO         3083    .text               mc_p.l(uidiv.o)
    0x0001b158   0x00000028   Code   RO         3085    .text               mc_p.l(idiv.o)
    0x0001b180   0x00000024   Code   RO         3087    .text               mc_p.l(memcpya.o)
    0x0001b1a4   0x00000024   Code   RO         3089    .text               mc_p.l(memseta.o)
    0x0001b1c8   0x0000001a   Code   RO         3093    .text               mc_p.l(memcmp.o)
    0x0001b1e2   0x00000002   PAD
    0x0001b1e4   0x000000d0   Code   RO         3097    .text               mf_p.l(dmul.o)
    0x0001b2b4   0x0000001c   Code   RO         3099    .text               mf_p.l(dfltui.o)
    0x0001b2d0   0x0000003c   Code   RO         3101    .text               mf_p.l(dfixui.o)
    0x0001b30c   0x00000022   Code   RO         3117    .text               mc_p.l(llushr.o)
    0x0001b32e   0x00000000   Code   RO         3119    .text               mc_p.l(iusefp.o)
    0x0001b32e   0x000000be   Code   RO         3120    .text               mf_p.l(depilogue.o)
    0x0001b3ec   0x00000024   Code   RO         3124    .text               mc_p.l(init.o)
    0x0001b410   0x00000020   Code   RO         3126    .text               mc_p.l(llshl.o)
    0x0001b430   0x00000056   Code   RO         3136    .text               mc_p.l(__dczerorl2.o)
    0x0001b486   0x00000002   PAD
    0x0001b488   0x000001f4   Code   RO         1334    i.GPIOTE_IRQHandler  nrf_drv_gpiote.o
    0x0001b67c   0x00000014   Code   RO         2232    i.NVIC_ClearPendingIRQ  app_timer.o
    0x0001b690   0x00000014   Code   RO         2233    i.NVIC_EnableIRQ    app_timer.o
    0x0001b6a4   0x00000014   Code   RO         2234    i.NVIC_SetPendingIRQ  app_timer.o
    0x0001b6b8   0x00000078   Code   RO         1296    i.NVIC_SetPriority  nrf_drv_common.o
    0x0001b730   0x00000078   Code   RO         2235    i.NVIC_SetPriority  app_timer.o
    0x0001b7a8   0x00000028   Code   RO         2236    i.RTC1_IRQHandler   app_timer.o
    0x0001b7d0   0x00000064   Code   RO         2906    i.SEGGER_RTT_ConfigDownBuffer  segger_rtt.o
    0x0001b834   0x00000064   Code   RO         2907    i.SEGGER_RTT_ConfigUpBuffer  segger_rtt.o
    0x0001b898   0x00000138   Code   RO         2915    i.SEGGER_RTT_Write  segger_rtt.o
    0x0001b9d0   0x0000001a   Code   RO         2916    i.SEGGER_RTT_WriteString  segger_rtt.o
    0x0001b9ea   0x0000001c   Code   RO         2992    i.SEGGER_RTT_printf  segger_rtt_printf.o
    0x0001ba06   0x00000208   Code   RO         2993    i.SEGGER_RTT_vprintf  segger_rtt_printf.o
    0x0001bc0e   0x00000008   Code   RO         2237    i.SWI0_IRQHandler   app_timer.o
    0x0001bc16   0x00000002   PAD
    0x0001bc18   0x0000003c   Code   RO         2763    i.SWI2_IRQHandler   softdevice_handler.o
    0x0001bc54   0x00000064   Code   RO         3036    i.SystemInit        system_nrf51.o
    0x0001bcb8   0x00000008   Code   RO         1569    i.UART0_IRQHandler  nrf_drv_uart.o
    0x0001bcc0   0x00000002   Code   RO         2917    i._Init             segger_rtt.o
    0x0001bcc2   0x0000010c   Code   RO         2994    i._PrintInt         segger_rtt_printf.o
    0x0001bdce   0x00000002   PAD
    0x0001bdd0   0x00000120   Code   RO         2995    i._PrintUnsigned    segger_rtt_printf.o
    0x0001bef0   0x00000044   Code   RO         2996    i._StoreChar        segger_rtt_printf.o
    0x0001bf34   0x0000002e   Code   RO         3122    i.__ARM_clz         mf_p.l(depilogue.o)
    0x0001bf62   0x0000001c   Code   RO          481    i.__ARM_common_switch8  bsp.o
    0x0001bf7e   0x0000000e   Code   RO         3130    i.__scatterload_copy  mc_p.l(handlers.o)
    0x0001bf8c   0x00000002   Code   RO         3131    i.__scatterload_null  mc_p.l(handlers.o)
    0x0001bf8e   0x0000000e   Code   RO         3132    i.__scatterload_zeroinit  mc_p.l(handlers.o)
    0x0001bf9c   0x00000020   Code   RO         2918    i._strlen           segger_rtt.o
    0x0001bfbc   0x000001f4   Code   RO          559    i.adv_data_encode   ble_advdata.o
    0x0001c1b0   0x00000014   Code   RO          560    i.advdata_check     ble_advdata.o
    0x0001c1c4   0x0000005a   Code   RO          507    i.advertising_buttons_configure  bsp_btn_ble.o
    0x0001c21e   0x00000002   PAD
    0x0001c220   0x00000090   Code   RO            3    i.advertising_init  main.o
    0x0001c2b0   0x00000024   Code   RO          389    i.alert_timer_handler  bsp.o
    0x0001c2d4   0x0000002c   Code   RO         2118    i.app_button_enable  app_button.o
    0x0001c300   0x000000ac   Code   RO         2119    i.app_button_init   app_button.o
    0x0001c3ac   0x0000001a   Code   RO         2211    i.app_error_fault_handler  app_error_weak.o
    0x0001c3c6   0x00000002   PAD
    0x0001c3c8   0x00000020   Code   RO         2175    i.app_error_handler  app_error.o
    0x0001c3e8   0x0000008c   Code   RO         2177    i.app_error_save_and_stop  app_error.o
    0x0001c474   0x0000001c   Code   RO          914    i.app_evt_notify    device_manager_peripheral.o
    0x0001c490   0x00000030   Code   RO         1787    i.app_notify        pstorage.o
    0x0001c4c0   0x00000024   Code   RO         1788    i.app_notify_error_state_transit  pstorage.o
    0x0001c4e4   0x00000044   Code   RO         2240    i.app_timer_create  app_timer.o
    0x0001c528   0x000000b8   Code   RO         2241    i.app_timer_init    app_timer.o
    0x0001c5e0   0x0000005c   Code   RO         2242    i.app_timer_start   app_timer.o
    0x0001c63c   0x0000003c   Code   RO         2243    i.app_timer_stop    app_timer.o
    0x0001c678   0x00000054   Code   RO          561    i.appearance_encode  ble_advdata.o
    0x0001c6cc   0x00000002   Code   RO            4    i.application_timers_start  main.o
    0x0001c6ce   0x00000098   Code   RO          562    i.ble_advdata_set   ble_advdata.o
    0x0001c766   0x00000002   PAD
    0x0001c768   0x00000180   Code   RO          677    i.ble_advertising_init  ble_advertising.o
    0x0001c8e8   0x0000010c   Code   RO          678    i.ble_advertising_on_ble_evt  ble_advertising.o
    0x0001c9f4   0x00000054   Code   RO          679    i.ble_advertising_on_sys_evt  ble_advertising.o
    0x0001ca48   0x00000010   Code   RO          681    i.ble_advertising_peer_address_clear  ble_advertising.o
    0x0001ca58   0x00000084   Code   RO          682    i.ble_advertising_restart_without_whitelist  ble_advertising.o
    0x0001cadc   0x000002bc   Code   RO          683    i.ble_advertising_start  ble_advertising.o
    0x0001cd98   0x00000078   Code   RO          778    i.ble_conn_params_init  ble_conn_params.o
    0x0001ce10   0x0000003e   Code   RO          779    i.ble_conn_params_on_ble_evt  ble_conn_params.o
    0x0001ce4e   0x00000070   Code   RO          563    i.ble_device_addr_encode  ble_advdata.o
    0x0001cebe   0x00000024   Code   RO            6    i.ble_evt_dispatch  main.o
    0x0001cee2   0x00000002   PAD
    0x0001cee4   0x00000118   Code   RO            7    i.ble_stack_init    main.o
    0x0001cffc   0x00000050   Code   RO          915    i.bond_data_load    device_manager_peripheral.o
    0x0001d04c   0x00000040   Code   RO          508    i.bsp_btn_ble_init  bsp_btn_ble.o
    0x0001d08c   0x00000084   Code   RO          509    i.bsp_btn_ble_on_ble_evt  bsp_btn_ble.o
    0x0001d110   0x0000001e   Code   RO          510    i.bsp_btn_ble_sleep_mode_prepare  bsp_btn_ble.o
    0x0001d12e   0x00000002   PAD
    0x0001d130   0x000000d8   Code   RO          390    i.bsp_button_event_handler  bsp.o
    0x0001d208   0x00000038   Code   RO          391    i.bsp_button_is_pressed  bsp.o
    0x0001d240   0x00000080   Code   RO            8    i.bsp_event_handler  main.o
    0x0001d2c0   0x0000005c   Code   RO          395    i.bsp_event_to_button_action_assign  bsp.o
    0x0001d31c   0x00000024   Code   RO          396    i.bsp_indication_set  bsp.o
    0x0001d340   0x000000d4   Code   RO          398    i.bsp_init          bsp.o
    0x0001d414   0x00000568   Code   RO          399    i.bsp_led_indication  bsp.o
    0x0001d97c   0x0000005c   Code   RO          400    i.bsp_wakeup_buttons_set  bsp.o
    0x0001d9d8   0x0000000e   Code   RO          401    i.button_timer_handler  bsp.o
    0x0001d9e6   0x00000002   PAD
    0x0001d9e8   0x00000078   Code   RO            9    i.buttons_leds_init  main.o
    0x0001da60   0x00000020   Code   RO         1335    i.channel_free      nrf_drv_gpiote.o
    0x0001da80   0x00000010   Code   RO         1336    i.channel_handler_get  nrf_drv_gpiote.o
    0x0001da90   0x00000078   Code   RO         1337    i.channel_port_alloc  nrf_drv_gpiote.o
    0x0001db08   0x0000000c   Code   RO         1338    i.channel_port_get  nrf_drv_gpiote.o
    0x0001db14   0x00000114   Code   RO         1789    i.clear_operation_execute  pstorage.o
    0x0001dc28   0x00000028   Code   RO         1790    i.clear_post_processing_run  pstorage.o
    0x0001dc50   0x00000048   Code   RO         1791    i.cmd_process       pstorage.o
    0x0001dc98   0x00000014   Code   RO         1792    i.cmd_queue_dequeue  pstorage.o
    0x0001dcac   0x0000003c   Code   RO         1793    i.cmd_queue_element_init  pstorage.o
    0x0001dce8   0x00000084   Code   RO         1794    i.cmd_queue_enqueue  pstorage.o
    0x0001dd6c   0x00000020   Code   RO         1795    i.cmd_queue_init    pstorage.o
    0x0001dd8c   0x00000028   Code   RO         1796    i.command_end_procedure_run  pstorage.o
    0x0001ddb4   0x0000002c   Code   RO         1797    i.command_queue_element_consume  pstorage.o
    0x0001dde0   0x0000008c   Code   RO         2245    i.compare_reg_update  app_timer.o
    0x0001de6c   0x0000005c   Code   RO          564    i.conn_int_check    ble_advdata.o
    0x0001dec8   0x0000006a   Code   RO          565    i.conn_int_encode   ble_advdata.o
    0x0001df32   0x00000002   PAD
    0x0001df34   0x00000024   Code   RO           10    i.conn_params_error_handler  main.o
    0x0001df58   0x0000006c   Code   RO           11    i.conn_params_init  main.o
    0x0001dfc4   0x00000094   Code   RO          781    i.conn_params_negotiation  ble_conn_params.o
    0x0001e058   0x0000005a   Code   RO          511    i.connection_buttons_configure  bsp_btn_ble.o
    0x0001e0b2   0x00000002   PAD
    0x0001e0b4   0x00000048   Code   RO          916    i.connection_instance_find  device_manager_peripheral.o
    0x0001e0fc   0x00000038   Code   RO          917    i.connection_instance_init  device_manager_peripheral.o
    0x0001e134   0x0000005c   Code   RO         2246    i.current_int_priority_get  app_timer.o
    0x0001e190   0x00000084   Code   RO         1798    i.data_page_erase_state_run  pstorage.o
    0x0001e214   0x00000038   Code   RO         1799    i.data_to_swap_write_state_run  pstorage.o
    0x0001e24c   0x0000008c   Code   RO         2121    i.detection_delay_timeout_handler  app_button.o
    0x0001e2d8   0x000000d0   Code   RO          918    i.device_context_store  device_manager_peripheral.o
    0x0001e3a8   0x0000007c   Code   RO          919    i.device_instance_allocate  device_manager_peripheral.o
    0x0001e424   0x00000058   Code   RO          920    i.device_instance_find  device_manager_peripheral.o
    0x0001e47c   0x00000030   Code   RO          921    i.device_instance_free  device_manager_peripheral.o
    0x0001e4ac   0x00000038   Code   RO           12    i.device_manager_evt_handler  main.o
    0x0001e4e4   0x000000f0   Code   RO           13    i.device_manager_init  main.o
    0x0001e5d4   0x00000650   Code   RO          926    i.dm_ble_evt_handler  device_manager_peripheral.o
    0x0001ec24   0x0000001c   Code   RO          932    i.dm_handle_initialize  device_manager_peripheral.o
    0x0001ec40   0x00000108   Code   RO          933    i.dm_init           device_manager_peripheral.o
    0x0001ed48   0x00000250   Code   RO          936    i.dm_pstorage_cb_handler  device_manager_peripheral.o
    0x0001ef98   0x000000bc   Code   RO          937    i.dm_register       device_manager_peripheral.o
    0x0001f054   0x00000064   Code   RO         2247    i.elapsed_ticks_acquire  app_timer.o
    0x0001f0b8   0x00000044   Code   RO         1800    i.erase_sub_state_sm_run  pstorage.o
    0x0001f0fc   0x0000005c   Code   RO         2248    i.expired_timers_handler  app_timer.o
    0x0001f158   0x00000036   Code   RO          566    i.flags_encode      ble_advdata.o
    0x0001f18e   0x0000003c   Code   RO          685    i.flash_access_in_progress  ble_advertising.o
    0x0001f1ca   0x00000002   PAD
    0x0001f1cc   0x00000030   Code   RO         1801    i.flash_api_err_code_process  pstorage.o
    0x0001f1fc   0x00000040   Code   RO         1802    i.flash_operation_failure_run  pstorage.o
    0x0001f23c   0x00000030   Code   RO         1803    i.flash_operation_success_run  pstorage.o
    0x0001f26c   0x00000010   Code   RO         1804    i.flash_page_erase  pstorage.o
    0x0001f27c   0x00000018   Code   RO         1805    i.flash_write       pstorage.o
    0x0001f294   0x00000018   Code   RO         2528    i.fs_queued_op_count_get  fstorage.o
    0x0001f2ac   0x0000014c   Code   RO         2873    i.gap_event_decode  msgs.o
    0x0001f3f8   0x00000098   Code   RO           14    i.gap_params_init   main.o
    0x0001f490   0x00000006   Code   RO          944    i.gattc_context_apply  device_manager_peripheral.o
    0x0001f496   0x00000006   Code   RO          945    i.gattc_context_load  device_manager_peripheral.o
    0x0001f49c   0x00000006   Code   RO          946    i.gattc_context_store  device_manager_peripheral.o
    0x0001f4a2   0x00000002   PAD
    0x0001f4a4   0x000000f4   Code   RO          947    i.gatts_context_apply  device_manager_peripheral.o
    0x0001f598   0x00000048   Code   RO          948    i.gatts_context_load  device_manager_peripheral.o
    0x0001f5e0   0x000000dc   Code   RO          949    i.gatts_context_store  device_manager_peripheral.o
    0x0001f6bc   0x0000001a   Code   RO          950    i.gattsc_context_apply  device_manager_peripheral.o
    0x0001f6d6   0x0000001e   Code   RO          951    i.gattsc_context_load  device_manager_peripheral.o
    0x0001f6f4   0x0000001e   Code   RO          952    i.gattsc_context_store  device_manager_peripheral.o
    0x0001f712   0x00000002   PAD
    0x0001f714   0x00000080   Code   RO         2122    i.gpiote_event_handler  app_button.o
    0x0001f794   0x00000070   Code   RO         1806    i.head_restore_state_run  pstorage.o
    0x0001f804   0x000000c0   Code   RO         2764    i.intern_softdevice_events_execute  softdevice_handler.o
    0x0001f8c4   0x00000024   Code   RO          782    i.is_conn_params_ok  ble_conn_params.o
    0x0001f8e8   0x00000038   Code   RO         3037    i.is_disabled_in_debug_needed  system_nrf51.o
    0x0001f920   0x0000006c   Code   RO         3038    i.is_manual_peripheral_setup_needed  system_nrf51.o
    0x0001f98c   0x00000058   Code   RO         1807    i.is_page_erase_required  pstorage.o
    0x0001f9e4   0x00000054   Code   RO         3039    i.is_peripheral_domain_setup_needed  system_nrf51.o
    0x0001fa38   0x00000050   Code   RO         1808    i.is_tail_data_page_swap_required  pstorage.o
    0x0001fa88   0x00000012   Code   RO         1809    i.is_word_aligned   pstorage.o
    0x0001fa9a   0x0000006a   Code   RO          567    i.le_role_encode    ble_advdata.o
    0x0001fb04   0x00000024   Code   RO          402    i.leds_timer_handler  bsp.o
    0x0001fb28   0x00000094   Code   RO         2249    i.list_deletions_handler  app_timer.o
    0x0001fbbc   0x00000110   Code   RO         2250    i.list_insertions_handler  app_timer.o
    0x0001fccc   0x00000064   Code   RO         2648    i.log_rtt_init      nrf_log.o
    0x0001fd30   0x00000020   Code   RO         2649    i.log_rtt_printf    nrf_log.o
    0x0001fd50   0x000000a8   Code   RO           15    i.main              main.o
    0x0001fdf8   0x00000020   Code   RO         1810    i.main_state_err_busy_process  pstorage.o
    0x0001fe18   0x00000078   Code   RO          568    i.manuf_specific_data_encode  ble_advdata.o
    0x0001fe90   0x000000c6   Code   RO          569    i.name_encode       ble_advdata.o
    0x0001ff56   0x00000006   Code   RO          953    i.no_service_context_apply  device_manager_peripheral.o
    0x0001ff5c   0x00000006   Code   RO          954    i.no_service_context_load  device_manager_peripheral.o
    0x0001ff62   0x00000006   Code   RO          955    i.no_service_context_store  device_manager_peripheral.o
    0x0001ff68   0x00000038   Code   RO         1297    i.nrf_drv_common_irq_enable  nrf_drv_common.o
    0x0001ffa0   0x000000c8   Code   RO         1341    i.nrf_drv_gpiote_in_event_enable  nrf_drv_gpiote.o
    0x00020068   0x000000f4   Code   RO         1342    i.nrf_drv_gpiote_in_init  nrf_drv_gpiote.o
    0x0002015c   0x00000020   Code   RO         1343    i.nrf_drv_gpiote_in_is_set  nrf_drv_gpiote.o
    0x0002017c   0x00000050   Code   RO         1345    i.nrf_drv_gpiote_init  nrf_drv_gpiote.o
    0x000201cc   0x00000014   Code   RO         1346    i.nrf_drv_gpiote_is_init  nrf_drv_gpiote.o
    0x000201e0   0x00000026   Code   RO         1358    i.nrf_gpio_cfg      nrf_drv_gpiote.o
    0x00020206   0x00000046   Code   RO         1360    i.nrf_gpio_cfg_sense_set  nrf_drv_gpiote.o
    0x0002024c   0x0000000c   Code   RO         1363    i.nrf_gpiote_event_addr_get  nrf_drv_gpiote.o
    0x00020258   0x00000010   Code   RO         1364    i.nrf_gpiote_event_clear  nrf_drv_gpiote.o
    0x00020268   0x00000016   Code   RO         1365    i.nrf_gpiote_event_is_set  nrf_drv_gpiote.o
    0x0002027e   0x00000002   PAD
    0x00020280   0x0000000c   Code   RO         1366    i.nrf_gpiote_int_enable  nrf_drv_gpiote.o
    0x0002028c   0x00000014   Code   RO         1588    i.nrf_uart_errorsrc_get_and_clear  nrf_drv_uart.o
    0x000202a0   0x00000010   Code   RO         1589    i.nrf_uart_event_check  nrf_drv_uart.o
    0x000202b0   0x00000006   Code   RO         1590    i.nrf_uart_event_clear  nrf_drv_uart.o
    0x000202b6   0x0000000a   Code   RO         1592    i.nrf_uart_int_disable  nrf_drv_uart.o
    0x000202c0   0x00000018   Code   RO         1594    i.nrf_uart_int_enable_check  nrf_drv_uart.o
    0x000202d8   0x00000006   Code   RO         1595    i.nrf_uart_task_trigger  nrf_drv_uart.o
    0x000202de   0x00000002   PAD
    0x000202e0   0x0000004c   Code   RO           16    i.on_adv_evt        main.o
    0x0002032c   0x00000064   Code   RO           17    i.on_ble_evt        main.o
    0x00020390   0x00000044   Code   RO           18    i.on_conn_params_evt  main.o
    0x000203d4   0x00000018   Code   RO          783    i.on_conn_params_update  ble_conn_params.o
    0x000203ec   0x0000003c   Code   RO          784    i.on_connect        ble_conn_params.o
    0x00020428   0x00000044   Code   RO          785    i.on_disconnect     ble_conn_params.o
    0x0002046c   0x0000005c   Code   RO          786    i.on_write          ble_conn_params.o
    0x000204c8   0x00000114   Code   RO          328    i.our_service_init  our_service.o
    0x000205dc   0x0000001a   Code   RO          686    i.peer_address_exists  ble_advertising.o
    0x000205f6   0x00000002   PAD
    0x000205f8   0x0000005c   Code   RO          956    i.peer_instance_init  device_manager_peripheral.o
    0x00020654   0x0000001c   Code   RO         1368    i.pin_in_use_by_gpiote  nrf_drv_gpiote.o
    0x00020670   0x00000018   Code   RO         1369    i.pin_in_use_by_port  nrf_drv_gpiote.o
    0x00020688   0x00000020   Code   RO         1370    i.pin_in_use_by_te  nrf_drv_gpiote.o
    0x000206a8   0x00000010   Code   RO         1371    i.pin_in_use_clear  nrf_drv_gpiote.o
    0x000206b8   0x00000034   Code   RO           19    i.power_manage      main.o
    0x000206ec   0x0000006c   Code   RO         2875    i.print_evt         msgs.o
    0x00020758   0x00000030   Code   RO         1811    i.pstorage_access_status_get  pstorage.o
    0x00020788   0x000000a4   Code   RO         1812    i.pstorage_block_identifier_get  pstorage.o
    0x0002082c   0x00000118   Code   RO         1813    i.pstorage_clear    pstorage.o
    0x00020944   0x00000028   Code   RO         1814    i.pstorage_flash_page_end  pstorage.o
    0x0002096c   0x0000000a   Code   RO         1815    i.pstorage_flash_page_size  pstorage.o
    0x00020976   0x00000002   PAD
    0x00020978   0x00000088   Code   RO         1816    i.pstorage_init     pstorage.o
    0x00020a00   0x000000fc   Code   RO         1817    i.pstorage_load     pstorage.o
    0x00020afc   0x00000120   Code   RO         1818    i.pstorage_register  pstorage.o
    0x00020c1c   0x000000e0   Code   RO         1819    i.pstorage_store    pstorage.o
    0x00020cfc   0x0000004c   Code   RO         1820    i.pstorage_sys_event_handler  pstorage.o
    0x00020d48   0x000000e0   Code   RO         1821    i.pstorage_update   pstorage.o
    0x00020e28   0x00000016   Code   RO         2765    i.ram_end_address_get  softdevice_handler.o
    0x00020e3e   0x00000002   PAD
    0x00020e40   0x0000000c   Code   RO         2251    i.rtc1_compare0_set  app_timer.o
    0x00020e4c   0x0000000c   Code   RO         2252    i.rtc1_counter_get  app_timer.o
    0x00020e58   0x00000018   Code   RO         2253    i.rtc1_init         app_timer.o
    0x00020e70   0x0000003c   Code   RO         2254    i.rtc1_start        app_timer.o
    0x00020eac   0x00000058   Code   RO         2255    i.rtc1_stop         app_timer.o
    0x00020f04   0x0000005c   Code   RO         1598    i.rx_byte           nrf_drv_uart.o
    0x00020f60   0x00000024   Code   RO         1599    i.rx_done_event     nrf_drv_uart.o
    0x00020f84   0x00000094   Code   RO         2766    i.sd_check_ram_start  softdevice_handler.o
    0x00021018   0x000000d0   Code   RO         2767    i.sd_nvic_EnableIRQ  softdevice_handler.o
    0x000210e8   0x00000036   Code   RO          570    i.sec_mgr_oob_flags_encode  ble_advdata.o
    0x0002111e   0x00000096   Code   RO          571    i.service_data_encode  ble_advdata.o
    0x000211b4   0x00000010   Code   RO           20    i.services_init     main.o
    0x000211c4   0x00000070   Code   RO           21    i.sleep_mode_enter  main.o
    0x00021234   0x00000014   Code   RO         1822    i.sm_state_change   pstorage.o
    0x00021248   0x0000001c   Code   RO         2768    i.softdevice_ble_evt_handler_set  softdevice_handler.o
    0x00021264   0x00000104   Code   RO         2769    i.softdevice_enable  softdevice_handler.o
    0x00021368   0x0000002e   Code   RO         2770    i.softdevice_enable_get_default_config  softdevice_handler.o
    0x00021396   0x00000014   Code   RO         2771    i.softdevice_fault_handler  softdevice_handler.o
    0x000213aa   0x00000002   PAD
    0x000213ac   0x00000070   Code   RO         2772    i.softdevice_handler_init  softdevice_handler.o
    0x0002141c   0x0000001c   Code   RO         2775    i.softdevice_sys_evt_handler_set  softdevice_handler.o
    0x00021438   0x00000010   Code   RO          572    i.srdata_check      ble_advdata.o
    0x00021448   0x00000054   Code   RO          512    i.startup_event_extract  bsp_btn_ble.o
    0x0002149c   0x00000010   Code   RO         1823    i.state_data_erase_entry_run  pstorage.o
    0x000214ac   0x00000098   Code   RO         1824    i.state_data_erase_swap_entry_run  pstorage.o
    0x00021544   0x0000003c   Code   RO         1825    i.state_entry_action_run  pstorage.o
    0x00021580   0x00000010   Code   RO         1826    i.state_erase_data_page_entry_run  pstorage.o
    0x00021590   0x0000001c   Code   RO         1827    i.state_idle_entry_run  pstorage.o
    0x000215ac   0x00000034   Code   RO         1828    i.state_restore_head_entry_run  pstorage.o
    0x000215e0   0x00000054   Code   RO         1829    i.state_restore_tail_entry_run  pstorage.o
    0x00021634   0x00000008   Code   RO         1830    i.state_store_entry_run  pstorage.o
    0x0002163c   0x00000026   Code   RO         1831    i.state_swap_erase_entry_run  pstorage.o
    0x00021662   0x00000002   PAD
    0x00021664   0x00000034   Code   RO         1832    i.state_write_data_swap_entry_run  pstorage.o
    0x00021698   0x00000008   Code   RO          957    i.storage_operation_dummy_handler  device_manager_peripheral.o
    0x000216a0   0x00000064   Code   RO         1833    i.store_cmd_flash_write_execute  pstorage.o
    0x00021704   0x0000000a   Code   RO         1834    i.store_operation_execute  pstorage.o
    0x0002170e   0x00000002   PAD
    0x00021710   0x0000004c   Code   RO         1835    i.store_sub_state_sm_run  pstorage.o
    0x0002175c   0x00000020   Code   RO         1836    i.swap_erase_state_run  pstorage.o
    0x0002177c   0x00000008   Code   RO         1837    i.swap_sub_sm_exit_action_run  pstorage.o
    0x00021784   0x00000018   Code   RO         1838    i.swap_sub_state_entry_action_run  pstorage.o
    0x0002179c   0x00000020   Code   RO         1839    i.swap_sub_state_err_busy_process  pstorage.o
    0x000217bc   0x00000018   Code   RO         1840    i.swap_sub_state_sm_run  pstorage.o
    0x000217d4   0x00000014   Code   RO         1841    i.swap_sub_state_state_change  pstorage.o
    0x000217e8   0x00000012   Code   RO           22    i.sys_evt_dispatch  main.o
    0x000217fa   0x00000002   PAD
    0x000217fc   0x00000020   Code   RO         1842    i.tail_restore_state_run  pstorage.o
    0x0002181c   0x00000058   Code   RO         1843    i.tail_word_size_calculate  pstorage.o
    0x00021874   0x0000000a   Code   RO         2256    i.ticks_diff_get    app_timer.o
    0x0002187e   0x00000002   PAD
    0x00021880   0x0000007c   Code   RO         2257    i.timeout_handler_exec  app_timer.o
    0x000218fc   0x00000058   Code   RO         2258    i.timer_list_handler  app_timer.o
    0x00021954   0x0000000a   Code   RO         2259    i.timer_list_handler_sched  app_timer.o
    0x0002195e   0x00000002   PAD
    0x00021960   0x0000006c   Code   RO         2260    i.timer_list_insert  app_timer.o
    0x000219cc   0x00000070   Code   RO         2261    i.timer_list_remove  app_timer.o
    0x00021a3c   0x00000058   Code   RO         2262    i.timer_start_op_schedule  app_timer.o
    0x00021a94   0x00000040   Code   RO         2264    i.timer_stop_op_schedule  app_timer.o
    0x00021ad4   0x00000094   Code   RO         2265    i.timer_timeouts_check  app_timer.o
    0x00021b68   0x0000000a   Code   RO         2266    i.timer_timeouts_check_sched  app_timer.o
    0x00021b72   0x00000002   PAD
    0x00021b74   0x00000044   Code   RO           23    i.timers_init       main.o
    0x00021bb8   0x00000046   Code   RO          573    i.tk_value_encode   ble_advdata.o
    0x00021bfe   0x00000002   PAD
    0x00021c00   0x00000038   Code   RO         1601    i.tx_byte           nrf_drv_uart.o
    0x00021c38   0x0000002c   Code   RO         1602    i.tx_done_event     nrf_drv_uart.o
    0x00021c64   0x00000036   Code   RO          574    i.tx_power_level_encode  ble_advdata.o
    0x00021c9a   0x00000002   PAD
    0x00021c9c   0x00000174   Code   RO         1603    i.uart_irq_handler  nrf_drv_uart.o
    0x00021e10   0x00000012   Code   RO          575    i.uint16_encode     ble_advdata.o
    0x00021e22   0x00000008   Code   RO         1844    i.update_operation_execute  pstorage.o
    0x00021e2a   0x00000002   PAD
    0x00021e2c   0x00000014   Code   RO          958    i.update_status_bit_reset  device_manager_peripheral.o
    0x00021e40   0x0000009c   Code   RO          787    i.update_timeout_handler  ble_conn_params.o
    0x00021edc   0x00000022   Code   RO         2267    i.user_id_get       app_timer.o
    0x00021efe   0x0000002e   Code   RO         2268    i.user_op_alloc     app_timer.o
    0x00021f2c   0x00000004   Code   RO         2269    i.user_op_enque     app_timer.o
    0x00021f30   0x0000004c   Code   RO          576    i.uuid_list_encode  ble_advdata.o
    0x00021f7c   0x000000e0   Code   RO          577    i.uuid_list_sized_encode  ble_advdata.o
    0x0002205c   0x00000016   Code   RO          687    i.whitelist_has_entries  ble_advertising.o
    0x00022072   0x00000002   PAD
    0x00022074   0x00000008   Data   RO           25    .constdata          main.o
    0x0002207c   0x00000010   Data   RO          329    .constdata          our_service.o
    0x0002208c   0x0000003c   Data   RO          404    .constdata          bsp.o
    0x000220c8   0x00000004   Data   RO          789    .constdata          ble_conn_params.o
    0x000220cc   0x00000034   Data   RO          960    .constdata          device_manager_peripheral.o
    0x00022100   0x00000028   Data   RO         1846    .constdata          pstorage.o
    0x00022128   0x00000008   Data   RO         2124    .constdata          app_button.o
    0x00022130   0x00000010   Data   RO         2997    .constdata          segger_rtt_printf.o
    0x00022140   0x0000004c   Data   RO          961    .conststring        device_manager_peripheral.o
    0x0002218c   0x00000057   Data   RO         2776    .conststring        softdevice_handler.o
    0x000221e3   0x00000001   PAD
    0x000221e4   0x000005ce   Data   RO         2876    .conststring        msgs.o
    0x000227b2   0x00000002   PAD
    0x000227b4   0x00000009   Data   RO         2920    .conststring        segger_rtt.o
    0x000227bd   0x00000003   PAD
    0x000227c0   0x00000020   Data   RO         3128    Region$$Table       anon$$obj.o


    Execution Region RW_IRAM1 (Base: 0x20002080, Size: 0x00001948, Max: 0x00005f80, ABSOLUTE, COMPRESSED[0x000000bc])

    Base Addr    Size         Type   Attr      Idx    E Section Name        Object

    0x20002080   0x00000006   Data   RW           26    .data               main.o
    0x20002086   0x00000002   PAD
    0x20002088   0x00000019   Data   RW          405    .data               bsp.o
    0x200020a1   0x00000003   PAD
    0x200020a4   0x00000008   Data   RW          513    .data               bsp_btn_ble.o
    0x200020ac   0x00000020   Data   RW          689    .data               ble_advertising.o
    0x200020cc   0x00000015   Data   RW          790    .data               ble_conn_params.o
    0x200020e1   0x00000003   PAD
    0x200020e4   0x00000014   Data   RW          962    .data               device_manager_peripheral.o
    0x200020f8   0x00000028   Data   RW         1847    .data               pstorage.o
    0x20002120   0x00000014   Data   RW         2125    .data               app_button.o
    0x20002134   0x00000022   Data   RW         2270    .data               app_timer.o
    0x20002156   0x00000004   Data   RW         2654    .data               nrf_log.o
    0x2000215a   0x00000002   PAD
    0x2000215c   0x00000020   Data   RW         2777    .data               softdevice_handler.o
    0x2000217c   0x000000b4   Data   RW         2877    .data               msgs.o
    0x20002230   0x00000079   Data   RW         2921    .data               segger_rtt.o
    0x200022a9   0x00000003   PAD
    0x200022ac   0x00000004   Data   RW         3040    .data               system_nrf51.o
    0x200022b0   0x00000210   Zero   RW           24    .bss                main.o
    0x200024c0   0x0000006c   Zero   RW          403    .bss                bsp.o
    0x2000252c   0x00000103   Zero   RW          688    .bss                ble_advertising.o
    0x2000262f   0x00000001   PAD
    0x20002630   0x0000003c   Zero   RW          788    .bss                ble_conn_params.o
    0x2000266c   0x0000014f   Zero   RW          959    .bss                device_manager_peripheral.o
    0x200027bb   0x00000001   PAD
    0x200027bc   0x00000048   Zero   RW         1372    .bss                nrf_drv_gpiote.o
    0x20002804   0x0000001c   Zero   RW         1604    .bss                nrf_drv_uart.o
    0x20002820   0x000000e4   Zero   RW         1845    .bss                pstorage.o
    0x20002904   0x00000020   Zero   RW         2123    .bss                app_button.o
    0x20002924   0x00000020   Zero   RW         2178    .bss                app_error.o
    0x20002944   0x00000058   Zero   RW         2539    .bss                fstorage.o
    0x2000299c   0x0000041b   Zero   RW         2653    .bss                nrf_log.o
    0x20002db7   0x00000410   Zero   RW         2919    .bss                segger_rtt.o
    0x200031c7   0x00000001   PAD
    0x200031c8   0x00000800   Zero   RW         3026    STACK               arm_startup_nrf51.o


==============================================================================

Image component sizes


      Code (inc. data)   RO Data    RW Data    ZI Data      Debug   Object Name

       484         78          8         20         32       9154   app_button.o
       172         12          0          0         32       4122   app_error.o
        26          0          0          0          0        762   app_error_weak.o
      2548        340          0         34          0      38447   app_timer.o
        56         18        192          0       2048        732   arm_startup_nrf51.o
      2206          4          0          0          0      24788   ble_advdata.o
      1692        168          0         32        259      18469   ble_advertising.o
       766        126          4         21         60      19304   ble_conn_params.o
      2202        184         60         25        108      19469   bsp.o
       490         20          0          8          0       6541   bsp_btn_ble.o
      4170        308        128         20        335      33545   device_manager_peripheral.o
        24          4          0          0         88       3464   fstorage.o
      1980        414          8          6        528      96335   main.o
       440        176       1486        180          0       2420   msgs.o
       176         18          0          0          0       9280   nrf_drv_common.o
      1526        114          0          0         72      25880   nrf_drv_gpiote.o
       690         38          0          0         28      16155   nrf_drv_uart.o
       132         30          0          4       1051       4585   nrf_log.o
       276        144         16          0          0      38835   our_service.o
      4308        438         40         40        228      48270   pstorage.o
       572         18          9        121       1040       6090   segger_rtt.o
      1172          4         16          0          0       6133   segger_rtt_printf.o
      1124        350         87         32          0      25357   softdevice_handler.o
       348         38          0          4          0       2767   system_nrf51.o

    ----------------------------------------------------------------------
     27640       3044       2092        560       5912     460904   Object Totals
         0          0         32          0          0          0   (incl. Generated)
        60          0          6         13          3          0   (incl. Padding)

    ----------------------------------------------------------------------

      Code (inc. data)   RO Data    RW Data    ZI Data      Debug   Library Member Name

        86          0          0          0          0          0   __dczerorl2.o
         0          0          0          0          0          0   entry.o
         0          0          0          0          0          0   entry10a.o
         0          0          0          0          0          0   entry11a.o
         8          4          0          0          0          0   entry2.o
         4          0          0          0          0          0   entry5.o
         0          0          0          0          0          0   entry7b.o
         0          0          0          0          0          0   entry8b.o
         8          4          0          0          0          0   entry9a.o
        30          0          0          0          0          0   handlers.o
        40          0          0          0          0         72   idiv.o
        36          8          0          0          0         68   init.o
         0          0          0          0          0          0   iusefp.o
        32          0          0          0          0         68   llshl.o
        34          0          0          0          0         68   llushr.o
        26          0          0          0          0         72   memcmp.o
        36          0          0          0          0         60   memcpya.o
        36          0          0          0          0        100   memseta.o
        44          0          0          0          0         72   uidiv.o
       236          0          0          0          0        216   depilogue.o
        60         10          0          0          0         68   dfixui.o
        28          4          0          0          0         68   dfltui.o
       208          6          0          0          0         88   dmul.o

    ----------------------------------------------------------------------
       956         36          0          0          0       1020   Library Totals
         4          0          0          0          0          0   (incl. Padding)

    ----------------------------------------------------------------------

      Code (inc. data)   RO Data    RW Data    ZI Data      Debug   Library Name

       420         16          0          0          0        580   mc_p.l
       532         20          0          0          0        440   mf_p.l

    ----------------------------------------------------------------------
       956         36          0          0          0       1020   Library Totals

    ----------------------------------------------------------------------

==============================================================================


      Code (inc. data)   RO Data    RW Data    ZI Data      Debug   

     28596       3080       2092        560       5912     449996   Grand Totals
     28596       3080       2092        188       5912     449996   ELF Image Totals (compressed)
     28596       3080       2092        188          0          0   ROM Totals

==============================================================================

    Total RO  Size (Code + RO Data)                30688 (  29.97kB)
    Total RW  Size (RW Data + ZI Data)              6472 (   6.32kB)
    Total ROM Size (Code + RO Data + RW Data)      30876 (  30.15kB)

==============================================================================

